
*** Running vivado
    with args -log design_1_wrapper.vdi -applog -m64 -product Vivado -messageDb vivado.pb -mode batch -source design_1_wrapper.tcl -notrace


****** Vivado v2024.2 (64-bit)
  **** SW Build 5239630 on Fri Nov 08 22:34:34 MST 2024
  **** IP Build 5239520 on Sun Nov 10 16:12:51 MST 2024
  **** SharedData Build 5239561 on Fri Nov 08 14:39:27 MST 2024
  **** Start of session at: Sat Jan 18 00:40:31 2025
    ** Copyright 1986-2022 Xilinx, Inc. All Rights Reserved.
    ** Copyright 2022-2024 Advanced Micro Devices, Inc. All Rights Reserved.

source design_1_wrapper.tcl -notrace
INFO: [IP_Flow 19-234] Refreshing IP repositories
INFO: [IP_Flow 19-1704] No user IP repositories specified
INFO: [IP_Flow 19-2313] Loaded Vivado IP repository '/tools/Xilinx/Vivado/2024.2/data/ip'.
Command: link_design -top design_1_wrapper -part xc7s25csga225-1
Design is defaulting to srcset: sources_1
Design is defaulting to constrset: constrs_1
INFO: [Device 21-403] Loading part xc7s25csga225-1
INFO: [Project 1-454] Reading design checkpoint '/home/carbon/kambadur/Projects/Vivado/cmods7_and_axi_gpio/cmods7_and_axi_gpio.gen/sources_1/bd/design_1/ip/design_1_axi_gpio_0_0/design_1_axi_gpio_0_0.dcp' for cell 'design_1_i/axi_gpio_0'
INFO: [Project 1-454] Reading design checkpoint '/home/carbon/kambadur/Projects/Vivado/cmods7_and_axi_gpio/cmods7_and_axi_gpio.gen/sources_1/bd/design_1/ip/design_1_axi_gpio_1_0/design_1_axi_gpio_1_0.dcp' for cell 'design_1_i/axi_gpio_1'
INFO: [Project 1-454] Reading design checkpoint '/home/carbon/kambadur/Projects/Vivado/cmods7_and_axi_gpio/cmods7_and_axi_gpio.gen/sources_1/bd/design_1/ip/design_1_axi_smc_0/design_1_axi_smc_0.dcp' for cell 'design_1_i/axi_smc'
INFO: [Project 1-454] Reading design checkpoint '/home/carbon/kambadur/Projects/Vivado/cmods7_and_axi_gpio/cmods7_and_axi_gpio.gen/sources_1/bd/design_1/ip/design_1_clk_wiz_1_0/design_1_clk_wiz_1_0.dcp' for cell 'design_1_i/clk_wiz_1'
INFO: [Project 1-454] Reading design checkpoint '/home/carbon/kambadur/Projects/Vivado/cmods7_and_axi_gpio/cmods7_and_axi_gpio.gen/sources_1/bd/design_1/ip/design_1_mdm_1_0/design_1_mdm_1_0.dcp' for cell 'design_1_i/mdm_1'
INFO: [Project 1-454] Reading design checkpoint '/home/carbon/kambadur/Projects/Vivado/cmods7_and_axi_gpio/cmods7_and_axi_gpio.gen/sources_1/bd/design_1/ip/design_1_microblaze_0_0/design_1_microblaze_0_0.dcp' for cell 'design_1_i/microblaze_0'
INFO: [Project 1-454] Reading design checkpoint '/home/carbon/kambadur/Projects/Vivado/cmods7_and_axi_gpio/cmods7_and_axi_gpio.gen/sources_1/bd/design_1/ip/design_1_rst_clk_wiz_1_100M_0/design_1_rst_clk_wiz_1_100M_0.dcp' for cell 'design_1_i/rst_clk_wiz_1_100M'
INFO: [Project 1-454] Reading design checkpoint '/home/carbon/kambadur/Projects/Vivado/cmods7_and_axi_gpio/cmods7_and_axi_gpio.gen/sources_1/bd/design_1/ip/design_1_top_0_0/design_1_top_0_0.dcp' for cell 'design_1_i/top_0'
INFO: [Project 1-454] Reading design checkpoint '/home/carbon/kambadur/Projects/Vivado/cmods7_and_axi_gpio/cmods7_and_axi_gpio.gen/sources_1/bd/design_1/ip/design_1_dlmb_bram_if_cntlr_0/design_1_dlmb_bram_if_cntlr_0.dcp' for cell 'design_1_i/microblaze_0_local_memory/dlmb_bram_if_cntlr'
INFO: [Project 1-454] Reading design checkpoint '/home/carbon/kambadur/Projects/Vivado/cmods7_and_axi_gpio/cmods7_and_axi_gpio.gen/sources_1/bd/design_1/ip/design_1_dlmb_v10_0/design_1_dlmb_v10_0.dcp' for cell 'design_1_i/microblaze_0_local_memory/dlmb_v10'
INFO: [Project 1-454] Reading design checkpoint '/home/carbon/kambadur/Projects/Vivado/cmods7_and_axi_gpio/cmods7_and_axi_gpio.gen/sources_1/bd/design_1/ip/design_1_ilmb_bram_if_cntlr_0/design_1_ilmb_bram_if_cntlr_0.dcp' for cell 'design_1_i/microblaze_0_local_memory/ilmb_bram_if_cntlr'
INFO: [Project 1-454] Reading design checkpoint '/home/carbon/kambadur/Projects/Vivado/cmods7_and_axi_gpio/cmods7_and_axi_gpio.gen/sources_1/bd/design_1/ip/design_1_ilmb_v10_0/design_1_ilmb_v10_0.dcp' for cell 'design_1_i/microblaze_0_local_memory/ilmb_v10'
INFO: [Project 1-454] Reading design checkpoint '/home/carbon/kambadur/Projects/Vivado/cmods7_and_axi_gpio/cmods7_and_axi_gpio.gen/sources_1/bd/design_1/ip/design_1_lmb_bram_0/design_1_lmb_bram_0.dcp' for cell 'design_1_i/microblaze_0_local_memory/lmb_bram'
Netlist sorting complete. Time (s): cpu = 00:00:00.18 ; elapsed = 00:00:00.19 . Memory (MB): peak = 1544.918 ; gain = 0.000 ; free physical = 1148 ; free virtual = 9274
INFO: [Netlist 29-17] Analyzing 260 Unisim elements for replacement
INFO: [Netlist 29-28] Unisim Transformation completed in 0 CPU seconds
INFO: [Project 1-479] Netlist was created with Vivado 2024.2
INFO: [Project 1-570] Preparing netlist for logic optimization
Parsing XDC File [/home/carbon/kambadur/Projects/Vivado/cmods7_and_axi_gpio/cmods7_and_axi_gpio.gen/sources_1/bd/design_1/ip/design_1_microblaze_0_0/design_1_microblaze_0_0.xdc] for cell 'design_1_i/microblaze_0/U0'
Finished Parsing XDC File [/home/carbon/kambadur/Projects/Vivado/cmods7_and_axi_gpio/cmods7_and_axi_gpio.gen/sources_1/bd/design_1/ip/design_1_microblaze_0_0/design_1_microblaze_0_0.xdc] for cell 'design_1_i/microblaze_0/U0'
Parsing XDC File [/home/carbon/kambadur/Projects/Vivado/cmods7_and_axi_gpio/cmods7_and_axi_gpio.gen/sources_1/bd/design_1/ip/design_1_axi_gpio_0_0/design_1_axi_gpio_0_0_board.xdc] for cell 'design_1_i/axi_gpio_0/U0'
Finished Parsing XDC File [/home/carbon/kambadur/Projects/Vivado/cmods7_and_axi_gpio/cmods7_and_axi_gpio.gen/sources_1/bd/design_1/ip/design_1_axi_gpio_0_0/design_1_axi_gpio_0_0_board.xdc] for cell 'design_1_i/axi_gpio_0/U0'
Parsing XDC File [/home/carbon/kambadur/Projects/Vivado/cmods7_and_axi_gpio/cmods7_and_axi_gpio.gen/sources_1/bd/design_1/ip/design_1_axi_gpio_0_0/design_1_axi_gpio_0_0.xdc] for cell 'design_1_i/axi_gpio_0/U0'
Finished Parsing XDC File [/home/carbon/kambadur/Projects/Vivado/cmods7_and_axi_gpio/cmods7_and_axi_gpio.gen/sources_1/bd/design_1/ip/design_1_axi_gpio_0_0/design_1_axi_gpio_0_0.xdc] for cell 'design_1_i/axi_gpio_0/U0'
Parsing XDC File [/home/carbon/kambadur/Projects/Vivado/cmods7_and_axi_gpio/cmods7_and_axi_gpio.gen/sources_1/bd/design_1/ip/design_1_axi_gpio_1_0/design_1_axi_gpio_1_0_board.xdc] for cell 'design_1_i/axi_gpio_1/U0'
Finished Parsing XDC File [/home/carbon/kambadur/Projects/Vivado/cmods7_and_axi_gpio/cmods7_and_axi_gpio.gen/sources_1/bd/design_1/ip/design_1_axi_gpio_1_0/design_1_axi_gpio_1_0_board.xdc] for cell 'design_1_i/axi_gpio_1/U0'
Parsing XDC File [/home/carbon/kambadur/Projects/Vivado/cmods7_and_axi_gpio/cmods7_and_axi_gpio.gen/sources_1/bd/design_1/ip/design_1_axi_gpio_1_0/design_1_axi_gpio_1_0.xdc] for cell 'design_1_i/axi_gpio_1/U0'
Finished Parsing XDC File [/home/carbon/kambadur/Projects/Vivado/cmods7_and_axi_gpio/cmods7_and_axi_gpio.gen/sources_1/bd/design_1/ip/design_1_axi_gpio_1_0/design_1_axi_gpio_1_0.xdc] for cell 'design_1_i/axi_gpio_1/U0'
Parsing XDC File [/home/carbon/kambadur/Projects/Vivado/cmods7_and_axi_gpio/cmods7_and_axi_gpio.gen/sources_1/bd/design_1/ip/design_1_clk_wiz_1_0/design_1_clk_wiz_1_0_board.xdc] for cell 'design_1_i/clk_wiz_1/inst'
Finished Parsing XDC File [/home/carbon/kambadur/Projects/Vivado/cmods7_and_axi_gpio/cmods7_and_axi_gpio.gen/sources_1/bd/design_1/ip/design_1_clk_wiz_1_0/design_1_clk_wiz_1_0_board.xdc] for cell 'design_1_i/clk_wiz_1/inst'
Parsing XDC File [/home/carbon/kambadur/Projects/Vivado/cmods7_and_axi_gpio/cmods7_and_axi_gpio.gen/sources_1/bd/design_1/ip/design_1_clk_wiz_1_0/design_1_clk_wiz_1_0.xdc] for cell 'design_1_i/clk_wiz_1/inst'
INFO: [Timing 38-35] Done setting XDC timing constraints. [/home/carbon/kambadur/Projects/Vivado/cmods7_and_axi_gpio/cmods7_and_axi_gpio.gen/sources_1/bd/design_1/ip/design_1_clk_wiz_1_0/design_1_clk_wiz_1_0.xdc:54]
INFO: [Timing 38-2] Deriving generated clocks [/home/carbon/kambadur/Projects/Vivado/cmods7_and_axi_gpio/cmods7_and_axi_gpio.gen/sources_1/bd/design_1/ip/design_1_clk_wiz_1_0/design_1_clk_wiz_1_0.xdc:54]
get_clocks: Time (s): cpu = 00:00:09 ; elapsed = 00:00:09 . Memory (MB): peak = 2202.188 ; gain = 421.680 ; free physical = 649 ; free virtual = 8778
Finished Parsing XDC File [/home/carbon/kambadur/Projects/Vivado/cmods7_and_axi_gpio/cmods7_and_axi_gpio.gen/sources_1/bd/design_1/ip/design_1_clk_wiz_1_0/design_1_clk_wiz_1_0.xdc] for cell 'design_1_i/clk_wiz_1/inst'
Parsing XDC File [/home/carbon/kambadur/Projects/Vivado/cmods7_and_axi_gpio/cmods7_and_axi_gpio.gen/sources_1/bd/design_1/ip/design_1_rst_clk_wiz_1_100M_0/design_1_rst_clk_wiz_1_100M_0_board.xdc] for cell 'design_1_i/rst_clk_wiz_1_100M/U0'
Finished Parsing XDC File [/home/carbon/kambadur/Projects/Vivado/cmods7_and_axi_gpio/cmods7_and_axi_gpio.gen/sources_1/bd/design_1/ip/design_1_rst_clk_wiz_1_100M_0/design_1_rst_clk_wiz_1_100M_0_board.xdc] for cell 'design_1_i/rst_clk_wiz_1_100M/U0'
Parsing XDC File [/home/carbon/kambadur/Projects/Vivado/cmods7_and_axi_gpio/cmods7_and_axi_gpio.gen/sources_1/bd/design_1/ip/design_1_rst_clk_wiz_1_100M_0/design_1_rst_clk_wiz_1_100M_0.xdc] for cell 'design_1_i/rst_clk_wiz_1_100M/U0'
Finished Parsing XDC File [/home/carbon/kambadur/Projects/Vivado/cmods7_and_axi_gpio/cmods7_and_axi_gpio.gen/sources_1/bd/design_1/ip/design_1_rst_clk_wiz_1_100M_0/design_1_rst_clk_wiz_1_100M_0.xdc] for cell 'design_1_i/rst_clk_wiz_1_100M/U0'
Parsing XDC File [/home/carbon/kambadur/Projects/Vivado/cmods7_and_axi_gpio/cmods7_and_axi_gpio.gen/sources_1/bd/design_1/ip/design_1_axi_smc_0/bd_0/ip/ip_1/bd_afc3_psr_aclk_0_board.xdc] for cell 'design_1_i/axi_smc/inst/clk_map/psr_aclk/U0'
Finished Parsing XDC File [/home/carbon/kambadur/Projects/Vivado/cmods7_and_axi_gpio/cmods7_and_axi_gpio.gen/sources_1/bd/design_1/ip/design_1_axi_smc_0/bd_0/ip/ip_1/bd_afc3_psr_aclk_0_board.xdc] for cell 'design_1_i/axi_smc/inst/clk_map/psr_aclk/U0'
Parsing XDC File [/home/carbon/kambadur/Projects/Vivado/cmods7_and_axi_gpio/cmods7_and_axi_gpio.gen/sources_1/bd/design_1/ip/design_1_axi_smc_0/bd_0/ip/ip_1/bd_afc3_psr_aclk_0.xdc] for cell 'design_1_i/axi_smc/inst/clk_map/psr_aclk/U0'
Finished Parsing XDC File [/home/carbon/kambadur/Projects/Vivado/cmods7_and_axi_gpio/cmods7_and_axi_gpio.gen/sources_1/bd/design_1/ip/design_1_axi_smc_0/bd_0/ip/ip_1/bd_afc3_psr_aclk_0.xdc] for cell 'design_1_i/axi_smc/inst/clk_map/psr_aclk/U0'
Parsing XDC File [/home/carbon/kambadur/Projects/Vivado/cmods7_and_axi_gpio/cmods7_and_axi_gpio.gen/sources_1/bd/design_1/ip/design_1_axi_smc_0/smartconnect.xdc] for cell 'design_1_i/axi_smc/inst'
Finished Parsing XDC File [/home/carbon/kambadur/Projects/Vivado/cmods7_and_axi_gpio/cmods7_and_axi_gpio.gen/sources_1/bd/design_1/ip/design_1_axi_smc_0/smartconnect.xdc] for cell 'design_1_i/axi_smc/inst'
Parsing XDC File [/home/carbon/kambadur/Projects/Vivado/cmods7_and_axi_gpio/cmods7_and_axi_gpio.srcs/constrs_1/new/cmods7.xdc]
WARNING: [Vivado 12-584] No ports matched 'led0'. [/home/carbon/kambadur/Projects/Vivado/cmods7_and_axi_gpio/cmods7_and_axi_gpio.srcs/constrs_1/new/cmods7.xdc:14]
CRITICAL WARNING: [Common 17-55] 'set_property' expects at least one object. [/home/carbon/kambadur/Projects/Vivado/cmods7_and_axi_gpio/cmods7_and_axi_gpio.srcs/constrs_1/new/cmods7.xdc:14]
Resolution: If [get_<value>] was used to populate the object, check to make sure this command returns at least one valid object.
Finished Parsing XDC File [/home/carbon/kambadur/Projects/Vivado/cmods7_and_axi_gpio/cmods7_and_axi_gpio.srcs/constrs_1/new/cmods7.xdc]
Parsing XDC File [/home/carbon/kambadur/Projects/Vivado/cmods7_and_axi_gpio/cmods7_and_axi_gpio.gen/sources_1/bd/design_1/ip/design_1_mdm_1_0/design_1_mdm_1_0.xdc] for cell 'design_1_i/mdm_1/U0'
Finished Parsing XDC File [/home/carbon/kambadur/Projects/Vivado/cmods7_and_axi_gpio/cmods7_and_axi_gpio.gen/sources_1/bd/design_1/ip/design_1_mdm_1_0/design_1_mdm_1_0.xdc] for cell 'design_1_i/mdm_1/U0'
INFO: [Project 1-1714] 45 XPM XDC files have been applied to the design.
INFO: [Opt 31-138] Pushed 0 inverter(s) to 0 load pin(s).
Generating merged BMM file for the design top 'design_1_wrapper'...
INFO: [Memdata 28-144] Successfully populated the BRAM INIT strings from the following elf files: /home/carbon/kambadur/Projects/Vivado/cmods7_and_axi_gpio/cmods7_and_axi_gpio.gen/sources_1/bd/design_1/ip/design_1_microblaze_0_0/data/mb_bootloop_le.elf 
Netlist sorting complete. Time (s): cpu = 00:00:00 ; elapsed = 00:00:00.01 . Memory (MB): peak = 2202.188 ; gain = 0.000 ; free physical = 644 ; free virtual = 8772
INFO: [Project 1-111] Unisim Transformation Summary:
  A total of 96 instances were transformed.
  LUT6_2 => LUT6_2 (LUT5, LUT6): 80 instances
  RAM32M => RAM32M (RAMD32(x6), RAMS32(x2)): 16 instances

27 Infos, 1 Warnings, 1 Critical Warnings and 0 Errors encountered.
link_design completed successfully
link_design: Time (s): cpu = 00:00:17 ; elapsed = 00:00:18 . Memory (MB): peak = 2202.188 ; gain = 824.207 ; free physical = 644 ; free virtual = 8772
Command: opt_design
Attempting to get a license for feature 'Implementation' and/or device 'xc7s25'
INFO: [Common 17-349] Got license for feature 'Implementation' and/or device 'xc7s25'
Running DRC as a precondition to command opt_design

Starting DRC Task
INFO: [DRC 23-27] Running DRC with 4 threads
INFO: [Project 1-461] DRC finished with 0 Errors
INFO: [Project 1-462] Please refer to the DRC report (report_drc) for more information.

Time (s): cpu = 00:00:03 ; elapsed = 00:00:01 . Memory (MB): peak = 2202.188 ; gain = 0.000 ; free physical = 606 ; free virtual = 8743

Starting Cache Timing Information Task
INFO: [Timing 38-35] Done setting XDC timing constraints.
Ending Cache Timing Information Task | Checksum: 26d5e76a7

Time (s): cpu = 00:00:00.45 ; elapsed = 00:00:00.3 . Memory (MB): peak = 2235.000 ; gain = 32.812 ; free physical = 585 ; free virtual = 8721

Starting Logic Optimization Task

Phase 1 Initialization

Phase 1.1 Core Generation And Design Setup
Phase 1.1 Core Generation And Design Setup | Checksum: 26d5e76a7

Time (s): cpu = 00:00:00.03 ; elapsed = 00:00:00.02 . Memory (MB): peak = 2571.984 ; gain = 0.000 ; free physical = 172 ; free virtual = 8422

Phase 1.2 Setup Constraints And Sort Netlist
Phase 1.2 Setup Constraints And Sort Netlist | Checksum: 26d5e76a7

Time (s): cpu = 00:00:00.03 ; elapsed = 00:00:00.03 . Memory (MB): peak = 2571.984 ; gain = 0.000 ; free physical = 172 ; free virtual = 8422
Phase 1 Initialization | Checksum: 26d5e76a7

Time (s): cpu = 00:00:00.03 ; elapsed = 00:00:00.03 . Memory (MB): peak = 2571.984 ; gain = 0.000 ; free physical = 172 ; free virtual = 8422

Phase 2 Timer Update And Timing Data Collection

Phase 2.1 Timer Update
Phase 2.1 Timer Update | Checksum: 26d5e76a7

Time (s): cpu = 00:00:00.26 ; elapsed = 00:00:00.18 . Memory (MB): peak = 2571.984 ; gain = 0.000 ; free physical = 171 ; free virtual = 8422

Phase 2.2 Timing Data Collection
Phase 2.2 Timing Data Collection | Checksum: 26d5e76a7

Time (s): cpu = 00:00:00.29 ; elapsed = 00:00:00.21 . Memory (MB): peak = 2571.984 ; gain = 0.000 ; free physical = 168 ; free virtual = 8420
Phase 2 Timer Update And Timing Data Collection | Checksum: 26d5e76a7

Time (s): cpu = 00:00:00.29 ; elapsed = 00:00:00.22 . Memory (MB): peak = 2571.984 ; gain = 0.000 ; free physical = 168 ; free virtual = 8419

Phase 3 Retarget
INFO: [Opt 31-1851] Number of loadless carry chains removed were: 0
INFO: [Opt 31-1834] Total Chains To Be Transformed Were: 0 AND Number of Transformed insts Created are: 0
INFO: [Opt 31-1566] Pulled 1 inverters resulting in an inversion of 14 pins
INFO: [Opt 31-138] Pushed 6 inverter(s) to 10 load pin(s).
INFO: [Opt 31-49] Retargeted 0 cell(s).
Phase 3 Retarget | Checksum: 2604e4d7a

Time (s): cpu = 00:00:00.59 ; elapsed = 00:00:00.58 . Memory (MB): peak = 2571.984 ; gain = 0.000 ; free physical = 246 ; free virtual = 8436
Retarget | Checksum: 2604e4d7a
INFO: [Opt 31-389] Phase Retarget created 27 cells and removed 55 cells
INFO: [Opt 31-1021] In phase Retarget, 82 netlist objects are constrained preventing optimization. Please run opt_design with -debug_log to get more detail. 

Phase 4 Constant propagation
INFO: [Opt 31-138] Pushed 0 inverter(s) to 0 load pin(s).
Phase 4 Constant propagation | Checksum: 2d3ac9b75

Time (s): cpu = 00:00:00.68 ; elapsed = 00:00:00.69 . Memory (MB): peak = 2571.984 ; gain = 0.000 ; free physical = 228 ; free virtual = 8425
Constant propagation | Checksum: 2d3ac9b75
INFO: [Opt 31-389] Phase Constant propagation created 9 cells and removed 60 cells
INFO: [Opt 31-1021] In phase Constant propagation, 81 netlist objects are constrained preventing optimization. Please run opt_design with -debug_log to get more detail. 

Phase 5 Sweep
INFO: [Constraints 18-11670] Building netlist checker database with flags, 0x8
Done building netlist checker database: Time (s): cpu = 00:00:00 ; elapsed = 00:00:00.01 . Memory (MB): peak = 2571.984 ; gain = 0.000 ; free physical = 188 ; free virtual = 8432
INFO: [Constraints 18-11670] Building netlist checker database with flags, 0x8
Done building netlist checker database: Time (s): cpu = 00:00:00.01 ; elapsed = 00:00:00 . Memory (MB): peak = 2571.984 ; gain = 0.000 ; free physical = 179 ; free virtual = 8435
Phase 5 Sweep | Checksum: 2ee62f738

Time (s): cpu = 00:00:02 ; elapsed = 00:00:02 . Memory (MB): peak = 2571.984 ; gain = 0.000 ; free physical = 175 ; free virtual = 8434
Sweep | Checksum: 2ee62f738
INFO: [Opt 31-389] Phase Sweep created 0 cells and removed 269 cells
INFO: [Opt 31-1021] In phase Sweep, 101 netlist objects are constrained preventing optimization. Please run opt_design with -debug_log to get more detail. 

Phase 6 BUFG optimization
INFO: [Opt 31-194] Inserted BUFG design_1_i/mdm_1/U0/Use_E2.BSCAN_I/Dbg_Update_0_BUFG_inst to drive 39 load(s) on clock net design_1_i/mdm_1/U0/Use_E2.BSCAN_I/Dbg_Update_0_BUFG
INFO: [Opt 31-193] Inserted 1 BUFG(s) on clock nets
Phase 6 BUFG optimization | Checksum: 31d08705c

Time (s): cpu = 00:00:02 ; elapsed = 00:00:02 . Memory (MB): peak = 2604.000 ; gain = 32.016 ; free physical = 210 ; free virtual = 8430
BUFG optimization | Checksum: 31d08705c
INFO: [Opt 31-662] Phase BUFG optimization created 1 cells of which 1 are BUFGs and removed 0 cells.

Phase 7 Shift Register Optimization
INFO: [Opt 31-1064] SRL Remap converted 0 SRLs to 0 registers and converted 0 registers of register chains to 0 SRLs
Phase 7 Shift Register Optimization | Checksum: 31d08705c

Time (s): cpu = 00:00:02 ; elapsed = 00:00:02 . Memory (MB): peak = 2604.000 ; gain = 32.016 ; free physical = 209 ; free virtual = 8429
Shift Register Optimization | Checksum: 31d08705c
INFO: [Opt 31-389] Phase Shift Register Optimization created 0 cells and removed 0 cells

Phase 8 Post Processing Netlist
Phase 8 Post Processing Netlist | Checksum: 31d08705c

Time (s): cpu = 00:00:02 ; elapsed = 00:00:03 . Memory (MB): peak = 2604.000 ; gain = 32.016 ; free physical = 209 ; free virtual = 8430
Post Processing Netlist | Checksum: 31d08705c
INFO: [Opt 31-389] Phase Post Processing Netlist created 0 cells and removed 0 cells
INFO: [Opt 31-1021] In phase Post Processing Netlist, 96 netlist objects are constrained preventing optimization. Please run opt_design with -debug_log to get more detail. 

Phase 9 Finalization

Phase 9.1 Finalizing Design Cores and Updating Shapes
Phase 9.1 Finalizing Design Cores and Updating Shapes | Checksum: 268991d76

Time (s): cpu = 00:00:03 ; elapsed = 00:00:03 . Memory (MB): peak = 2604.000 ; gain = 32.016 ; free physical = 180 ; free virtual = 8402

Phase 9.2 Verifying Netlist Connectivity

Starting Connectivity Check Task

Time (s): cpu = 00:00:00.02 ; elapsed = 00:00:00.02 . Memory (MB): peak = 2604.000 ; gain = 0.000 ; free physical = 180 ; free virtual = 8402
Phase 9.2 Verifying Netlist Connectivity | Checksum: 268991d76

Time (s): cpu = 00:00:03 ; elapsed = 00:00:03 . Memory (MB): peak = 2604.000 ; gain = 32.016 ; free physical = 180 ; free virtual = 8402
Phase 9 Finalization | Checksum: 268991d76

Time (s): cpu = 00:00:03 ; elapsed = 00:00:03 . Memory (MB): peak = 2604.000 ; gain = 32.016 ; free physical = 179 ; free virtual = 8401
Opt_design Change Summary
=========================


-------------------------------------------------------------------------------------------------------------------------
|  Phase                        |  #Cells created  |  #Cells Removed  |  #Constrained objects preventing optimizations  |
-------------------------------------------------------------------------------------------------------------------------
|  Retarget                     |              27  |              55  |                                             82  |
|  Constant propagation         |               9  |              60  |                                             81  |
|  Sweep                        |               0  |             269  |                                            101  |
|  BUFG optimization            |               1  |               0  |                                              0  |
|  Shift Register Optimization  |               0  |               0  |                                              0  |
|  Post Processing Netlist      |               0  |               0  |                                             96  |
-------------------------------------------------------------------------------------------------------------------------


Ending Logic Optimization Task | Checksum: 268991d76

Time (s): cpu = 00:00:03 ; elapsed = 00:00:03 . Memory (MB): peak = 2604.000 ; gain = 32.016 ; free physical = 179 ; free virtual = 8401

Starting Power Optimization Task
INFO: [Pwropt 34-132] Skipping clock gating for clocks with a period < 2.00 ns.
INFO: [Timing 38-35] Done setting XDC timing constraints.
Running Vector-less Activity Propagation...
INFO: [Pwropt 34-9] Applying IDT optimizations ...
INFO: [Pwropt 34-10] Applying ODC optimizations ...

Finished Running Vector-less Activity Propagation


Starting PowerOpt Patch Enables Task
INFO: [Pwropt 34-162] WRITE_MODE attribute of 0 BRAM(s) out of a total of 16 has been updated to save power. Run report_power_opt to get a complete listing of the BRAMs updated.
INFO: [Pwropt 34-201] Structural ODC has moved 0 WE to EN ports
Number of BRAM Ports augmented: 16 newly gated: 0 Total Ports: 32
Ending PowerOpt Patch Enables Task | Checksum: 1f15ee4fd

Time (s): cpu = 00:00:00.17 ; elapsed = 00:00:00.17 . Memory (MB): peak = 2855.883 ; gain = 0.000 ; free physical = 189 ; free virtual = 8254
Ending Power Optimization Task | Checksum: 1f15ee4fd

Time (s): cpu = 00:00:04 ; elapsed = 00:00:03 . Memory (MB): peak = 2855.883 ; gain = 251.883 ; free physical = 189 ; free virtual = 8258

Starting Final Cleanup Task

Starting Logic Optimization Task
INFO: [Timing 38-35] Done setting XDC timing constraints.
Ending Logic Optimization Task | Checksum: 28920f68a

Time (s): cpu = 00:00:00.93 ; elapsed = 00:00:00.74 . Memory (MB): peak = 2855.883 ; gain = 0.000 ; free physical = 308 ; free virtual = 8236
Ending Final Cleanup Task | Checksum: 28920f68a

Time (s): cpu = 00:00:06 ; elapsed = 00:00:06 . Memory (MB): peak = 2855.883 ; gain = 0.000 ; free physical = 308 ; free virtual = 8236

Starting Netlist Obfuscation Task
Netlist sorting complete. Time (s): cpu = 00:00:00 ; elapsed = 00:00:00 . Memory (MB): peak = 2855.883 ; gain = 0.000 ; free physical = 308 ; free virtual = 8236
Ending Netlist Obfuscation Task | Checksum: 28920f68a

Time (s): cpu = 00:00:00 ; elapsed = 00:00:00 . Memory (MB): peak = 2855.883 ; gain = 0.000 ; free physical = 308 ; free virtual = 8235
INFO: [Common 17-83] Releasing license: Implementation
61 Infos, 1 Warnings, 1 Critical Warnings and 0 Errors encountered.
opt_design completed successfully
opt_design: Time (s): cpu = 00:00:21 ; elapsed = 00:00:19 . Memory (MB): peak = 2855.883 ; gain = 653.695 ; free physical = 308 ; free virtual = 8235
INFO: [Vivado 12-24828] Executing command : report_drc -file design_1_wrapper_drc_opted.rpt -pb design_1_wrapper_drc_opted.pb -rpx design_1_wrapper_drc_opted.rpx
Command: report_drc -file design_1_wrapper_drc_opted.rpt -pb design_1_wrapper_drc_opted.pb -rpx design_1_wrapper_drc_opted.rpx
INFO: [IP_Flow 19-1839] IP Catalog is up to date.
INFO: [DRC 23-27] Running DRC with 4 threads
INFO: [Vivado_Tcl 2-168] The results of DRC are in file /home/carbon/kambadur/Projects/Vivado/cmods7_and_axi_gpio/cmods7_and_axi_gpio.runs/impl_1/design_1_wrapper_drc_opted.rpt.
report_drc completed successfully
INFO: [Timing 38-35] Done setting XDC timing constraints.
INFO: [Timing 38-480] Writing timing data to binary archive.
Wrote PlaceDB: Time (s): cpu = 00:00:00 ; elapsed = 00:00:00 . Memory (MB): peak = 2855.883 ; gain = 0.000 ; free physical = 392 ; free virtual = 8285
Wrote PulsedLatchDB: Time (s): cpu = 00:00:00 ; elapsed = 00:00:00 . Memory (MB): peak = 2855.883 ; gain = 0.000 ; free physical = 392 ; free virtual = 8285
Writing XDEF routing.
Write ShapeDB Complete: Time (s): cpu = 00:00:00.03 ; elapsed = 00:00:00.01 . Memory (MB): peak = 2855.883 ; gain = 0.000 ; free physical = 392 ; free virtual = 8286
Writing XDEF routing logical nets.
Writing XDEF routing special nets.
Wrote RouteStorage: Time (s): cpu = 00:00:00.1 ; elapsed = 00:00:00.03 . Memory (MB): peak = 2855.883 ; gain = 0.000 ; free physical = 392 ; free virtual = 8285
Wrote Netlist Cache: Time (s): cpu = 00:00:00 ; elapsed = 00:00:00 . Memory (MB): peak = 2855.883 ; gain = 0.000 ; free physical = 392 ; free virtual = 8285
Wrote Device Cache: Time (s): cpu = 00:00:00.03 ; elapsed = 00:00:00.01 . Memory (MB): peak = 2855.883 ; gain = 0.000 ; free physical = 395 ; free virtual = 8289
Write Physdb Complete: Time (s): cpu = 00:00:00.15 ; elapsed = 00:00:00.05 . Memory (MB): peak = 2855.883 ; gain = 0.000 ; free physical = 394 ; free virtual = 8288
INFO: [Common 17-1381] The checkpoint '/home/carbon/kambadur/Projects/Vivado/cmods7_and_axi_gpio/cmods7_and_axi_gpio.runs/impl_1/design_1_wrapper_opt.dcp' has been generated.
Command: place_design
Attempting to get a license for feature 'Implementation' and/or device 'xc7s25'
INFO: [Common 17-349] Got license for feature 'Implementation' and/or device 'xc7s25'
INFO: [Common 17-83] Releasing license: Implementation
INFO: [DRC 23-27] Running DRC with 4 threads
INFO: [Vivado_Tcl 4-198] DRC finished with 0 Errors
INFO: [Vivado_Tcl 4-199] Please refer to the DRC report (report_drc) for more information.
Running DRC as a precondition to command place_design
INFO: [DRC 23-27] Running DRC with 4 threads
INFO: [Vivado_Tcl 4-198] DRC finished with 0 Errors
INFO: [Vivado_Tcl 4-199] Please refer to the DRC report (report_drc) for more information.
INFO: [Place 30-611] Multithreading enabled for place_design using a maximum of 8 CPUs

Starting Placer Task

Phase 1 Placer Initialization

Phase 1.1 Placer Initialization Netlist Sorting
Netlist sorting complete. Time (s): cpu = 00:00:00 ; elapsed = 00:00:00 . Memory (MB): peak = 2855.883 ; gain = 0.000 ; free physical = 362 ; free virtual = 8232
Phase 1.1 Placer Initialization Netlist Sorting | Checksum: 21d8c65a7

Time (s): cpu = 00:00:00.01 ; elapsed = 00:00:00 . Memory (MB): peak = 2855.883 ; gain = 0.000 ; free physical = 362 ; free virtual = 8232
Netlist sorting complete. Time (s): cpu = 00:00:00 ; elapsed = 00:00:00 . Memory (MB): peak = 2855.883 ; gain = 0.000 ; free physical = 362 ; free virtual = 8232

Phase 1.2 IO Placement/ Clock Placement/ Build Placer Device
Phase 1.2 IO Placement/ Clock Placement/ Build Placer Device | Checksum: 20a3f67b6

Time (s): cpu = 00:00:00.57 ; elapsed = 00:00:00.36 . Memory (MB): peak = 2855.883 ; gain = 0.000 ; free physical = 389 ; free virtual = 8259

Phase 1.3 Build Placer Netlist Model
Phase 1.3 Build Placer Netlist Model | Checksum: 24251988a

Time (s): cpu = 00:00:02 ; elapsed = 00:00:01 . Memory (MB): peak = 2855.883 ; gain = 0.000 ; free physical = 398 ; free virtual = 8268

Phase 1.4 Constrain Clocks/Macros
Phase 1.4 Constrain Clocks/Macros | Checksum: 24251988a

Time (s): cpu = 00:00:02 ; elapsed = 00:00:01 . Memory (MB): peak = 2855.883 ; gain = 0.000 ; free physical = 398 ; free virtual = 8268
Phase 1 Placer Initialization | Checksum: 24251988a

Time (s): cpu = 00:00:02 ; elapsed = 00:00:01 . Memory (MB): peak = 2855.883 ; gain = 0.000 ; free physical = 398 ; free virtual = 8268

Phase 2 Global Placement

Phase 2.1 Floorplanning
Phase 2.1 Floorplanning | Checksum: 21e54a7a3

Time (s): cpu = 00:00:03 ; elapsed = 00:00:02 . Memory (MB): peak = 2855.883 ; gain = 0.000 ; free physical = 417 ; free virtual = 8286

Phase 2.2 Update Timing before SLR Path Opt
Phase 2.2 Update Timing before SLR Path Opt | Checksum: 228d92862

Time (s): cpu = 00:00:03 ; elapsed = 00:00:02 . Memory (MB): peak = 2855.883 ; gain = 0.000 ; free physical = 416 ; free virtual = 8286

Phase 2.3 Post-Processing in Floorplanning
Phase 2.3 Post-Processing in Floorplanning | Checksum: 228d92862

Time (s): cpu = 00:00:03 ; elapsed = 00:00:02 . Memory (MB): peak = 2855.883 ; gain = 0.000 ; free physical = 416 ; free virtual = 8286

Phase 2.4 Global Place Phase1
Phase 2.4 Global Place Phase1 | Checksum: 1f3a881bb

Time (s): cpu = 00:00:07 ; elapsed = 00:00:04 . Memory (MB): peak = 2855.883 ; gain = 0.000 ; free physical = 393 ; free virtual = 8260

Phase 2.5 Global Place Phase2

Phase 2.5.1 UpdateTiming Before Physical Synthesis
Phase 2.5.1 UpdateTiming Before Physical Synthesis | Checksum: 1f3a881bb

Time (s): cpu = 00:00:07 ; elapsed = 00:00:04 . Memory (MB): peak = 2855.883 ; gain = 0.000 ; free physical = 401 ; free virtual = 8265

Phase 2.5.2 Physical Synthesis In Placer
INFO: [Physopt 32-1035] Found 0 LUTNM shape to break, 155 LUT instances to create LUTNM shape
INFO: [Physopt 32-1044] Break lutnm for timing: one critical 0, two critical 0, total 0, new lutff created 0
INFO: [Physopt 32-1138] End 1 Pass. Optimized 72 nets or LUTs. Breaked 0 LUT, combined 72 existing LUTs and moved 0 existing LUT
INFO: [Physopt 32-65] No nets found for high-fanout optimization.
INFO: [Physopt 32-232] Optimized 0 net. Created 0 new instance.
INFO: [Physopt 32-775] End 1 Pass. Optimized 0 net or cell. Created 0 new cell, deleted 0 existing cell and moved 0 existing cell
INFO: [Physopt 32-670] No setup violation found.  DSP Register Optimization was not performed.
INFO: [Physopt 32-670] No setup violation found.  Shift Register to Pipeline Optimization was not performed.
INFO: [Physopt 32-670] No setup violation found.  Shift Register Optimization was not performed.
INFO: [Physopt 32-670] No setup violation found.  BRAM Register Optimization was not performed.
INFO: [Physopt 32-670] No setup violation found.  URAM Register Optimization was not performed.
INFO: [Physopt 32-949] No candidate nets found for dynamic/static region interface net replication
INFO: [Physopt 32-775] End 1 Pass. Optimized 0 net or cell. Created 0 new cell, deleted 0 existing cell and moved 0 existing cell
Netlist sorting complete. Time (s): cpu = 00:00:00 ; elapsed = 00:00:00 . Memory (MB): peak = 2855.883 ; gain = 0.000 ; free physical = 385 ; free virtual = 8270

Summary of Physical Synthesis Optimizations
============================================


-----------------------------------------------------------------------------------------------------------------------------------------------------------
|  Optimization                                     |  Added Cells  |  Removed Cells  |  Optimized Cells/Nets  |  Dont Touch  |  Iterations  |  Elapsed   |
-----------------------------------------------------------------------------------------------------------------------------------------------------------
|  LUT Combining                                    |            0  |             72  |                    72  |           0  |           1  |  00:00:00  |
|  Retime                                           |            0  |              0  |                     0  |           0  |           1  |  00:00:00  |
|  Very High Fanout                                 |            0  |              0  |                     0  |           0  |           1  |  00:00:00  |
|  DSP Register                                     |            0  |              0  |                     0  |           0  |           0  |  00:00:00  |
|  Shift Register to Pipeline                       |            0  |              0  |                     0  |           0  |           0  |  00:00:00  |
|  Shift Register                                   |            0  |              0  |                     0  |           0  |           0  |  00:00:00  |
|  BRAM Register                                    |            0  |              0  |                     0  |           0  |           0  |  00:00:00  |
|  URAM Register                                    |            0  |              0  |                     0  |           0  |           0  |  00:00:00  |
|  Dynamic/Static Region Interface Net Replication  |            0  |              0  |                     0  |           0  |           1  |  00:00:00  |
|  Total                                            |            0  |             72  |                    72  |           0  |           4  |  00:00:00  |
-----------------------------------------------------------------------------------------------------------------------------------------------------------


Phase 2.5.2 Physical Synthesis In Placer | Checksum: 21a5e4a80

Time (s): cpu = 00:00:09 ; elapsed = 00:00:06 . Memory (MB): peak = 2855.883 ; gain = 0.000 ; free physical = 341 ; free virtual = 8251
Phase 2.5 Global Place Phase2 | Checksum: 28540a3e3

Time (s): cpu = 00:00:10 ; elapsed = 00:00:07 . Memory (MB): peak = 2855.883 ; gain = 0.000 ; free physical = 327 ; free virtual = 8252
Phase 2 Global Placement | Checksum: 28540a3e3

Time (s): cpu = 00:00:10 ; elapsed = 00:00:07 . Memory (MB): peak = 2855.883 ; gain = 0.000 ; free physical = 327 ; free virtual = 8243

Phase 3 Detail Placement

Phase 3.1 Commit Multi Column Macros
Phase 3.1 Commit Multi Column Macros | Checksum: 215c3dc74

Time (s): cpu = 00:00:11 ; elapsed = 00:00:07 . Memory (MB): peak = 2855.883 ; gain = 0.000 ; free physical = 326 ; free virtual = 8242

Phase 3.2 Commit Most Macros & LUTRAMs
Phase 3.2 Commit Most Macros & LUTRAMs | Checksum: 1e625b663

Time (s): cpu = 00:00:12 ; elapsed = 00:00:07 . Memory (MB): peak = 2855.883 ; gain = 0.000 ; free physical = 326 ; free virtual = 8242

Phase 3.3 Area Swap Optimization
Phase 3.3 Area Swap Optimization | Checksum: 2a28ae804

Time (s): cpu = 00:00:12 ; elapsed = 00:00:07 . Memory (MB): peak = 2855.883 ; gain = 0.000 ; free physical = 326 ; free virtual = 8242

Phase 3.4 Pipeline Register Optimization
Phase 3.4 Pipeline Register Optimization | Checksum: 1d0c8ec5d

Time (s): cpu = 00:00:12 ; elapsed = 00:00:08 . Memory (MB): peak = 2855.883 ; gain = 0.000 ; free physical = 326 ; free virtual = 8242

Phase 3.5 Small Shape Detail Placement
Phase 3.5 Small Shape Detail Placement | Checksum: 1b26f6e26

Time (s): cpu = 00:00:13 ; elapsed = 00:00:09 . Memory (MB): peak = 2855.883 ; gain = 0.000 ; free physical = 339 ; free virtual = 8246

Phase 3.6 Re-assign LUT pins
Phase 3.6 Re-assign LUT pins | Checksum: 15ddbb1c0

Time (s): cpu = 00:00:14 ; elapsed = 00:00:09 . Memory (MB): peak = 2855.883 ; gain = 0.000 ; free physical = 339 ; free virtual = 8246

Phase 3.7 Pipeline Register Optimization
Phase 3.7 Pipeline Register Optimization | Checksum: 19d6012cc

Time (s): cpu = 00:00:14 ; elapsed = 00:00:09 . Memory (MB): peak = 2855.883 ; gain = 0.000 ; free physical = 339 ; free virtual = 8246
Phase 3 Detail Placement | Checksum: 19d6012cc

Time (s): cpu = 00:00:14 ; elapsed = 00:00:09 . Memory (MB): peak = 2855.883 ; gain = 0.000 ; free physical = 339 ; free virtual = 8246

Phase 4 Post Placement Optimization and Clean-Up

Phase 4.1 Post Commit Optimization
INFO: [Timing 38-35] Done setting XDC timing constraints.

Phase 4.1.1 Post Placement Optimization
Post Placement Optimization Initialization | Checksum: 1e9f5a836

Phase 4.1.1.1 BUFG Insertion

Starting Physical Synthesis Task

Phase 1 Physical Synthesis Initialization
INFO: [Physopt 32-721] Multithreading enabled for phys_opt_design using a maximum of 8 CPUs
INFO: [Physopt 32-619] Estimated Timing Summary | WNS=2.740 | TNS=0.000 |
Phase 1 Physical Synthesis Initialization | Checksum: 1798061cb

Time (s): cpu = 00:00:00.38 ; elapsed = 00:00:00.17 . Memory (MB): peak = 2855.883 ; gain = 0.000 ; free physical = 357 ; free virtual = 8243
INFO: [Place 46-56] BUFG insertion identified 0 candidate nets. Inserted BUFG: 0, Replicated BUFG Driver: 0, Skipped due to Placement/Routing Conflicts: 0, Skipped due to Timing Degradation: 0, Skipped due to netlist editing failed: 0.
Ending Physical Synthesis Task | Checksum: 17329deab

Time (s): cpu = 00:00:00.43 ; elapsed = 00:00:00.2 . Memory (MB): peak = 2855.883 ; gain = 0.000 ; free physical = 357 ; free virtual = 8243
Phase 4.1.1.1 BUFG Insertion | Checksum: 1e9f5a836

Time (s): cpu = 00:00:16 ; elapsed = 00:00:10 . Memory (MB): peak = 2855.883 ; gain = 0.000 ; free physical = 357 ; free virtual = 8243

Phase 4.1.1.2 Post Placement Timing Optimization
INFO: [Place 30-746] Post Placement Timing Summary WNS=2.740. For the most accurate timing information please run report_timing.
Phase 4.1.1.2 Post Placement Timing Optimization | Checksum: 190325fe0

Time (s): cpu = 00:00:16 ; elapsed = 00:00:10 . Memory (MB): peak = 2855.883 ; gain = 0.000 ; free physical = 357 ; free virtual = 8242

Time (s): cpu = 00:00:16 ; elapsed = 00:00:10 . Memory (MB): peak = 2855.883 ; gain = 0.000 ; free physical = 357 ; free virtual = 8242
Phase 4.1 Post Commit Optimization | Checksum: 190325fe0

Time (s): cpu = 00:00:16 ; elapsed = 00:00:10 . Memory (MB): peak = 2855.883 ; gain = 0.000 ; free physical = 357 ; free virtual = 8242

Phase 4.2 Post Placement Cleanup
Phase 4.2 Post Placement Cleanup | Checksum: 190325fe0

Time (s): cpu = 00:00:16 ; elapsed = 00:00:10 . Memory (MB): peak = 2855.883 ; gain = 0.000 ; free physical = 356 ; free virtual = 8242

Phase 4.3 Placer Reporting

Phase 4.3.1 Print Estimated Congestion
INFO: [Place 30-612] Post-Placement Estimated Congestion 
 ____________________________________________________
|           | Global Congestion | Short Congestion  |
| Direction | Region Size       | Region Size       |
|___________|___________________|___________________|
|      North|                1x1|                1x1|
|___________|___________________|___________________|
|      South|                1x1|                2x2|
|___________|___________________|___________________|
|       East|                1x1|                1x1|
|___________|___________________|___________________|
|       West|                1x1|                1x1|
|___________|___________________|___________________|

Phase 4.3.1 Print Estimated Congestion | Checksum: 190325fe0

Time (s): cpu = 00:00:17 ; elapsed = 00:00:10 . Memory (MB): peak = 2855.883 ; gain = 0.000 ; free physical = 355 ; free virtual = 8241
Phase 4.3 Placer Reporting | Checksum: 190325fe0

Time (s): cpu = 00:00:17 ; elapsed = 00:00:10 . Memory (MB): peak = 2855.883 ; gain = 0.000 ; free physical = 355 ; free virtual = 8241

Phase 4.4 Final Placement Cleanup
Netlist sorting complete. Time (s): cpu = 00:00:00 ; elapsed = 00:00:00 . Memory (MB): peak = 2855.883 ; gain = 0.000 ; free physical = 355 ; free virtual = 8241

Time (s): cpu = 00:00:17 ; elapsed = 00:00:10 . Memory (MB): peak = 2855.883 ; gain = 0.000 ; free physical = 355 ; free virtual = 8241
Phase 4 Post Placement Optimization and Clean-Up | Checksum: 260ca624f

Time (s): cpu = 00:00:17 ; elapsed = 00:00:10 . Memory (MB): peak = 2855.883 ; gain = 0.000 ; free physical = 354 ; free virtual = 8240
Ending Placer Task | Checksum: 1d82d5037

Time (s): cpu = 00:00:17 ; elapsed = 00:00:10 . Memory (MB): peak = 2855.883 ; gain = 0.000 ; free physical = 352 ; free virtual = 8239
96 Infos, 1 Warnings, 1 Critical Warnings and 0 Errors encountered.
place_design completed successfully
place_design: Time (s): cpu = 00:00:21 ; elapsed = 00:00:12 . Memory (MB): peak = 2855.883 ; gain = 0.000 ; free physical = 352 ; free virtual = 8239
INFO: [Vivado 12-24838] Running report commands "report_control_sets, report_io, report_utilization" in parallel.
Running report generation with 3 threads.
INFO: [Vivado 12-24828] Executing command : report_control_sets -verbose -file design_1_wrapper_control_sets_placed.rpt
report_control_sets: Time (s): cpu = 00:00:00.14 ; elapsed = 00:00:00.1 . Memory (MB): peak = 2855.883 ; gain = 0.000 ; free physical = 350 ; free virtual = 8237
INFO: [Vivado 12-24828] Executing command : report_utilization -file design_1_wrapper_utilization_placed.rpt -pb design_1_wrapper_utilization_placed.pb
INFO: [Vivado 12-24828] Executing command : report_io -file design_1_wrapper_io_placed.rpt
report_io: Time (s): cpu = 00:00:00.27 ; elapsed = 00:00:00.24 . Memory (MB): peak = 2855.883 ; gain = 0.000 ; free physical = 345 ; free virtual = 8232
INFO: [Timing 38-480] Writing timing data to binary archive.
Write ShapeDB Complete: Time (s): cpu = 00:00:00.06 ; elapsed = 00:00:00.01 . Memory (MB): peak = 2855.883 ; gain = 0.000 ; free physical = 339 ; free virtual = 8233
Wrote PlaceDB: Time (s): cpu = 00:00:01 ; elapsed = 00:00:00.52 . Memory (MB): peak = 2855.883 ; gain = 0.000 ; free physical = 350 ; free virtual = 8237
Wrote PulsedLatchDB: Time (s): cpu = 00:00:00 ; elapsed = 00:00:00 . Memory (MB): peak = 2855.883 ; gain = 0.000 ; free physical = 350 ; free virtual = 8237
Writing XDEF routing.
Writing XDEF routing logical nets.
Writing XDEF routing special nets.
Wrote RouteStorage: Time (s): cpu = 00:00:00.07 ; elapsed = 00:00:00.02 . Memory (MB): peak = 2855.883 ; gain = 0.000 ; free physical = 350 ; free virtual = 8237
Wrote Netlist Cache: Time (s): cpu = 00:00:00.01 ; elapsed = 00:00:00.01 . Memory (MB): peak = 2855.883 ; gain = 0.000 ; free physical = 350 ; free virtual = 8237
Wrote Device Cache: Time (s): cpu = 00:00:00.02 ; elapsed = 00:00:00.01 . Memory (MB): peak = 2855.883 ; gain = 0.000 ; free physical = 350 ; free virtual = 8238
Write Physdb Complete: Time (s): cpu = 00:00:01 ; elapsed = 00:00:00.56 . Memory (MB): peak = 2855.883 ; gain = 0.000 ; free physical = 350 ; free virtual = 8238
INFO: [Common 17-1381] The checkpoint '/home/carbon/kambadur/Projects/Vivado/cmods7_and_axi_gpio/cmods7_and_axi_gpio.runs/impl_1/design_1_wrapper_placed.dcp' has been generated.
Command: phys_opt_design
Attempting to get a license for feature 'Implementation' and/or device 'xc7s25'
INFO: [Common 17-349] Got license for feature 'Implementation' and/or device 'xc7s25'

Starting Initial Update Timing Task

Time (s): cpu = 00:00:02 ; elapsed = 00:00:00.75 . Memory (MB): peak = 2855.883 ; gain = 0.000 ; free physical = 377 ; free virtual = 8252
INFO: [Vivado_Tcl 4-2279] Estimated Timing Summary | WNS= 2.740 | TNS= 0.000 | 
INFO: [Vivado_Tcl 4-383] Design worst setup slack (WNS) is greater than or equal to 0.000 ns. All physical synthesis setup optimizations will be skipped.
INFO: [Vivado_Tcl 4-232] No setup violation found. The netlist was not modified.
INFO: [Common 17-83] Releasing license: Implementation
107 Infos, 1 Warnings, 1 Critical Warnings and 0 Errors encountered.
phys_opt_design completed successfully
INFO: [Timing 38-480] Writing timing data to binary archive.
Write ShapeDB Complete: Time (s): cpu = 00:00:00.09 ; elapsed = 00:00:00.02 . Memory (MB): peak = 2855.883 ; gain = 0.000 ; free physical = 376 ; free virtual = 8251
Wrote PlaceDB: Time (s): cpu = 00:00:01 ; elapsed = 00:00:00.41 . Memory (MB): peak = 2855.883 ; gain = 0.000 ; free physical = 363 ; free virtual = 8243
Wrote PulsedLatchDB: Time (s): cpu = 00:00:00 ; elapsed = 00:00:00 . Memory (MB): peak = 2855.883 ; gain = 0.000 ; free physical = 363 ; free virtual = 8243
Writing XDEF routing.
Writing XDEF routing logical nets.
Writing XDEF routing special nets.
Wrote RouteStorage: Time (s): cpu = 00:00:00.08 ; elapsed = 00:00:00.03 . Memory (MB): peak = 2855.883 ; gain = 0.000 ; free physical = 363 ; free virtual = 8243
Wrote Netlist Cache: Time (s): cpu = 00:00:00.02 ; elapsed = 00:00:00.01 . Memory (MB): peak = 2855.883 ; gain = 0.000 ; free physical = 362 ; free virtual = 8242
Wrote Device Cache: Time (s): cpu = 00:00:00.02 ; elapsed = 00:00:00.01 . Memory (MB): peak = 2855.883 ; gain = 0.000 ; free physical = 362 ; free virtual = 8243
Write Physdb Complete: Time (s): cpu = 00:00:01 ; elapsed = 00:00:00.46 . Memory (MB): peak = 2855.883 ; gain = 0.000 ; free physical = 362 ; free virtual = 8243
INFO: [Common 17-1381] The checkpoint '/home/carbon/kambadur/Projects/Vivado/cmods7_and_axi_gpio/cmods7_and_axi_gpio.runs/impl_1/design_1_wrapper_physopt.dcp' has been generated.
Command: route_design
Attempting to get a license for feature 'Implementation' and/or device 'xc7s25'
INFO: [Common 17-349] Got license for feature 'Implementation' and/or device 'xc7s25'


Starting Routing Task
INFO: [Route 35-254] Multithreading enabled for route_design using a maximum of 4 CPUs

Phase 1 Build RT Design
Checksum: PlaceDB: 996ac69 ConstDB: 0 ShapeSum: fc2378e9 RouteDB: d2732ae5
Post Restoration Checksum: NetGraph: d8f0aa4f | NumContArr: 5e156c0b | Constraints: c2a8fa9d | Timing: c2a8fa9d
Phase 1 Build RT Design | Checksum: 2bc580b94

Time (s): cpu = 00:00:17 ; elapsed = 00:00:14 . Memory (MB): peak = 2855.883 ; gain = 0.000 ; free physical = 517 ; free virtual = 8398

Phase 2 Router Initialization

Phase 2.1 Fix Topology Constraints
Phase 2.1 Fix Topology Constraints | Checksum: 2bc580b94

Time (s): cpu = 00:00:17 ; elapsed = 00:00:14 . Memory (MB): peak = 2855.883 ; gain = 0.000 ; free physical = 517 ; free virtual = 8398

Phase 2.2 Pre Route Cleanup
Phase 2.2 Pre Route Cleanup | Checksum: 2bc580b94

Time (s): cpu = 00:00:17 ; elapsed = 00:00:14 . Memory (MB): peak = 2855.883 ; gain = 0.000 ; free physical = 517 ; free virtual = 8398
 Number of Nodes with overlaps = 0

Phase 2.3 Update Timing
Phase 2.3 Update Timing | Checksum: 20982337e

Time (s): cpu = 00:00:19 ; elapsed = 00:00:15 . Memory (MB): peak = 2855.883 ; gain = 0.000 ; free physical = 502 ; free virtual = 8384
INFO: [Route 35-416] Intermediate Timing Summary | WNS=2.893  | TNS=0.000  | WHS=-0.184 | THS=-28.592|


Router Utilization Summary
  Global Vertical Routing Utilization    = 0.0056899 %
  Global Horizontal Routing Utilization  = 0.000257998 %
  Routable Net Status*
  *Does not include unroutable nets such as driverless and loadless.
  Run report_route_status for detailed report.
  Number of Failed Nets               = 2749
    (Failed Nets is the sum of unrouted and partially routed nets)
  Number of Unrouted Nets             = 2749
  Number of Partially Routed Nets     = 0
  Number of Node Overlaps             = 0

Phase 2 Router Initialization | Checksum: 226951266

Time (s): cpu = 00:00:20 ; elapsed = 00:00:16 . Memory (MB): peak = 2855.883 ; gain = 0.000 ; free physical = 490 ; free virtual = 8372

Phase 3 Global Routing
Phase 3 Global Routing | Checksum: 226951266

Time (s): cpu = 00:00:20 ; elapsed = 00:00:16 . Memory (MB): peak = 2855.883 ; gain = 0.000 ; free physical = 490 ; free virtual = 8372

Phase 4 Initial Routing

Phase 4.1 Initial Net Routing Pass
Phase 4.1 Initial Net Routing Pass | Checksum: 2d4582994

Time (s): cpu = 00:00:26 ; elapsed = 00:00:18 . Memory (MB): peak = 2855.883 ; gain = 0.000 ; free physical = 463 ; free virtual = 8352
Phase 4 Initial Routing | Checksum: 2d4582994

Time (s): cpu = 00:00:26 ; elapsed = 00:00:18 . Memory (MB): peak = 2855.883 ; gain = 0.000 ; free physical = 463 ; free virtual = 8352

Phase 5 Rip-up And Reroute

Phase 5.1 Global Iteration 0
 Number of Nodes with overlaps = 280
 Number of Nodes with overlaps = 20
 Number of Nodes with overlaps = 5
 Number of Nodes with overlaps = 2
 Number of Nodes with overlaps = 0
INFO: [Route 35-416] Intermediate Timing Summary | WNS=2.109  | TNS=0.000  | WHS=N/A    | THS=N/A    |

Phase 5.1 Global Iteration 0 | Checksum: 2913fbafb

Time (s): cpu = 00:00:32 ; elapsed = 00:00:22 . Memory (MB): peak = 2855.883 ; gain = 0.000 ; free physical = 455 ; free virtual = 8316

Phase 5.2 Global Iteration 1
 Number of Nodes with overlaps = 0
INFO: [Route 35-416] Intermediate Timing Summary | WNS=2.109  | TNS=0.000  | WHS=N/A    | THS=N/A    |

Phase 5.2 Global Iteration 1 | Checksum: 1d772a8d4

Time (s): cpu = 00:00:32 ; elapsed = 00:00:22 . Memory (MB): peak = 2855.883 ; gain = 0.000 ; free physical = 454 ; free virtual = 8316
Phase 5 Rip-up And Reroute | Checksum: 1d772a8d4

Time (s): cpu = 00:00:32 ; elapsed = 00:00:22 . Memory (MB): peak = 2855.883 ; gain = 0.000 ; free physical = 484 ; free virtual = 8346

Phase 6 Delay and Skew Optimization

Phase 6.1 Delay CleanUp
Phase 6.1 Delay CleanUp | Checksum: 1d772a8d4

Time (s): cpu = 00:00:32 ; elapsed = 00:00:22 . Memory (MB): peak = 2855.883 ; gain = 0.000 ; free physical = 492 ; free virtual = 8353

Phase 6.2 Clock Skew Optimization
Phase 6.2 Clock Skew Optimization | Checksum: 1d772a8d4

Time (s): cpu = 00:00:32 ; elapsed = 00:00:22 . Memory (MB): peak = 2855.883 ; gain = 0.000 ; free physical = 492 ; free virtual = 8353
Phase 6 Delay and Skew Optimization | Checksum: 1d772a8d4

Time (s): cpu = 00:00:32 ; elapsed = 00:00:22 . Memory (MB): peak = 2855.883 ; gain = 0.000 ; free physical = 492 ; free virtual = 8353

Phase 7 Post Hold Fix

Phase 7.1 Hold Fix Iter
INFO: [Route 35-416] Intermediate Timing Summary | WNS=2.116  | TNS=0.000  | WHS=0.105  | THS=0.000  |

Phase 7.1 Hold Fix Iter | Checksum: 262b88cbb

Time (s): cpu = 00:00:33 ; elapsed = 00:00:22 . Memory (MB): peak = 2855.883 ; gain = 0.000 ; free physical = 492 ; free virtual = 8353
Phase 7 Post Hold Fix | Checksum: 262b88cbb

Time (s): cpu = 00:00:33 ; elapsed = 00:00:22 . Memory (MB): peak = 2855.883 ; gain = 0.000 ; free physical = 492 ; free virtual = 8353

Phase 8 Route finalize

Router Utilization Summary
  Global Vertical Routing Utilization    = 1.79848 %
  Global Horizontal Routing Utilization  = 2.81811 %
  Routable Net Status*
  *Does not include unroutable nets such as driverless and loadless.
  Run report_route_status for detailed report.
  Number of Failed Nets               = 0
    (Failed Nets is the sum of unrouted and partially routed nets)
  Number of Unrouted Nets             = 0
  Number of Partially Routed Nets     = 0
  Number of Node Overlaps             = 0

Phase 8 Route finalize | Checksum: 262b88cbb

Time (s): cpu = 00:00:33 ; elapsed = 00:00:22 . Memory (MB): peak = 2855.883 ; gain = 0.000 ; free physical = 492 ; free virtual = 8353

Phase 9 Verifying routed nets

 Verification completed successfully
Phase 9 Verifying routed nets | Checksum: 262b88cbb

Time (s): cpu = 00:00:33 ; elapsed = 00:00:22 . Memory (MB): peak = 2855.883 ; gain = 0.000 ; free physical = 492 ; free virtual = 8353

Phase 10 Depositing Routes
Phase 10 Depositing Routes | Checksum: 288637b68

Time (s): cpu = 00:00:33 ; elapsed = 00:00:23 . Memory (MB): peak = 2855.883 ; gain = 0.000 ; free physical = 476 ; free virtual = 8338

Phase 11 Post Process Routing
Phase 11 Post Process Routing | Checksum: 288637b68

Time (s): cpu = 00:00:33 ; elapsed = 00:00:23 . Memory (MB): peak = 2855.883 ; gain = 0.000 ; free physical = 476 ; free virtual = 8338

Phase 12 Post Router Timing
INFO: [Route 35-57] Estimated Timing Summary | WNS=2.116  | TNS=0.000  | WHS=0.105  | THS=0.000  |

INFO: [Route 35-327] The final timing numbers are based on the router estimated timing analysis. For a complete and accurate timing signoff, please run report_timing_summary.
Phase 12 Post Router Timing | Checksum: 288637b68

Time (s): cpu = 00:00:33 ; elapsed = 00:00:23 . Memory (MB): peak = 2855.883 ; gain = 0.000 ; free physical = 476 ; free virtual = 8338
Total Elapsed time in route_design: 22.62 secs

Phase 13 Post-Route Event Processing
Phase 13 Post-Route Event Processing | Checksum: 17054ae05

Time (s): cpu = 00:00:33 ; elapsed = 00:00:23 . Memory (MB): peak = 2855.883 ; gain = 0.000 ; free physical = 476 ; free virtual = 8338
INFO: [Route 35-16] Router Completed Successfully
Ending Routing Task | Checksum: 17054ae05

Time (s): cpu = 00:00:33 ; elapsed = 00:00:23 . Memory (MB): peak = 2855.883 ; gain = 0.000 ; free physical = 476 ; free virtual = 8338

Routing Is Done.
INFO: [Common 17-83] Releasing license: Implementation
119 Infos, 1 Warnings, 1 Critical Warnings and 0 Errors encountered.
route_design completed successfully
route_design: Time (s): cpu = 00:00:33 ; elapsed = 00:00:23 . Memory (MB): peak = 2855.883 ; gain = 0.000 ; free physical = 475 ; free virtual = 8337
INFO: [Vivado 12-24828] Executing command : report_drc -file design_1_wrapper_drc_routed.rpt -pb design_1_wrapper_drc_routed.pb -rpx design_1_wrapper_drc_routed.rpx
Command: report_drc -file design_1_wrapper_drc_routed.rpt -pb design_1_wrapper_drc_routed.pb -rpx design_1_wrapper_drc_routed.rpx
INFO: [IP_Flow 19-1839] IP Catalog is up to date.
INFO: [DRC 23-27] Running DRC with 4 threads
INFO: [Vivado_Tcl 2-168] The results of DRC are in file /home/carbon/kambadur/Projects/Vivado/cmods7_and_axi_gpio/cmods7_and_axi_gpio.runs/impl_1/design_1_wrapper_drc_routed.rpt.
report_drc completed successfully
INFO: [Vivado 12-24828] Executing command : report_methodology -file design_1_wrapper_methodology_drc_routed.rpt -pb design_1_wrapper_methodology_drc_routed.pb -rpx design_1_wrapper_methodology_drc_routed.rpx
Command: report_methodology -file design_1_wrapper_methodology_drc_routed.rpt -pb design_1_wrapper_methodology_drc_routed.pb -rpx design_1_wrapper_methodology_drc_routed.rpx
INFO: [Timing 38-35] Done setting XDC timing constraints.
INFO: [DRC 23-133] Running Methodology with 4 threads
INFO: [Vivado_Tcl 2-1520] The results of Report Methodology are in file /home/carbon/kambadur/Projects/Vivado/cmods7_and_axi_gpio/cmods7_and_axi_gpio.runs/impl_1/design_1_wrapper_methodology_drc_routed.rpt.
report_methodology completed successfully
INFO: [Vivado 12-24828] Executing command : report_timing_summary -max_paths 10 -report_unconstrained -file design_1_wrapper_timing_summary_routed.rpt -pb design_1_wrapper_timing_summary_routed.pb -rpx design_1_wrapper_timing_summary_routed.rpx -warn_on_violation 
INFO: [Timing 38-35] Done setting XDC timing constraints.
INFO: [Timing 38-91] UpdateTimingParams: Speed grade: -1, Delay Type: min_max.
INFO: [Timing 38-191] Multithreading enabled for timing update using a maximum of 8 CPUs
INFO: [Vivado 12-24838] Running report commands "report_bus_skew, report_incremental_reuse, report_route_status" in parallel.
Running report generation with 3 threads.
INFO: [Vivado 12-24828] Executing command : report_incremental_reuse -file design_1_wrapper_incremental_reuse_routed.rpt
INFO: [Vivado_Tcl 4-1062] Incremental flow is disabled. No incremental reuse Info to report.
INFO: [Vivado 12-24828] Executing command : report_bus_skew -warn_on_violation -file design_1_wrapper_bus_skew_routed.rpt -pb design_1_wrapper_bus_skew_routed.pb -rpx design_1_wrapper_bus_skew_routed.rpx
INFO: [Timing 38-91] UpdateTimingParams: Speed grade: -1, Delay Type: min_max.
INFO: [Timing 38-191] Multithreading enabled for timing update using a maximum of 8 CPUs
INFO: [Vivado 12-24828] Executing command : report_route_status -file design_1_wrapper_route_status.rpt -pb design_1_wrapper_route_status.pb
INFO: [Vivado 12-24828] Executing command : report_power -file design_1_wrapper_power_routed.rpt -pb design_1_wrapper_power_summary_routed.pb -rpx design_1_wrapper_power_routed.rpx
Command: report_power -file design_1_wrapper_power_routed.rpt -pb design_1_wrapper_power_summary_routed.pb -rpx design_1_wrapper_power_routed.rpx
Running Vector-less Activity Propagation...

Finished Running Vector-less Activity Propagation
WARNING: [Power 33-332] Found switching activity that implies high-fanout reset nets being asserted for excessive periods of time which may result in inaccurate power analysis.
Resolution: To review and fix problems, please run Power Constraints Advisor in the GUI from Tools > Power Constraints Advisor or run report_power with the -advisory option to generate a text report.
139 Infos, 2 Warnings, 1 Critical Warnings and 0 Errors encountered.
report_power completed successfully
INFO: [Vivado 12-24828] Executing command : report_clock_utilization -file design_1_wrapper_clock_utilization_routed.rpt
generate_parallel_reports: Time (s): cpu = 00:00:27 ; elapsed = 00:00:11 . Memory (MB): peak = 2902.430 ; gain = 46.547 ; free physical = 363 ; free virtual = 8230
INFO: [Timing 38-480] Writing timing data to binary archive.
Write ShapeDB Complete: Time (s): cpu = 00:00:00.09 ; elapsed = 00:00:00.03 . Memory (MB): peak = 2902.430 ; gain = 0.000 ; free physical = 363 ; free virtual = 8230
Wrote PlaceDB: Time (s): cpu = 00:00:01 ; elapsed = 00:00:00.37 . Memory (MB): peak = 2902.430 ; gain = 0.000 ; free physical = 361 ; free virtual = 8231
Wrote PulsedLatchDB: Time (s): cpu = 00:00:00 ; elapsed = 00:00:00 . Memory (MB): peak = 2902.430 ; gain = 0.000 ; free physical = 361 ; free virtual = 8231
Writing XDEF routing.
Writing XDEF routing logical nets.
Writing XDEF routing special nets.
Wrote RouteStorage: Time (s): cpu = 00:00:00.2 ; elapsed = 00:00:00.07 . Memory (MB): peak = 2902.430 ; gain = 0.000 ; free physical = 361 ; free virtual = 8232
Wrote Netlist Cache: Time (s): cpu = 00:00:00.02 ; elapsed = 00:00:00.01 . Memory (MB): peak = 2902.430 ; gain = 0.000 ; free physical = 360 ; free virtual = 8232
Wrote Device Cache: Time (s): cpu = 00:00:00.03 ; elapsed = 00:00:00.01 . Memory (MB): peak = 2902.430 ; gain = 0.000 ; free physical = 360 ; free virtual = 8232
Write Physdb Complete: Time (s): cpu = 00:00:01 ; elapsed = 00:00:00.46 . Memory (MB): peak = 2902.430 ; gain = 0.000 ; free physical = 359 ; free virtual = 8231
INFO: [Common 17-1381] The checkpoint '/home/carbon/kambadur/Projects/Vivado/cmods7_and_axi_gpio/cmods7_and_axi_gpio.runs/impl_1/design_1_wrapper_routed.dcp' has been generated.
Command: write_bitstream -force design_1_wrapper.bit
Attempting to get a license for feature 'Implementation' and/or device 'xc7s25'
INFO: [Common 17-349] Got license for feature 'Implementation' and/or device 'xc7s25'
Running DRC as a precondition to command write_bitstream
INFO: [IP_Flow 19-1839] IP Catalog is up to date.
INFO: [DRC 23-27] Running DRC with 4 threads
ERROR: [DRC NSTD-1] Unspecified I/O Standard: 1 out of 6 logical ports use I/O standard (IOSTANDARD) value 'DEFAULT', instead of a user assigned specific value. This may cause I/O contention or incompatibility with the board power or connectivity affecting performance, signal integrity or in extreme cases cause damage to the device or the components to which it is connected. To correct this violation, specify all I/O standards. This design will fail to generate a bitstream unless all logical ports have a user specified I/O standard value defined. To allow bitstream creation with unspecified I/O standard values (not recommended), use this command: set_property SEVERITY {Warning} [get_drc_checks NSTD-1].  NOTE: When using the Vivado Runs infrastructure (e.g. launch_runs Tcl command), add this command to a .tcl file and add that file as a pre-hook for write_bitstream step for the implementation run. Problem ports: led0_tri_o[0].
ERROR: [DRC UCIO-1] Unconstrained Logical Port: 3 out of 6 logical ports have no user assigned specific location constraint (LOC). This may cause I/O contention or incompatibility with the board power or connectivity affecting performance, signal integrity or in extreme cases cause damage to the device or the components to which it is connected. To correct this violation, specify all pin locations. This design will fail to generate a bitstream unless all logical ports have a user specified site LOC constraint defined.  To allow bitstream creation with unspecified pin locations (not recommended), use this command: set_property SEVERITY {Warning} [get_drc_checks UCIO-1].  NOTE: When using the Vivado Runs infrastructure (e.g. launch_runs Tcl command), add this command to a .tcl file and add that file as a pre-hook for write_bitstream step for the implementation run.  Problem ports: diff_clock_rtl_clk_n, diff_clock_rtl_clk_p, and led0_tri_o[0].
INFO: [Vivado 12-3199] DRC finished with 2 Errors
INFO: [Vivado 12-3200] Please refer to the DRC report (report_drc) for more information.
ERROR: [Vivado 12-1345] Error(s) found during DRC. Bitgen not run.
INFO: [Common 17-83] Releasing license: Implementation
148 Infos, 2 Warnings, 1 Critical Warnings and 3 Errors encountered.
write_bitstream failed
write_bitstream: Time (s): cpu = 00:00:10 ; elapsed = 00:00:15 . Memory (MB): peak = 3006.480 ; gain = 0.000 ; free physical = 299 ; free virtual = 8183
ERROR: [Common 17-39] 'write_bitstream' failed due to earlier errors.

INFO: [Common 17-206] Exiting Vivado at Sat Jan 18 00:42:32 2025...
