
*** Running vivado
    with args -log zynq_axi_gpio_axi_gpio_1_0.vds -m64 -product Vivado -mode batch -messageDb vivado.pb -notrace -source zynq_axi_gpio_axi_gpio_1_0.tcl


****** Vivado v2024.2 (64-bit)
  **** SW Build 5239630 on Fri Nov 08 22:34:34 MST 2024
  **** IP Build 5239520 on Sun Nov 10 16:12:51 MST 2024
  **** SharedData Build 5239561 on Fri Nov 08 14:39:27 MST 2024
  **** Start of session at: Wed Jan 15 05:27:36 2025
    ** Copyright 1986-2022 Xilinx, Inc. All Rights Reserved.
    ** Copyright 2022-2024 Advanced Micro Devices, Inc. All Rights Reserved.

source zynq_axi_gpio_axi_gpio_1_0.tcl -notrace
INFO: [IP_Flow 19-6924] IPCACHE: Running cache check for IP inst: zynq_axi_gpio_axi_gpio_1_0
Command: synth_design -top zynq_axi_gpio_axi_gpio_1_0 -part xc7z020clg484-1 -incremental_mode off -mode out_of_context
Starting synth_design
Attempting to get a license for feature 'Synthesis' and/or device 'xc7z020'
INFO: [Common 17-349] Got license for feature 'Synthesis' and/or device 'xc7z020'
INFO: [Device 21-403] Loading part xc7z020clg484-1
INFO: [Synth 8-7079] Multithreading enabled for synth_design using a maximum of 7 processes.
INFO: [Synth 8-7078] Launching helper process for spawning children vivado processes
INFO: [Synth 8-7075] Helper process launched with PID 1778177
---------------------------------------------------------------------------------
Starting RTL Elaboration : Time (s): cpu = 00:00:07 ; elapsed = 00:00:08 . Memory (MB): peak = 1966.535 ; gain = 420.797 ; free physical = 3470 ; free virtual = 9124
---------------------------------------------------------------------------------
INFO: [Synth 8-638] synthesizing module 'zynq_axi_gpio_axi_gpio_1_0' [/home/carbon/kambadur/Projects/Vivado/zed_nand_axi_gpio/zed_nand_axi_gpio.gen/sources_1/bd/zynq_axi_gpio/ip/zynq_axi_gpio_axi_gpio_1_0/synth/zynq_axi_gpio_axi_gpio_1_0.vhd:84]
	Parameter C_FAMILY bound to: zynq - type: string 
	Parameter C_S_AXI_ADDR_WIDTH bound to: 9 - type: integer 
	Parameter C_S_AXI_DATA_WIDTH bound to: 32 - type: integer 
	Parameter C_GPIO_WIDTH bound to: 1 - type: integer 
	Parameter C_GPIO2_WIDTH bound to: 32 - type: integer 
	Parameter C_ALL_INPUTS bound to: 0 - type: integer 
	Parameter C_ALL_INPUTS_2 bound to: 0 - type: integer 
	Parameter C_ALL_OUTPUTS bound to: 1 - type: integer 
	Parameter C_ALL_OUTPUTS_2 bound to: 0 - type: integer 
	Parameter C_INTERRUPT_PRESENT bound to: 0 - type: integer 
	Parameter C_DOUT_DEFAULT bound to: 32'b00000000000000000000000000000000 
	Parameter C_TRI_DEFAULT bound to: 32'b11111111111111111111111111111111 
	Parameter C_IS_DUAL bound to: 0 - type: integer 
	Parameter C_DOUT_DEFAULT_2 bound to: 32'b00000000000000000000000000000000 
	Parameter C_TRI_DEFAULT_2 bound to: 32'b11111111111111111111111111111111 
INFO: [Synth 8-3491] module 'axi_gpio' declared at '/home/carbon/kambadur/Projects/Vivado/zed_nand_axi_gpio/zed_nand_axi_gpio.gen/sources_1/bd/zynq_axi_gpio/ipshared/6718/hdl/axi_gpio_v2_0_vh_rfs.vhd:1269' bound to instance 'U0' of component 'axi_gpio' [/home/carbon/kambadur/Projects/Vivado/zed_nand_axi_gpio/zed_nand_axi_gpio.gen/sources_1/bd/zynq_axi_gpio/ip/zynq_axi_gpio_axi_gpio_1_0/synth/zynq_axi_gpio_axi_gpio_1_0.vhd:173]
INFO: [Synth 8-638] synthesizing module 'axi_gpio' [/home/carbon/kambadur/Projects/Vivado/zed_nand_axi_gpio/zed_nand_axi_gpio.gen/sources_1/bd/zynq_axi_gpio/ipshared/6718/hdl/axi_gpio_v2_0_vh_rfs.vhd:1355]
INFO: [Synth 8-638] synthesizing module 'axi_lite_ipif' [/home/carbon/kambadur/Projects/Vivado/zed_nand_axi_gpio/zed_nand_axi_gpio.gen/sources_1/bd/zynq_axi_gpio/ipshared/66ea/hdl/axi_lite_ipif_v3_0_vh_rfs.vhd:2948]
INFO: [Synth 8-638] synthesizing module 'slave_attachment' [/home/carbon/kambadur/Projects/Vivado/zed_nand_axi_gpio/zed_nand_axi_gpio.gen/sources_1/bd/zynq_axi_gpio/ipshared/66ea/hdl/axi_lite_ipif_v3_0_vh_rfs.vhd:2341]
INFO: [Synth 8-638] synthesizing module 'address_decoder' [/home/carbon/kambadur/Projects/Vivado/zed_nand_axi_gpio/zed_nand_axi_gpio.gen/sources_1/bd/zynq_axi_gpio/ipshared/66ea/hdl/axi_lite_ipif_v3_0_vh_rfs.vhd:1775]
INFO: [Synth 8-638] synthesizing module 'pselect_f' [/home/carbon/kambadur/Projects/Vivado/zed_nand_axi_gpio/zed_nand_axi_gpio.gen/sources_1/bd/zynq_axi_gpio/ipshared/66ea/hdl/axi_lite_ipif_v3_0_vh_rfs.vhd:1534]
INFO: [Synth 8-256] done synthesizing module 'pselect_f' (0#1) [/home/carbon/kambadur/Projects/Vivado/zed_nand_axi_gpio/zed_nand_axi_gpio.gen/sources_1/bd/zynq_axi_gpio/ipshared/66ea/hdl/axi_lite_ipif_v3_0_vh_rfs.vhd:1534]
INFO: [Synth 8-638] synthesizing module 'pselect_f__parameterized0' [/home/carbon/kambadur/Projects/Vivado/zed_nand_axi_gpio/zed_nand_axi_gpio.gen/sources_1/bd/zynq_axi_gpio/ipshared/66ea/hdl/axi_lite_ipif_v3_0_vh_rfs.vhd:1534]
INFO: [Synth 8-256] done synthesizing module 'pselect_f__parameterized0' (0#1) [/home/carbon/kambadur/Projects/Vivado/zed_nand_axi_gpio/zed_nand_axi_gpio.gen/sources_1/bd/zynq_axi_gpio/ipshared/66ea/hdl/axi_lite_ipif_v3_0_vh_rfs.vhd:1534]
INFO: [Synth 8-638] synthesizing module 'pselect_f__parameterized1' [/home/carbon/kambadur/Projects/Vivado/zed_nand_axi_gpio/zed_nand_axi_gpio.gen/sources_1/bd/zynq_axi_gpio/ipshared/66ea/hdl/axi_lite_ipif_v3_0_vh_rfs.vhd:1534]
INFO: [Synth 8-256] done synthesizing module 'pselect_f__parameterized1' (0#1) [/home/carbon/kambadur/Projects/Vivado/zed_nand_axi_gpio/zed_nand_axi_gpio.gen/sources_1/bd/zynq_axi_gpio/ipshared/66ea/hdl/axi_lite_ipif_v3_0_vh_rfs.vhd:1534]
INFO: [Synth 8-638] synthesizing module 'pselect_f__parameterized2' [/home/carbon/kambadur/Projects/Vivado/zed_nand_axi_gpio/zed_nand_axi_gpio.gen/sources_1/bd/zynq_axi_gpio/ipshared/66ea/hdl/axi_lite_ipif_v3_0_vh_rfs.vhd:1534]
INFO: [Synth 8-256] done synthesizing module 'pselect_f__parameterized2' (0#1) [/home/carbon/kambadur/Projects/Vivado/zed_nand_axi_gpio/zed_nand_axi_gpio.gen/sources_1/bd/zynq_axi_gpio/ipshared/66ea/hdl/axi_lite_ipif_v3_0_vh_rfs.vhd:1534]
INFO: [Synth 8-256] done synthesizing module 'address_decoder' (0#1) [/home/carbon/kambadur/Projects/Vivado/zed_nand_axi_gpio/zed_nand_axi_gpio.gen/sources_1/bd/zynq_axi_gpio/ipshared/66ea/hdl/axi_lite_ipif_v3_0_vh_rfs.vhd:1775]
INFO: [Synth 8-226] default block is never used [/home/carbon/kambadur/Projects/Vivado/zed_nand_axi_gpio/zed_nand_axi_gpio.gen/sources_1/bd/zynq_axi_gpio/ipshared/66ea/hdl/axi_lite_ipif_v3_0_vh_rfs.vhd:2550]
INFO: [Synth 8-256] done synthesizing module 'slave_attachment' (0#1) [/home/carbon/kambadur/Projects/Vivado/zed_nand_axi_gpio/zed_nand_axi_gpio.gen/sources_1/bd/zynq_axi_gpio/ipshared/66ea/hdl/axi_lite_ipif_v3_0_vh_rfs.vhd:2341]
INFO: [Synth 8-256] done synthesizing module 'axi_lite_ipif' (0#1) [/home/carbon/kambadur/Projects/Vivado/zed_nand_axi_gpio/zed_nand_axi_gpio.gen/sources_1/bd/zynq_axi_gpio/ipshared/66ea/hdl/axi_lite_ipif_v3_0_vh_rfs.vhd:2948]
INFO: [Synth 8-638] synthesizing module 'GPIO_Core' [/home/carbon/kambadur/Projects/Vivado/zed_nand_axi_gpio/zed_nand_axi_gpio.gen/sources_1/bd/zynq_axi_gpio/ipshared/6718/hdl/axi_gpio_v2_0_vh_rfs.vhd:181]
INFO: [Synth 8-226] default block is never used [/home/carbon/kambadur/Projects/Vivado/zed_nand_axi_gpio/zed_nand_axi_gpio.gen/sources_1/bd/zynq_axi_gpio/ipshared/6718/hdl/axi_gpio_v2_0_vh_rfs.vhd:446]
INFO: [Synth 8-638] synthesizing module 'cdc_sync' [/home/carbon/kambadur/Projects/Vivado/zed_nand_axi_gpio/zed_nand_axi_gpio.gen/sources_1/bd/zynq_axi_gpio/ipshared/2a4f/hdl/lib_cdc_v1_0_rfs.vhd:106]
	Parameter INIT bound to: 1'b0 
INFO: [Synth 8-113] binding component instance 'CROSS2_PLEVEL_IN2SCNDRY_IN_cdc_to' to cell 'FDR' [/home/carbon/kambadur/Projects/Vivado/zed_nand_axi_gpio/zed_nand_axi_gpio.gen/sources_1/bd/zynq_axi_gpio/ipshared/2a4f/hdl/lib_cdc_v1_0_rfs.vhd:736]
	Parameter INIT bound to: 1'b0 
INFO: [Synth 8-113] binding component instance 'CROSS2_PLEVEL_IN2SCNDRY_s_level_out_bus_d2' to cell 'FDR' [/home/carbon/kambadur/Projects/Vivado/zed_nand_axi_gpio/zed_nand_axi_gpio.gen/sources_1/bd/zynq_axi_gpio/ipshared/2a4f/hdl/lib_cdc_v1_0_rfs.vhd:772]
	Parameter INIT bound to: 1'b0 
INFO: [Synth 8-113] binding component instance 'CROSS2_PLEVEL_IN2SCNDRY_s_level_out_bus_d3' to cell 'FDR' [/home/carbon/kambadur/Projects/Vivado/zed_nand_axi_gpio/zed_nand_axi_gpio.gen/sources_1/bd/zynq_axi_gpio/ipshared/2a4f/hdl/lib_cdc_v1_0_rfs.vhd:788]
	Parameter INIT bound to: 1'b0 
INFO: [Synth 8-113] binding component instance 'CROSS2_PLEVEL_IN2SCNDRY_s_level_out_bus_d4' to cell 'FDR' [/home/carbon/kambadur/Projects/Vivado/zed_nand_axi_gpio/zed_nand_axi_gpio.gen/sources_1/bd/zynq_axi_gpio/ipshared/2a4f/hdl/lib_cdc_v1_0_rfs.vhd:804]
	Parameter INIT bound to: 1'b0 
INFO: [Synth 8-113] binding component instance 'CROSS2_PLEVEL_IN2SCNDRY_s_level_out_bus_d5' to cell 'FDR' [/home/carbon/kambadur/Projects/Vivado/zed_nand_axi_gpio/zed_nand_axi_gpio.gen/sources_1/bd/zynq_axi_gpio/ipshared/2a4f/hdl/lib_cdc_v1_0_rfs.vhd:821]
	Parameter INIT bound to: 1'b0 
INFO: [Synth 8-113] binding component instance 'CROSS2_PLEVEL_IN2SCNDRY_s_level_out_bus_d6' to cell 'FDR' [/home/carbon/kambadur/Projects/Vivado/zed_nand_axi_gpio/zed_nand_axi_gpio.gen/sources_1/bd/zynq_axi_gpio/ipshared/2a4f/hdl/lib_cdc_v1_0_rfs.vhd:837]
INFO: [Synth 8-256] done synthesizing module 'cdc_sync' (0#1) [/home/carbon/kambadur/Projects/Vivado/zed_nand_axi_gpio/zed_nand_axi_gpio.gen/sources_1/bd/zynq_axi_gpio/ipshared/2a4f/hdl/lib_cdc_v1_0_rfs.vhd:106]
INFO: [Synth 8-256] done synthesizing module 'GPIO_Core' (0#1) [/home/carbon/kambadur/Projects/Vivado/zed_nand_axi_gpio/zed_nand_axi_gpio.gen/sources_1/bd/zynq_axi_gpio/ipshared/6718/hdl/axi_gpio_v2_0_vh_rfs.vhd:181]
INFO: [Synth 8-256] done synthesizing module 'axi_gpio' (0#1) [/home/carbon/kambadur/Projects/Vivado/zed_nand_axi_gpio/zed_nand_axi_gpio.gen/sources_1/bd/zynq_axi_gpio/ipshared/6718/hdl/axi_gpio_v2_0_vh_rfs.vhd:1355]
INFO: [Synth 8-256] done synthesizing module 'zynq_axi_gpio_axi_gpio_1_0' (0#1) [/home/carbon/kambadur/Projects/Vivado/zed_nand_axi_gpio/zed_nand_axi_gpio.gen/sources_1/bd/zynq_axi_gpio/ip/zynq_axi_gpio_axi_gpio_1_0/synth/zynq_axi_gpio_axi_gpio_1_0.vhd:84]
WARNING: [Synth 8-6014] Unused sequential element Not_Dual.ALLOUT_ND.READ_REG_GEN[0].GPIO_DBus_i_reg was removed.  [/home/carbon/kambadur/Projects/Vivado/zed_nand_axi_gpio/zed_nand_axi_gpio.gen/sources_1/bd/zynq_axi_gpio/ipshared/6718/hdl/axi_gpio_v2_0_vh_rfs.vhd:322]
WARNING: [Synth 8-6014] Unused sequential element Not_Dual.gpio_Data_In_reg was removed.  [/home/carbon/kambadur/Projects/Vivado/zed_nand_axi_gpio/zed_nand_axi_gpio.gen/sources_1/bd/zynq_axi_gpio/ipshared/6718/hdl/axi_gpio_v2_0_vh_rfs.vhd:489]
WARNING: [Synth 8-7129] Port prmry_aclk in module cdc_sync is either unconnected or has no load
WARNING: [Synth 8-7129] Port prmry_resetn in module cdc_sync is either unconnected or has no load
WARNING: [Synth 8-7129] Port prmry_in in module cdc_sync is either unconnected or has no load
WARNING: [Synth 8-7129] Port scndry_resetn in module cdc_sync is either unconnected or has no load
WARNING: [Synth 8-7129] Port ABus_Reg[1] in module GPIO_Core is either unconnected or has no load
WARNING: [Synth 8-7129] Port ABus_Reg[2] in module GPIO_Core is either unconnected or has no load
WARNING: [Synth 8-7129] Port ABus_Reg[3] in module GPIO_Core is either unconnected or has no load
WARNING: [Synth 8-7129] Port ABus_Reg[4] in module GPIO_Core is either unconnected or has no load
WARNING: [Synth 8-7129] Port ABus_Reg[7] in module GPIO_Core is either unconnected or has no load
WARNING: [Synth 8-7129] Port ABus_Reg[8] in module GPIO_Core is either unconnected or has no load
WARNING: [Synth 8-7129] Port BE_Reg[0] in module GPIO_Core is either unconnected or has no load
WARNING: [Synth 8-7129] Port BE_Reg[1] in module GPIO_Core is either unconnected or has no load
WARNING: [Synth 8-7129] Port BE_Reg[2] in module GPIO_Core is either unconnected or has no load
WARNING: [Synth 8-7129] Port BE_Reg[3] in module GPIO_Core is either unconnected or has no load
WARNING: [Synth 8-7129] Port GPIO2_IO_I[0] in module GPIO_Core is either unconnected or has no load
WARNING: [Synth 8-7129] Port GPIO2_IO_I[1] in module GPIO_Core is either unconnected or has no load
WARNING: [Synth 8-7129] Port GPIO2_IO_I[2] in module GPIO_Core is either unconnected or has no load
WARNING: [Synth 8-7129] Port GPIO2_IO_I[3] in module GPIO_Core is either unconnected or has no load
WARNING: [Synth 8-7129] Port GPIO2_IO_I[4] in module GPIO_Core is either unconnected or has no load
WARNING: [Synth 8-7129] Port GPIO2_IO_I[5] in module GPIO_Core is either unconnected or has no load
WARNING: [Synth 8-7129] Port GPIO2_IO_I[6] in module GPIO_Core is either unconnected or has no load
WARNING: [Synth 8-7129] Port GPIO2_IO_I[7] in module GPIO_Core is either unconnected or has no load
WARNING: [Synth 8-7129] Port GPIO2_IO_I[8] in module GPIO_Core is either unconnected or has no load
WARNING: [Synth 8-7129] Port GPIO2_IO_I[9] in module GPIO_Core is either unconnected or has no load
WARNING: [Synth 8-7129] Port GPIO2_IO_I[10] in module GPIO_Core is either unconnected or has no load
WARNING: [Synth 8-7129] Port GPIO2_IO_I[11] in module GPIO_Core is either unconnected or has no load
WARNING: [Synth 8-7129] Port GPIO2_IO_I[12] in module GPIO_Core is either unconnected or has no load
WARNING: [Synth 8-7129] Port GPIO2_IO_I[13] in module GPIO_Core is either unconnected or has no load
WARNING: [Synth 8-7129] Port GPIO2_IO_I[14] in module GPIO_Core is either unconnected or has no load
WARNING: [Synth 8-7129] Port GPIO2_IO_I[15] in module GPIO_Core is either unconnected or has no load
WARNING: [Synth 8-7129] Port GPIO2_IO_I[16] in module GPIO_Core is either unconnected or has no load
WARNING: [Synth 8-7129] Port GPIO2_IO_I[17] in module GPIO_Core is either unconnected or has no load
WARNING: [Synth 8-7129] Port GPIO2_IO_I[18] in module GPIO_Core is either unconnected or has no load
WARNING: [Synth 8-7129] Port GPIO2_IO_I[19] in module GPIO_Core is either unconnected or has no load
WARNING: [Synth 8-7129] Port GPIO2_IO_I[20] in module GPIO_Core is either unconnected or has no load
WARNING: [Synth 8-7129] Port GPIO2_IO_I[21] in module GPIO_Core is either unconnected or has no load
WARNING: [Synth 8-7129] Port GPIO2_IO_I[22] in module GPIO_Core is either unconnected or has no load
WARNING: [Synth 8-7129] Port GPIO2_IO_I[23] in module GPIO_Core is either unconnected or has no load
WARNING: [Synth 8-7129] Port GPIO2_IO_I[24] in module GPIO_Core is either unconnected or has no load
WARNING: [Synth 8-7129] Port GPIO2_IO_I[25] in module GPIO_Core is either unconnected or has no load
WARNING: [Synth 8-7129] Port GPIO2_IO_I[26] in module GPIO_Core is either unconnected or has no load
WARNING: [Synth 8-7129] Port GPIO2_IO_I[27] in module GPIO_Core is either unconnected or has no load
WARNING: [Synth 8-7129] Port GPIO2_IO_I[28] in module GPIO_Core is either unconnected or has no load
WARNING: [Synth 8-7129] Port GPIO2_IO_I[29] in module GPIO_Core is either unconnected or has no load
WARNING: [Synth 8-7129] Port GPIO2_IO_I[30] in module GPIO_Core is either unconnected or has no load
WARNING: [Synth 8-7129] Port GPIO2_IO_I[31] in module GPIO_Core is either unconnected or has no load
WARNING: [Synth 8-7129] Port Address_In_Erly[0] in module address_decoder is either unconnected or has no load
WARNING: [Synth 8-7129] Port Address_In_Erly[1] in module address_decoder is either unconnected or has no load
WARNING: [Synth 8-7129] Port Address_In_Erly[2] in module address_decoder is either unconnected or has no load
WARNING: [Synth 8-7129] Port Address_In_Erly[3] in module address_decoder is either unconnected or has no load
WARNING: [Synth 8-7129] Port Address_In_Erly[4] in module address_decoder is either unconnected or has no load
WARNING: [Synth 8-7129] Port Address_In_Erly[7] in module address_decoder is either unconnected or has no load
WARNING: [Synth 8-7129] Port Address_In_Erly[8] in module address_decoder is either unconnected or has no load
WARNING: [Synth 8-7129] Port Bus_RNW in module address_decoder is either unconnected or has no load
WARNING: [Synth 8-7129] Port S_AXI_WSTRB[3] in module slave_attachment is either unconnected or has no load
WARNING: [Synth 8-7129] Port S_AXI_WSTRB[2] in module slave_attachment is either unconnected or has no load
WARNING: [Synth 8-7129] Port S_AXI_WSTRB[1] in module slave_attachment is either unconnected or has no load
WARNING: [Synth 8-7129] Port S_AXI_WSTRB[0] in module slave_attachment is either unconnected or has no load
---------------------------------------------------------------------------------
Finished RTL Elaboration : Time (s): cpu = 00:00:09 ; elapsed = 00:00:10 . Memory (MB): peak = 2047.473 ; gain = 501.734 ; free physical = 3325 ; free virtual = 8951
---------------------------------------------------------------------------------
---------------------------------------------------------------------------------
Start Handling Custom Attributes
---------------------------------------------------------------------------------
---------------------------------------------------------------------------------
Finished Handling Custom Attributes : Time (s): cpu = 00:00:09 ; elapsed = 00:00:10 . Memory (MB): peak = 2062.316 ; gain = 516.578 ; free physical = 3325 ; free virtual = 8954
---------------------------------------------------------------------------------
---------------------------------------------------------------------------------
Finished RTL Optimization Phase 1 : Time (s): cpu = 00:00:09 ; elapsed = 00:00:10 . Memory (MB): peak = 2062.316 ; gain = 516.578 ; free physical = 3325 ; free virtual = 8954
---------------------------------------------------------------------------------
Netlist sorting complete. Time (s): cpu = 00:00:00.01 ; elapsed = 00:00:00.01 . Memory (MB): peak = 2065.285 ; gain = 0.000 ; free physical = 3324 ; free virtual = 8951
INFO: [Netlist 29-17] Analyzing 6 Unisim elements for replacement
INFO: [Netlist 29-28] Unisim Transformation completed in 0 CPU seconds
INFO: [Project 1-570] Preparing netlist for logic optimization

Processing XDC Constraints
Initializing timing engine
Parsing XDC File [/home/carbon/kambadur/Projects/Vivado/zed_nand_axi_gpio/zed_nand_axi_gpio.gen/sources_1/bd/zynq_axi_gpio/ip/zynq_axi_gpio_axi_gpio_1_0/zynq_axi_gpio_axi_gpio_1_0_ooc.xdc] for cell 'U0'
Finished Parsing XDC File [/home/carbon/kambadur/Projects/Vivado/zed_nand_axi_gpio/zed_nand_axi_gpio.gen/sources_1/bd/zynq_axi_gpio/ip/zynq_axi_gpio_axi_gpio_1_0/zynq_axi_gpio_axi_gpio_1_0_ooc.xdc] for cell 'U0'
Parsing XDC File [/home/carbon/kambadur/Projects/Vivado/zed_nand_axi_gpio/zed_nand_axi_gpio.gen/sources_1/bd/zynq_axi_gpio/ip/zynq_axi_gpio_axi_gpio_1_0/zynq_axi_gpio_axi_gpio_1_0_board.xdc] for cell 'U0'
Finished Parsing XDC File [/home/carbon/kambadur/Projects/Vivado/zed_nand_axi_gpio/zed_nand_axi_gpio.gen/sources_1/bd/zynq_axi_gpio/ip/zynq_axi_gpio_axi_gpio_1_0/zynq_axi_gpio_axi_gpio_1_0_board.xdc] for cell 'U0'
Parsing XDC File [/home/carbon/kambadur/Projects/Vivado/zed_nand_axi_gpio/zed_nand_axi_gpio.gen/sources_1/bd/zynq_axi_gpio/ip/zynq_axi_gpio_axi_gpio_1_0/zynq_axi_gpio_axi_gpio_1_0.xdc] for cell 'U0'
Finished Parsing XDC File [/home/carbon/kambadur/Projects/Vivado/zed_nand_axi_gpio/zed_nand_axi_gpio.gen/sources_1/bd/zynq_axi_gpio/ip/zynq_axi_gpio_axi_gpio_1_0/zynq_axi_gpio_axi_gpio_1_0.xdc] for cell 'U0'
Parsing XDC File [/home/carbon/kambadur/Projects/Vivado/zed_nand_axi_gpio/zed_nand_axi_gpio.runs/zynq_axi_gpio_axi_gpio_1_0_synth_1/dont_touch.xdc]
Finished Parsing XDC File [/home/carbon/kambadur/Projects/Vivado/zed_nand_axi_gpio/zed_nand_axi_gpio.runs/zynq_axi_gpio_axi_gpio_1_0_synth_1/dont_touch.xdc]
Completed Processing XDC Constraints

Netlist sorting complete. Time (s): cpu = 00:00:00 ; elapsed = 00:00:00 . Memory (MB): peak = 2202.066 ; gain = 0.000 ; free physical = 3305 ; free virtual = 8806
INFO: [Project 1-111] Unisim Transformation Summary:
  A total of 6 instances were transformed.
  FDR => FDRE: 6 instances

Constraint Validation Runtime : Time (s): cpu = 00:00:00.02 ; elapsed = 00:00:00.01 . Memory (MB): peak = 2202.066 ; gain = 0.000 ; free physical = 3304 ; free virtual = 8805
INFO: [Designutils 20-5008] Incremental synthesis strategy off
---------------------------------------------------------------------------------
Finished Constraint Validation : Time (s): cpu = 00:00:18 ; elapsed = 00:00:19 . Memory (MB): peak = 2202.066 ; gain = 656.328 ; free physical = 3328 ; free virtual = 8835
---------------------------------------------------------------------------------
---------------------------------------------------------------------------------
Start Loading Part and Timing Information
---------------------------------------------------------------------------------
Loading part: xc7z020clg484-1
---------------------------------------------------------------------------------
Finished Loading Part and Timing Information : Time (s): cpu = 00:00:18 ; elapsed = 00:00:19 . Memory (MB): peak = 2210.070 ; gain = 664.332 ; free physical = 3328 ; free virtual = 8835
---------------------------------------------------------------------------------
---------------------------------------------------------------------------------
Start Applying 'set_property' XDC Constraints
---------------------------------------------------------------------------------
Applied set_property KEEP_HIERARCHY = SOFT for U0. (constraint file  /home/carbon/kambadur/Projects/Vivado/zed_nand_axi_gpio/zed_nand_axi_gpio.runs/zynq_axi_gpio_axi_gpio_1_0_synth_1/dont_touch.xdc, line 9).
---------------------------------------------------------------------------------
Finished applying 'set_property' XDC Constraints : Time (s): cpu = 00:00:18 ; elapsed = 00:00:19 . Memory (MB): peak = 2210.070 ; gain = 664.332 ; free physical = 3328 ; free virtual = 8835
---------------------------------------------------------------------------------
INFO: [Synth 8-802] inferred FSM for state register 'state_reg' in module 'slave_attachment'
---------------------------------------------------------------------------------------------------
                   State |                     New Encoding |                Previous Encoding 
---------------------------------------------------------------------------------------------------
                 iSTATE2 |                             0001 |                               00
                  iSTATE |                             0010 |                               01
                 iSTATE0 |                             0100 |                               10
                 iSTATE1 |                             1000 |                               11
---------------------------------------------------------------------------------------------------
INFO: [Synth 8-3354] encoded FSM with state register 'state_reg' using encoding 'one-hot' in module 'slave_attachment'
---------------------------------------------------------------------------------
Finished RTL Optimization Phase 2 : Time (s): cpu = 00:00:19 ; elapsed = 00:00:19 . Memory (MB): peak = 2210.070 ; gain = 664.332 ; free physical = 3334 ; free virtual = 8843
---------------------------------------------------------------------------------
---------------------------------------------------------------------------------
Start RTL Component Statistics 
---------------------------------------------------------------------------------
Detailed RTL Component Info : 
+---Adders : 
	   2 Input    4 Bit       Adders := 1     
+---Registers : 
	               32 Bit    Registers := 3     
	                9 Bit    Registers := 1     
	                4 Bit    Registers := 1     
	                2 Bit    Registers := 3     
	                1 Bit    Registers := 20    
+---Muxes : 
	   5 Input   32 Bit        Muxes := 1     
	   2 Input   32 Bit        Muxes := 1     
	   2 Input    9 Bit        Muxes := 1     
	   4 Input    4 Bit        Muxes := 1     
	   2 Input    4 Bit        Muxes := 5     
	   2 Input    2 Bit        Muxes := 3     
	   3 Input    2 Bit        Muxes := 1     
	   4 Input    2 Bit        Muxes := 1     
	   2 Input    1 Bit        Muxes := 9     
	   4 Input    1 Bit        Muxes := 3     
---------------------------------------------------------------------------------
Finished RTL Component Statistics 
---------------------------------------------------------------------------------
---------------------------------------------------------------------------------
Start Part Resource Summary
---------------------------------------------------------------------------------
Part Resources:
DSPs: 220 (col length:60)
BRAMs: 280 (col length: RAMB18 60 RAMB36 30)
---------------------------------------------------------------------------------
Finished Part Resource Summary
---------------------------------------------------------------------------------
---------------------------------------------------------------------------------
Start Cross Boundary and Area Optimization
---------------------------------------------------------------------------------
WARNING: [Synth 8-7080] Parallel synthesis criteria is not met
WARNING: [Synth 8-7129] Port s_axi_wstrb[3] in module axi_gpio is either unconnected or has no load
WARNING: [Synth 8-7129] Port s_axi_wstrb[2] in module axi_gpio is either unconnected or has no load
WARNING: [Synth 8-7129] Port s_axi_wstrb[1] in module axi_gpio is either unconnected or has no load
WARNING: [Synth 8-7129] Port s_axi_wstrb[0] in module axi_gpio is either unconnected or has no load
WARNING: [Synth 8-7129] Port gpio2_io_i[31] in module axi_gpio is either unconnected or has no load
WARNING: [Synth 8-7129] Port gpio2_io_i[30] in module axi_gpio is either unconnected or has no load
WARNING: [Synth 8-7129] Port gpio2_io_i[29] in module axi_gpio is either unconnected or has no load
WARNING: [Synth 8-7129] Port gpio2_io_i[28] in module axi_gpio is either unconnected or has no load
WARNING: [Synth 8-7129] Port gpio2_io_i[27] in module axi_gpio is either unconnected or has no load
WARNING: [Synth 8-7129] Port gpio2_io_i[26] in module axi_gpio is either unconnected or has no load
WARNING: [Synth 8-7129] Port gpio2_io_i[25] in module axi_gpio is either unconnected or has no load
WARNING: [Synth 8-7129] Port gpio2_io_i[24] in module axi_gpio is either unconnected or has no load
WARNING: [Synth 8-7129] Port gpio2_io_i[23] in module axi_gpio is either unconnected or has no load
WARNING: [Synth 8-7129] Port gpio2_io_i[22] in module axi_gpio is either unconnected or has no load
WARNING: [Synth 8-7129] Port gpio2_io_i[21] in module axi_gpio is either unconnected or has no load
WARNING: [Synth 8-7129] Port gpio2_io_i[20] in module axi_gpio is either unconnected or has no load
WARNING: [Synth 8-7129] Port gpio2_io_i[19] in module axi_gpio is either unconnected or has no load
WARNING: [Synth 8-7129] Port gpio2_io_i[18] in module axi_gpio is either unconnected or has no load
WARNING: [Synth 8-7129] Port gpio2_io_i[17] in module axi_gpio is either unconnected or has no load
WARNING: [Synth 8-7129] Port gpio2_io_i[16] in module axi_gpio is either unconnected or has no load
WARNING: [Synth 8-7129] Port gpio2_io_i[15] in module axi_gpio is either unconnected or has no load
WARNING: [Synth 8-7129] Port gpio2_io_i[14] in module axi_gpio is either unconnected or has no load
WARNING: [Synth 8-7129] Port gpio2_io_i[13] in module axi_gpio is either unconnected or has no load
WARNING: [Synth 8-7129] Port gpio2_io_i[12] in module axi_gpio is either unconnected or has no load
WARNING: [Synth 8-7129] Port gpio2_io_i[11] in module axi_gpio is either unconnected or has no load
WARNING: [Synth 8-7129] Port gpio2_io_i[10] in module axi_gpio is either unconnected or has no load
WARNING: [Synth 8-7129] Port gpio2_io_i[9] in module axi_gpio is either unconnected or has no load
WARNING: [Synth 8-7129] Port gpio2_io_i[8] in module axi_gpio is either unconnected or has no load
WARNING: [Synth 8-7129] Port gpio2_io_i[7] in module axi_gpio is either unconnected or has no load
WARNING: [Synth 8-7129] Port gpio2_io_i[6] in module axi_gpio is either unconnected or has no load
WARNING: [Synth 8-7129] Port gpio2_io_i[5] in module axi_gpio is either unconnected or has no load
WARNING: [Synth 8-7129] Port gpio2_io_i[4] in module axi_gpio is either unconnected or has no load
WARNING: [Synth 8-7129] Port gpio2_io_i[3] in module axi_gpio is either unconnected or has no load
WARNING: [Synth 8-7129] Port gpio2_io_i[2] in module axi_gpio is either unconnected or has no load
WARNING: [Synth 8-7129] Port gpio2_io_i[1] in module axi_gpio is either unconnected or has no load
WARNING: [Synth 8-7129] Port gpio2_io_i[0] in module axi_gpio is either unconnected or has no load
INFO: [Synth 8-3332] Sequential element (gpio_core_1/Not_Dual.INPUT_DOUBLE_REGS3/GENERATE_LEVEL_P_S_CDC.MULTI_BIT.FOR_IN_cdc_to[0].CROSS2_PLEVEL_IN2SCNDRY_IN_cdc_to) is unused and will be removed from module axi_gpio.
INFO: [Synth 8-3332] Sequential element (gpio_core_1/Not_Dual.INPUT_DOUBLE_REGS3/GENERATE_LEVEL_P_S_CDC.MULTI_BIT.FOR_CROSS_PLEVEL_IN2SCNDRY_bus_d2[0].CROSS2_PLEVEL_IN2SCNDRY_s_level_out_bus_d2) is unused and will be removed from module axi_gpio.
INFO: [Synth 8-3332] Sequential element (gpio_core_1/Not_Dual.INPUT_DOUBLE_REGS3/GENERATE_LEVEL_P_S_CDC.MULTI_BIT.FOR_CROSS_PLEVEL_IN2SCNDRY_bus_d3[0].CROSS2_PLEVEL_IN2SCNDRY_s_level_out_bus_d3) is unused and will be removed from module axi_gpio.
INFO: [Synth 8-3332] Sequential element (gpio_core_1/Not_Dual.INPUT_DOUBLE_REGS3/GENERATE_LEVEL_P_S_CDC.MULTI_BIT.FOR_CROSS_PLEVEL_IN2SCNDRY_bus_d4[0].CROSS2_PLEVEL_IN2SCNDRY_s_level_out_bus_d4) is unused and will be removed from module axi_gpio.
INFO: [Synth 8-3332] Sequential element (gpio_core_1/Not_Dual.INPUT_DOUBLE_REGS3/GENERATE_LEVEL_P_S_CDC.MULTI_BIT.FOR_CROSS_PLEVEL_IN2SCNDRY_bus_d5[0].CROSS2_PLEVEL_IN2SCNDRY_s_level_out_bus_d5) is unused and will be removed from module axi_gpio.
INFO: [Synth 8-3332] Sequential element (gpio_core_1/Not_Dual.INPUT_DOUBLE_REGS3/GENERATE_LEVEL_P_S_CDC.MULTI_BIT.FOR_CROSS_PLEVEL_IN2SCNDRY_bus_d6[0].CROSS2_PLEVEL_IN2SCNDRY_s_level_out_bus_d6) is unused and will be removed from module axi_gpio.
---------------------------------------------------------------------------------
Finished Cross Boundary and Area Optimization : Time (s): cpu = 00:00:20 ; elapsed = 00:00:21 . Memory (MB): peak = 2210.070 ; gain = 664.332 ; free physical = 3326 ; free virtual = 8835
---------------------------------------------------------------------------------
---------------------------------------------------------------------------------
Start Applying XDC Timing Constraints
---------------------------------------------------------------------------------
---------------------------------------------------------------------------------
Finished Applying XDC Timing Constraints : Time (s): cpu = 00:00:28 ; elapsed = 00:00:28 . Memory (MB): peak = 2233.070 ; gain = 687.332 ; free physical = 3246 ; free virtual = 8755
---------------------------------------------------------------------------------
---------------------------------------------------------------------------------
Start Timing Optimization
---------------------------------------------------------------------------------
---------------------------------------------------------------------------------
Finished Timing Optimization : Time (s): cpu = 00:00:28 ; elapsed = 00:00:29 . Memory (MB): peak = 2262.117 ; gain = 716.379 ; free physical = 3223 ; free virtual = 8731
---------------------------------------------------------------------------------
---------------------------------------------------------------------------------
Start Technology Mapping
---------------------------------------------------------------------------------
---------------------------------------------------------------------------------
Finished Technology Mapping : Time (s): cpu = 00:00:28 ; elapsed = 00:00:29 . Memory (MB): peak = 2262.117 ; gain = 716.379 ; free physical = 3223 ; free virtual = 8731
---------------------------------------------------------------------------------
---------------------------------------------------------------------------------
Start IO Insertion
---------------------------------------------------------------------------------
---------------------------------------------------------------------------------
Start Flattening Before IO Insertion
---------------------------------------------------------------------------------
---------------------------------------------------------------------------------
Finished Flattening Before IO Insertion
---------------------------------------------------------------------------------
---------------------------------------------------------------------------------
Start Final Netlist Cleanup
---------------------------------------------------------------------------------
---------------------------------------------------------------------------------
Finished Final Netlist Cleanup
---------------------------------------------------------------------------------
---------------------------------------------------------------------------------
Finished IO Insertion : Time (s): cpu = 00:00:33 ; elapsed = 00:00:33 . Memory (MB): peak = 2413.930 ; gain = 868.191 ; free physical = 2922 ; free virtual = 8431
---------------------------------------------------------------------------------
---------------------------------------------------------------------------------
Start Renaming Generated Instances
---------------------------------------------------------------------------------
---------------------------------------------------------------------------------
Finished Renaming Generated Instances : Time (s): cpu = 00:00:33 ; elapsed = 00:00:33 . Memory (MB): peak = 2413.930 ; gain = 868.191 ; free physical = 2922 ; free virtual = 8431
---------------------------------------------------------------------------------
---------------------------------------------------------------------------------
Start Rebuilding User Hierarchy
---------------------------------------------------------------------------------
---------------------------------------------------------------------------------
Finished Rebuilding User Hierarchy : Time (s): cpu = 00:00:33 ; elapsed = 00:00:33 . Memory (MB): peak = 2413.930 ; gain = 868.191 ; free physical = 2922 ; free virtual = 8431
---------------------------------------------------------------------------------
---------------------------------------------------------------------------------
Start Renaming Generated Ports
---------------------------------------------------------------------------------
---------------------------------------------------------------------------------
Finished Renaming Generated Ports : Time (s): cpu = 00:00:33 ; elapsed = 00:00:33 . Memory (MB): peak = 2413.930 ; gain = 868.191 ; free physical = 2922 ; free virtual = 8431
---------------------------------------------------------------------------------
---------------------------------------------------------------------------------
Start Handling Custom Attributes
---------------------------------------------------------------------------------
---------------------------------------------------------------------------------
Finished Handling Custom Attributes : Time (s): cpu = 00:00:33 ; elapsed = 00:00:33 . Memory (MB): peak = 2413.930 ; gain = 868.191 ; free physical = 2922 ; free virtual = 8431
---------------------------------------------------------------------------------
---------------------------------------------------------------------------------
Start Renaming Generated Nets
---------------------------------------------------------------------------------
---------------------------------------------------------------------------------
Finished Renaming Generated Nets : Time (s): cpu = 00:00:33 ; elapsed = 00:00:33 . Memory (MB): peak = 2413.930 ; gain = 868.191 ; free physical = 2920 ; free virtual = 8429
---------------------------------------------------------------------------------
---------------------------------------------------------------------------------
Start Writing Synthesis Report
---------------------------------------------------------------------------------

Report BlackBoxes: 
+-+--------------+----------+
| |BlackBox name |Instances |
+-+--------------+----------+
+-+--------------+----------+

Report Cell Usage: 
+------+-----+------+
|      |Cell |Count |
+------+-----+------+
|1     |LUT1 |     2|
|2     |LUT2 |     9|
|3     |LUT3 |     9|
|4     |LUT4 |     3|
|5     |LUT5 |    10|
|6     |LUT6 |    10|
|7     |FDRE |    35|
|8     |FDSE |     1|
+------+-----+------+
---------------------------------------------------------------------------------
Finished Writing Synthesis Report : Time (s): cpu = 00:00:33 ; elapsed = 00:00:33 . Memory (MB): peak = 2413.930 ; gain = 868.191 ; free physical = 2920 ; free virtual = 8429
---------------------------------------------------------------------------------
Synthesis finished with 0 errors, 0 critical warnings and 37 warnings.
Synthesis Optimization Runtime : Time (s): cpu = 00:00:30 ; elapsed = 00:00:31 . Memory (MB): peak = 2413.930 ; gain = 728.441 ; free physical = 2916 ; free virtual = 8425
Synthesis Optimization Complete : Time (s): cpu = 00:00:33 ; elapsed = 00:00:34 . Memory (MB): peak = 2413.938 ; gain = 868.191 ; free physical = 2916 ; free virtual = 8425
INFO: [Project 1-571] Translating synthesized netlist
Netlist sorting complete. Time (s): cpu = 00:00:00.01 ; elapsed = 00:00:00.01 . Memory (MB): peak = 2413.938 ; gain = 0.000 ; free physical = 2916 ; free virtual = 8425
INFO: [Project 1-570] Preparing netlist for logic optimization
INFO: [Opt 31-138] Pushed 0 inverter(s) to 0 load pin(s).
Netlist sorting complete. Time (s): cpu = 00:00:00 ; elapsed = 00:00:00 . Memory (MB): peak = 2469.957 ; gain = 0.000 ; free physical = 3131 ; free virtual = 8640
INFO: [Project 1-111] Unisim Transformation Summary:
No Unisim elements were transformed.

Synth Design complete | Checksum: e783414
INFO: [Common 17-83] Releasing license: Synthesis
55 Infos, 97 Warnings, 0 Critical Warnings and 0 Errors encountered.
synth_design completed successfully
synth_design: Time (s): cpu = 00:00:43 ; elapsed = 00:00:40 . Memory (MB): peak = 2469.957 ; gain = 1107.098 ; free physical = 3133 ; free virtual = 8642
INFO: [Common 17-2834] synth_design peak Physical Memory [PSS] (MB): overall = 1618.621; main = 1520.984; forked = 226.559
INFO: [Common 17-2834] synth_design peak Virtual Memory [VSS] (MB): overall = 3239.504; main = 2469.961; forked = 942.383
Write ShapeDB Complete: Time (s): cpu = 00:00:00 ; elapsed = 00:00:00 . Memory (MB): peak = 2493.969 ; gain = 0.000 ; free physical = 3133 ; free virtual = 8642
INFO: [Common 17-1381] The checkpoint '/home/carbon/kambadur/Projects/Vivado/zed_nand_axi_gpio/zed_nand_axi_gpio.runs/zynq_axi_gpio_axi_gpio_1_0_synth_1/zynq_axi_gpio_axi_gpio_1_0.dcp' has been generated.
INFO: [Coretcl 2-1648] Added synthesis output to IP cache for IP zynq_axi_gpio_axi_gpio_1_0, cache-ID = 83d3458843f2fe95
INFO: [Coretcl 2-1174] Renamed 7 cell refs.
Write ShapeDB Complete: Time (s): cpu = 00:00:00 ; elapsed = 00:00:00 . Memory (MB): peak = 2493.969 ; gain = 0.000 ; free physical = 3131 ; free virtual = 8641
INFO: [Common 17-1381] The checkpoint '/home/carbon/kambadur/Projects/Vivado/zed_nand_axi_gpio/zed_nand_axi_gpio.runs/zynq_axi_gpio_axi_gpio_1_0_synth_1/zynq_axi_gpio_axi_gpio_1_0.dcp' has been generated.
INFO: [Vivado 12-24828] Executing command : report_utilization -file zynq_axi_gpio_axi_gpio_1_0_utilization_synth.rpt -pb zynq_axi_gpio_axi_gpio_1_0_utilization_synth.pb
INFO: [Common 17-206] Exiting Vivado at Wed Jan 15 05:28:47 2025...
