
*** Running vivado
    with args -log mb_uart_wrapper.vdi -applog -m64 -product Vivado -messageDb vivado.pb -mode batch -source mb_uart_wrapper.tcl -notrace


****** Vivado v2024.2 (64-bit)
  **** SW Build 5239630 on Fri Nov 08 22:34:34 MST 2024
  **** IP Build 5239520 on Sun Nov 10 16:12:51 MST 2024
  **** SharedData Build 5239561 on Fri Nov 08 14:39:27 MST 2024
  **** Start of session at: Thu Jan  2 14:59:52 2025
    ** Copyright 1986-2022 Xilinx, Inc. All Rights Reserved.
    ** Copyright 2022-2024 Advanced Micro Devices, Inc. All Rights Reserved.

source mb_uart_wrapper.tcl -notrace
INFO: [IP_Flow 19-234] Refreshing IP repositories
INFO: [IP_Flow 19-1704] No user IP repositories specified
INFO: [IP_Flow 19-2313] Loaded Vivado IP repository '/tools/Xilinx/Vivado/2024.2/data/ip'.
Command: link_design -top mb_uart_wrapper -part xc7a100tcsg324-1
Design is defaulting to srcset: sources_1
Design is defaulting to constrset: constrs_1
INFO: [Device 21-403] Loading part xc7a100tcsg324-1
INFO: [Project 1-454] Reading design checkpoint '/home/carbon/kambadur/Projects/Vivado/mb_uart/mb_uart.gen/sources_1/bd/mb_uart/ip/mb_uart_axi_smc_0/mb_uart_axi_smc_0.dcp' for cell 'mb_uart_i/axi_smc'
INFO: [Project 1-454] Reading design checkpoint '/home/carbon/kambadur/Projects/Vivado/mb_uart/mb_uart.gen/sources_1/bd/mb_uart/ip/mb_uart_axi_uartlite_0_0/mb_uart_axi_uartlite_0_0.dcp' for cell 'mb_uart_i/axi_uartlite_0'
INFO: [Project 1-454] Reading design checkpoint '/home/carbon/kambadur/Projects/Vivado/mb_uart/mb_uart.gen/sources_1/bd/mb_uart/ip/mb_uart_clk_wiz_1_0/mb_uart_clk_wiz_1_0.dcp' for cell 'mb_uart_i/clk_wiz_1'
INFO: [Project 1-454] Reading design checkpoint '/home/carbon/kambadur/Projects/Vivado/mb_uart/mb_uart.gen/sources_1/bd/mb_uart/ip/mb_uart_mdm_1_0/mb_uart_mdm_1_0.dcp' for cell 'mb_uart_i/mdm_1'
INFO: [Project 1-454] Reading design checkpoint '/home/carbon/kambadur/Projects/Vivado/mb_uart/mb_uart.gen/sources_1/bd/mb_uart/ip/mb_uart_microblaze_0_0/mb_uart_microblaze_0_0.dcp' for cell 'mb_uart_i/microblaze_0'
INFO: [Project 1-454] Reading design checkpoint '/home/carbon/kambadur/Projects/Vivado/mb_uart/mb_uart.gen/sources_1/bd/mb_uart/ip/mb_uart_reset_inv_0_0/mb_uart_reset_inv_0_0.dcp' for cell 'mb_uart_i/reset_inv_0'
INFO: [Project 1-454] Reading design checkpoint '/home/carbon/kambadur/Projects/Vivado/mb_uart/mb_uart.gen/sources_1/bd/mb_uart/ip/mb_uart_rst_clk_wiz_1_100M_0/mb_uart_rst_clk_wiz_1_100M_0.dcp' for cell 'mb_uart_i/rst_clk_wiz_1_100M'
INFO: [Project 1-454] Reading design checkpoint '/home/carbon/kambadur/Projects/Vivado/mb_uart/mb_uart.gen/sources_1/bd/mb_uart/ip/mb_uart_dlmb_bram_if_cntlr_0/mb_uart_dlmb_bram_if_cntlr_0.dcp' for cell 'mb_uart_i/microblaze_0_local_memory/dlmb_bram_if_cntlr'
INFO: [Project 1-454] Reading design checkpoint '/home/carbon/kambadur/Projects/Vivado/mb_uart/mb_uart.gen/sources_1/bd/mb_uart/ip/mb_uart_dlmb_v10_0/mb_uart_dlmb_v10_0.dcp' for cell 'mb_uart_i/microblaze_0_local_memory/dlmb_v10'
INFO: [Project 1-454] Reading design checkpoint '/home/carbon/kambadur/Projects/Vivado/mb_uart/mb_uart.gen/sources_1/bd/mb_uart/ip/mb_uart_ilmb_bram_if_cntlr_0/mb_uart_ilmb_bram_if_cntlr_0.dcp' for cell 'mb_uart_i/microblaze_0_local_memory/ilmb_bram_if_cntlr'
INFO: [Project 1-454] Reading design checkpoint '/home/carbon/kambadur/Projects/Vivado/mb_uart/mb_uart.gen/sources_1/bd/mb_uart/ip/mb_uart_ilmb_v10_0/mb_uart_ilmb_v10_0.dcp' for cell 'mb_uart_i/microblaze_0_local_memory/ilmb_v10'
INFO: [Project 1-454] Reading design checkpoint '/home/carbon/kambadur/Projects/Vivado/mb_uart/mb_uart.gen/sources_1/bd/mb_uart/ip/mb_uart_lmb_bram_0/mb_uart_lmb_bram_0.dcp' for cell 'mb_uart_i/microblaze_0_local_memory/lmb_bram'
Netlist sorting complete. Time (s): cpu = 00:00:00.16 ; elapsed = 00:00:00.16 . Memory (MB): peak = 1553.926 ; gain = 0.000 ; free physical = 1078 ; free virtual = 4561
INFO: [Netlist 29-17] Analyzing 249 Unisim elements for replacement
INFO: [Netlist 29-28] Unisim Transformation completed in 0 CPU seconds
INFO: [Project 1-479] Netlist was created with Vivado 2024.2
INFO: [Project 1-570] Preparing netlist for logic optimization
Parsing XDC File [/home/carbon/kambadur/Projects/Vivado/mb_uart/mb_uart.gen/sources_1/bd/mb_uart/ip/mb_uart_microblaze_0_0/mb_uart_microblaze_0_0.xdc] for cell 'mb_uart_i/microblaze_0/U0'
Finished Parsing XDC File [/home/carbon/kambadur/Projects/Vivado/mb_uart/mb_uart.gen/sources_1/bd/mb_uart/ip/mb_uart_microblaze_0_0/mb_uart_microblaze_0_0.xdc] for cell 'mb_uart_i/microblaze_0/U0'
Parsing XDC File [/home/carbon/kambadur/Projects/Vivado/mb_uart/mb_uart.gen/sources_1/bd/mb_uart/ip/mb_uart_clk_wiz_1_0/mb_uart_clk_wiz_1_0_board.xdc] for cell 'mb_uart_i/clk_wiz_1/inst'
Finished Parsing XDC File [/home/carbon/kambadur/Projects/Vivado/mb_uart/mb_uart.gen/sources_1/bd/mb_uart/ip/mb_uart_clk_wiz_1_0/mb_uart_clk_wiz_1_0_board.xdc] for cell 'mb_uart_i/clk_wiz_1/inst'
Parsing XDC File [/home/carbon/kambadur/Projects/Vivado/mb_uart/mb_uart.gen/sources_1/bd/mb_uart/ip/mb_uart_clk_wiz_1_0/mb_uart_clk_wiz_1_0.xdc] for cell 'mb_uart_i/clk_wiz_1/inst'
INFO: [Timing 38-35] Done setting XDC timing constraints. [/home/carbon/kambadur/Projects/Vivado/mb_uart/mb_uart.gen/sources_1/bd/mb_uart/ip/mb_uart_clk_wiz_1_0/mb_uart_clk_wiz_1_0.xdc:54]
INFO: [Timing 38-2] Deriving generated clocks [/home/carbon/kambadur/Projects/Vivado/mb_uart/mb_uart.gen/sources_1/bd/mb_uart/ip/mb_uart_clk_wiz_1_0/mb_uart_clk_wiz_1_0.xdc:54]
get_clocks: Time (s): cpu = 00:00:10 ; elapsed = 00:00:10 . Memory (MB): peak = 2309.250 ; gain = 524.703 ; free physical = 387 ; free virtual = 3936
Finished Parsing XDC File [/home/carbon/kambadur/Projects/Vivado/mb_uart/mb_uart.gen/sources_1/bd/mb_uart/ip/mb_uart_clk_wiz_1_0/mb_uart_clk_wiz_1_0.xdc] for cell 'mb_uart_i/clk_wiz_1/inst'
Parsing XDC File [/home/carbon/kambadur/Projects/Vivado/mb_uart/mb_uart.gen/sources_1/bd/mb_uart/ip/mb_uart_rst_clk_wiz_1_100M_0/mb_uart_rst_clk_wiz_1_100M_0_board.xdc] for cell 'mb_uart_i/rst_clk_wiz_1_100M/U0'
Finished Parsing XDC File [/home/carbon/kambadur/Projects/Vivado/mb_uart/mb_uart.gen/sources_1/bd/mb_uart/ip/mb_uart_rst_clk_wiz_1_100M_0/mb_uart_rst_clk_wiz_1_100M_0_board.xdc] for cell 'mb_uart_i/rst_clk_wiz_1_100M/U0'
Parsing XDC File [/home/carbon/kambadur/Projects/Vivado/mb_uart/mb_uart.gen/sources_1/bd/mb_uart/ip/mb_uart_rst_clk_wiz_1_100M_0/mb_uart_rst_clk_wiz_1_100M_0.xdc] for cell 'mb_uart_i/rst_clk_wiz_1_100M/U0'
Finished Parsing XDC File [/home/carbon/kambadur/Projects/Vivado/mb_uart/mb_uart.gen/sources_1/bd/mb_uart/ip/mb_uart_rst_clk_wiz_1_100M_0/mb_uart_rst_clk_wiz_1_100M_0.xdc] for cell 'mb_uart_i/rst_clk_wiz_1_100M/U0'
Parsing XDC File [/home/carbon/kambadur/Projects/Vivado/mb_uart/mb_uart.gen/sources_1/bd/mb_uart/ip/mb_uart_axi_uartlite_0_0/mb_uart_axi_uartlite_0_0_board.xdc] for cell 'mb_uart_i/axi_uartlite_0/U0'
Finished Parsing XDC File [/home/carbon/kambadur/Projects/Vivado/mb_uart/mb_uart.gen/sources_1/bd/mb_uart/ip/mb_uart_axi_uartlite_0_0/mb_uart_axi_uartlite_0_0_board.xdc] for cell 'mb_uart_i/axi_uartlite_0/U0'
Parsing XDC File [/home/carbon/kambadur/Projects/Vivado/mb_uart/mb_uart.gen/sources_1/bd/mb_uart/ip/mb_uart_axi_uartlite_0_0/mb_uart_axi_uartlite_0_0.xdc] for cell 'mb_uart_i/axi_uartlite_0/U0'
Finished Parsing XDC File [/home/carbon/kambadur/Projects/Vivado/mb_uart/mb_uart.gen/sources_1/bd/mb_uart/ip/mb_uart_axi_uartlite_0_0/mb_uart_axi_uartlite_0_0.xdc] for cell 'mb_uart_i/axi_uartlite_0/U0'
Parsing XDC File [/home/carbon/kambadur/Projects/Vivado/mb_uart/mb_uart.gen/sources_1/bd/mb_uart/ip/mb_uart_axi_smc_0/bd_0/ip/ip_1/bd_744f_psr_aclk_0_board.xdc] for cell 'mb_uart_i/axi_smc/inst/clk_map/psr_aclk/U0'
Finished Parsing XDC File [/home/carbon/kambadur/Projects/Vivado/mb_uart/mb_uart.gen/sources_1/bd/mb_uart/ip/mb_uart_axi_smc_0/bd_0/ip/ip_1/bd_744f_psr_aclk_0_board.xdc] for cell 'mb_uart_i/axi_smc/inst/clk_map/psr_aclk/U0'
Parsing XDC File [/home/carbon/kambadur/Projects/Vivado/mb_uart/mb_uart.gen/sources_1/bd/mb_uart/ip/mb_uart_axi_smc_0/bd_0/ip/ip_1/bd_744f_psr_aclk_0.xdc] for cell 'mb_uart_i/axi_smc/inst/clk_map/psr_aclk/U0'
Finished Parsing XDC File [/home/carbon/kambadur/Projects/Vivado/mb_uart/mb_uart.gen/sources_1/bd/mb_uart/ip/mb_uart_axi_smc_0/bd_0/ip/ip_1/bd_744f_psr_aclk_0.xdc] for cell 'mb_uart_i/axi_smc/inst/clk_map/psr_aclk/U0'
Parsing XDC File [/home/carbon/kambadur/Projects/Vivado/mb_uart/mb_uart.gen/sources_1/bd/mb_uart/ip/mb_uart_axi_smc_0/smartconnect.xdc] for cell 'mb_uart_i/axi_smc/inst'
Finished Parsing XDC File [/home/carbon/kambadur/Projects/Vivado/mb_uart/mb_uart.gen/sources_1/bd/mb_uart/ip/mb_uart_axi_smc_0/smartconnect.xdc] for cell 'mb_uart_i/axi_smc/inst'
Parsing XDC File [/home/carbon/kambadur/Projects/Vivado/mb_uart/mb_uart.srcs/constrs_1/new/Nexys4.xdc]
Finished Parsing XDC File [/home/carbon/kambadur/Projects/Vivado/mb_uart/mb_uart.srcs/constrs_1/new/Nexys4.xdc]
Parsing XDC File [/home/carbon/kambadur/Projects/Vivado/mb_uart/mb_uart.gen/sources_1/bd/mb_uart/ip/mb_uart_mdm_1_0/mb_uart_mdm_1_0.xdc] for cell 'mb_uart_i/mdm_1/U0'
Finished Parsing XDC File [/home/carbon/kambadur/Projects/Vivado/mb_uart/mb_uart.gen/sources_1/bd/mb_uart/ip/mb_uart_mdm_1_0/mb_uart_mdm_1_0.xdc] for cell 'mb_uart_i/mdm_1/U0'
INFO: [Project 1-1714] 14 XPM XDC files have been applied to the design.
INFO: [Opt 31-138] Pushed 0 inverter(s) to 0 load pin(s).
Generating merged BMM file for the design top 'mb_uart_wrapper'...
INFO: [Memdata 28-144] Successfully populated the BRAM INIT strings from the following elf files: /home/carbon/kambadur/Projects/Vivado/mb_uart/mb_uart.gen/sources_1/bd/mb_uart/ip/mb_uart_microblaze_0_0/data/mb_bootloop_le.elf 
Netlist sorting complete. Time (s): cpu = 00:00:00 ; elapsed = 00:00:00 . Memory (MB): peak = 2309.250 ; gain = 0.000 ; free physical = 372 ; free virtual = 3921
INFO: [Project 1-111] Unisim Transformation Summary:
  A total of 96 instances were transformed.
  LUT6_2 => LUT6_2 (LUT5, LUT6): 80 instances
  RAM32M => RAM32M (RAMD32(x6), RAMS32(x2)): 16 instances

26 Infos, 0 Warnings, 0 Critical Warnings and 0 Errors encountered.
link_design completed successfully
link_design: Time (s): cpu = 00:00:18 ; elapsed = 00:00:19 . Memory (MB): peak = 2309.250 ; gain = 930.270 ; free physical = 372 ; free virtual = 3921
Command: opt_design
Attempting to get a license for feature 'Implementation' and/or device 'xc7a100t'
INFO: [Common 17-349] Got license for feature 'Implementation' and/or device 'xc7a100t'
Running DRC as a precondition to command opt_design

Starting DRC Task
INFO: [DRC 23-27] Running DRC with 4 threads
INFO: [Project 1-461] DRC finished with 0 Errors
INFO: [Project 1-462] Please refer to the DRC report (report_drc) for more information.

Time (s): cpu = 00:00:03 ; elapsed = 00:00:01 . Memory (MB): peak = 2309.250 ; gain = 0.000 ; free physical = 369 ; free virtual = 3919

Starting Cache Timing Information Task
INFO: [Timing 38-35] Done setting XDC timing constraints.
Ending Cache Timing Information Task | Checksum: 1bf2f32d2

Time (s): cpu = 00:00:00.35 ; elapsed = 00:00:00.23 . Memory (MB): peak = 2342.062 ; gain = 32.812 ; free physical = 352 ; free virtual = 3902

Starting Logic Optimization Task

Phase 1 Initialization

Phase 1.1 Core Generation And Design Setup
Phase 1.1 Core Generation And Design Setup | Checksum: 1bf2f32d2

Time (s): cpu = 00:00:00.01 ; elapsed = 00:00:00.01 . Memory (MB): peak = 2678.047 ; gain = 0.000 ; free physical = 200 ; free virtual = 3572

Phase 1.2 Setup Constraints And Sort Netlist
Phase 1.2 Setup Constraints And Sort Netlist | Checksum: 1bf2f32d2

Time (s): cpu = 00:00:00.01 ; elapsed = 00:00:00.02 . Memory (MB): peak = 2678.047 ; gain = 0.000 ; free physical = 200 ; free virtual = 3572
Phase 1 Initialization | Checksum: 1bf2f32d2

Time (s): cpu = 00:00:00.01 ; elapsed = 00:00:00.02 . Memory (MB): peak = 2678.047 ; gain = 0.000 ; free physical = 200 ; free virtual = 3572

Phase 2 Timer Update And Timing Data Collection

Phase 2.1 Timer Update
Phase 2.1 Timer Update | Checksum: 1bf2f32d2

Time (s): cpu = 00:00:00.18 ; elapsed = 00:00:00.1 . Memory (MB): peak = 2678.047 ; gain = 0.000 ; free physical = 214 ; free virtual = 3584

Phase 2.2 Timing Data Collection
Phase 2.2 Timing Data Collection | Checksum: 1bf2f32d2

Time (s): cpu = 00:00:00.2 ; elapsed = 00:00:00.11 . Memory (MB): peak = 2678.047 ; gain = 0.000 ; free physical = 214 ; free virtual = 3584
Phase 2 Timer Update And Timing Data Collection | Checksum: 1bf2f32d2

Time (s): cpu = 00:00:00.2 ; elapsed = 00:00:00.11 . Memory (MB): peak = 2678.047 ; gain = 0.000 ; free physical = 214 ; free virtual = 3584

Phase 3 Retarget
INFO: [Opt 31-1851] Number of loadless carry chains removed were: 0
INFO: [Opt 31-1834] Total Chains To Be Transformed Were: 0 AND Number of Transformed insts Created are: 0
INFO: [Opt 31-1566] Pulled 1 inverters resulting in an inversion of 14 pins
INFO: [Opt 31-138] Pushed 12 inverter(s) to 31 load pin(s).
INFO: [Opt 31-49] Retargeted 0 cell(s).
Phase 3 Retarget | Checksum: 20663c41c

Time (s): cpu = 00:00:00.37 ; elapsed = 00:00:00.28 . Memory (MB): peak = 2678.047 ; gain = 0.000 ; free physical = 213 ; free virtual = 3583
Retarget | Checksum: 20663c41c
INFO: [Opt 31-389] Phase Retarget created 18 cells and removed 50 cells
INFO: [Opt 31-1021] In phase Retarget, 23 netlist objects are constrained preventing optimization. Please run opt_design with -debug_log to get more detail. 

Phase 4 Constant propagation
INFO: [Opt 31-138] Pushed 0 inverter(s) to 0 load pin(s).
Phase 4 Constant propagation | Checksum: 1f75812d0

Time (s): cpu = 00:00:00.44 ; elapsed = 00:00:00.35 . Memory (MB): peak = 2678.047 ; gain = 0.000 ; free physical = 213 ; free virtual = 3583
Constant propagation | Checksum: 1f75812d0
INFO: [Opt 31-389] Phase Constant propagation created 21 cells and removed 121 cells
INFO: [Opt 31-1021] In phase Constant propagation, 21 netlist objects are constrained preventing optimization. Please run opt_design with -debug_log to get more detail. 

Phase 5 Sweep
INFO: [Constraints 18-11670] Building netlist checker database with flags, 0x8
Done building netlist checker database: Time (s): cpu = 00:00:00 ; elapsed = 00:00:00 . Memory (MB): peak = 2678.047 ; gain = 0.000 ; free physical = 209 ; free virtual = 3579
INFO: [Constraints 18-11670] Building netlist checker database with flags, 0x8
Done building netlist checker database: Time (s): cpu = 00:00:00 ; elapsed = 00:00:00 . Memory (MB): peak = 2678.047 ; gain = 0.000 ; free physical = 204 ; free virtual = 3574
Phase 5 Sweep | Checksum: 2634fc6d6

Time (s): cpu = 00:00:01 ; elapsed = 00:00:01 . Memory (MB): peak = 2678.047 ; gain = 0.000 ; free physical = 205 ; free virtual = 3575
Sweep | Checksum: 2634fc6d6
INFO: [Opt 31-389] Phase Sweep created 0 cells and removed 163 cells
INFO: [Opt 31-1021] In phase Sweep, 26 netlist objects are constrained preventing optimization. Please run opt_design with -debug_log to get more detail. 

Phase 6 BUFG optimization
INFO: [Opt 31-194] Inserted BUFG mb_uart_i/mdm_1/U0/Use_E2.BSCAN_I/Dbg_Update_0_BUFG_inst to drive 39 load(s) on clock net mb_uart_i/mdm_1/U0/Use_E2.BSCAN_I/Dbg_Update_0_BUFG
INFO: [Opt 31-193] Inserted 1 BUFG(s) on clock nets
Phase 6 BUFG optimization | Checksum: 19986fa9e

Time (s): cpu = 00:00:01 ; elapsed = 00:00:01 . Memory (MB): peak = 2710.062 ; gain = 32.016 ; free physical = 204 ; free virtual = 3574
BUFG optimization | Checksum: 19986fa9e
INFO: [Opt 31-662] Phase BUFG optimization created 1 cells of which 1 are BUFGs and removed 0 cells.

Phase 7 Shift Register Optimization
INFO: [Opt 31-1064] SRL Remap converted 0 SRLs to 0 registers and converted 0 registers of register chains to 0 SRLs
Phase 7 Shift Register Optimization | Checksum: 19986fa9e

Time (s): cpu = 00:00:01 ; elapsed = 00:00:01 . Memory (MB): peak = 2710.062 ; gain = 32.016 ; free physical = 203 ; free virtual = 3574
Shift Register Optimization | Checksum: 19986fa9e
INFO: [Opt 31-389] Phase Shift Register Optimization created 0 cells and removed 0 cells

Phase 8 Post Processing Netlist
Phase 8 Post Processing Netlist | Checksum: 19986fa9e

Time (s): cpu = 00:00:01 ; elapsed = 00:00:01 . Memory (MB): peak = 2710.062 ; gain = 32.016 ; free physical = 202 ; free virtual = 3573
Post Processing Netlist | Checksum: 19986fa9e
INFO: [Opt 31-389] Phase Post Processing Netlist created 0 cells and removed 0 cells
INFO: [Opt 31-1021] In phase Post Processing Netlist, 21 netlist objects are constrained preventing optimization. Please run opt_design with -debug_log to get more detail. 

Phase 9 Finalization

Phase 9.1 Finalizing Design Cores and Updating Shapes
Phase 9.1 Finalizing Design Cores and Updating Shapes | Checksum: 2489baa80

Time (s): cpu = 00:00:01 ; elapsed = 00:00:01 . Memory (MB): peak = 2710.062 ; gain = 32.016 ; free physical = 201 ; free virtual = 3574

Phase 9.2 Verifying Netlist Connectivity

Starting Connectivity Check Task

Time (s): cpu = 00:00:00 ; elapsed = 00:00:00.01 . Memory (MB): peak = 2710.062 ; gain = 0.000 ; free physical = 201 ; free virtual = 3574
Phase 9.2 Verifying Netlist Connectivity | Checksum: 2489baa80

Time (s): cpu = 00:00:01 ; elapsed = 00:00:01 . Memory (MB): peak = 2710.062 ; gain = 32.016 ; free physical = 201 ; free virtual = 3574
Phase 9 Finalization | Checksum: 2489baa80

Time (s): cpu = 00:00:01 ; elapsed = 00:00:01 . Memory (MB): peak = 2710.062 ; gain = 32.016 ; free physical = 201 ; free virtual = 3574
Opt_design Change Summary
=========================


-------------------------------------------------------------------------------------------------------------------------
|  Phase                        |  #Cells created  |  #Cells Removed  |  #Constrained objects preventing optimizations  |
-------------------------------------------------------------------------------------------------------------------------
|  Retarget                     |              18  |              50  |                                             23  |
|  Constant propagation         |              21  |             121  |                                             21  |
|  Sweep                        |               0  |             163  |                                             26  |
|  BUFG optimization            |               1  |               0  |                                              0  |
|  Shift Register Optimization  |               0  |               0  |                                              0  |
|  Post Processing Netlist      |               0  |               0  |                                             21  |
-------------------------------------------------------------------------------------------------------------------------


Ending Logic Optimization Task | Checksum: 2489baa80

Time (s): cpu = 00:00:01 ; elapsed = 00:00:01 . Memory (MB): peak = 2710.062 ; gain = 32.016 ; free physical = 201 ; free virtual = 3574

Starting Power Optimization Task
INFO: [Pwropt 34-132] Skipping clock gating for clocks with a period < 2.00 ns.
INFO: [Pwropt 34-9] Applying IDT optimizations ...
INFO: [Pwropt 34-10] Applying ODC optimizations ...
INFO: [Timing 38-35] Done setting XDC timing constraints.
Running Vector-less Activity Propagation...

Finished Running Vector-less Activity Propagation


Starting PowerOpt Patch Enables Task
INFO: [Pwropt 34-162] WRITE_MODE attribute of 0 BRAM(s) out of a total of 4 has been updated to save power. Run report_power_opt to get a complete listing of the BRAMs updated.
INFO: [Pwropt 34-201] Structural ODC has moved 0 WE to EN ports
Number of BRAM Ports augmented: 4 newly gated: 0 Total Ports: 8
Ending PowerOpt Patch Enables Task | Checksum: 28577267c

Time (s): cpu = 00:00:00.05 ; elapsed = 00:00:00.1 . Memory (MB): peak = 2957.930 ; gain = 0.000 ; free physical = 271 ; free virtual = 3515
Ending Power Optimization Task | Checksum: 28577267c

Time (s): cpu = 00:00:02 ; elapsed = 00:00:01 . Memory (MB): peak = 2957.930 ; gain = 247.867 ; free physical = 271 ; free virtual = 3515

Starting Final Cleanup Task

Starting Logic Optimization Task
INFO: [Timing 38-35] Done setting XDC timing constraints.
Ending Logic Optimization Task | Checksum: 2a79492b7

Time (s): cpu = 00:00:00.58 ; elapsed = 00:00:00.39 . Memory (MB): peak = 2957.930 ; gain = 0.000 ; free physical = 232 ; free virtual = 3503
Ending Final Cleanup Task | Checksum: 2a79492b7

Time (s): cpu = 00:00:04 ; elapsed = 00:00:04 . Memory (MB): peak = 2957.930 ; gain = 0.000 ; free physical = 232 ; free virtual = 3503

Starting Netlist Obfuscation Task
Netlist sorting complete. Time (s): cpu = 00:00:00 ; elapsed = 00:00:00 . Memory (MB): peak = 2957.930 ; gain = 0.000 ; free physical = 232 ; free virtual = 3503
Ending Netlist Obfuscation Task | Checksum: 2a79492b7

Time (s): cpu = 00:00:00.01 ; elapsed = 00:00:00 . Memory (MB): peak = 2957.930 ; gain = 0.000 ; free physical = 232 ; free virtual = 3503
INFO: [Common 17-83] Releasing license: Implementation
60 Infos, 0 Warnings, 0 Critical Warnings and 0 Errors encountered.
opt_design completed successfully
opt_design: Time (s): cpu = 00:00:14 ; elapsed = 00:00:11 . Memory (MB): peak = 2957.930 ; gain = 648.680 ; free physical = 232 ; free virtual = 3503
INFO: [Vivado 12-24828] Executing command : report_drc -file mb_uart_wrapper_drc_opted.rpt -pb mb_uart_wrapper_drc_opted.pb -rpx mb_uart_wrapper_drc_opted.rpx
Command: report_drc -file mb_uart_wrapper_drc_opted.rpt -pb mb_uart_wrapper_drc_opted.pb -rpx mb_uart_wrapper_drc_opted.rpx
INFO: [IP_Flow 19-1839] IP Catalog is up to date.
INFO: [DRC 23-27] Running DRC with 4 threads
INFO: [Vivado_Tcl 2-168] The results of DRC are in file /home/carbon/kambadur/Projects/Vivado/mb_uart/mb_uart.runs/impl_1/mb_uart_wrapper_drc_opted.rpt.
report_drc completed successfully
INFO: [Timing 38-35] Done setting XDC timing constraints.
Wrote PlaceDB: Time (s): cpu = 00:00:00 ; elapsed = 00:00:00 . Memory (MB): peak = 2957.930 ; gain = 0.000 ; free physical = 284 ; free virtual = 3470
INFO: [Timing 38-480] Writing timing data to binary archive.
Wrote PulsedLatchDB: Time (s): cpu = 00:00:00 ; elapsed = 00:00:00 . Memory (MB): peak = 2957.930 ; gain = 0.000 ; free physical = 284 ; free virtual = 3470
Writing XDEF routing.
Write ShapeDB Complete: Time (s): cpu = 00:00:00.03 ; elapsed = 00:00:00.01 . Memory (MB): peak = 2957.930 ; gain = 0.000 ; free physical = 284 ; free virtual = 3470
Writing XDEF routing logical nets.
Writing XDEF routing special nets.
Wrote RouteStorage: Time (s): cpu = 00:00:00.11 ; elapsed = 00:00:00.04 . Memory (MB): peak = 2957.930 ; gain = 0.000 ; free physical = 283 ; free virtual = 3469
Wrote Netlist Cache: Time (s): cpu = 00:00:00 ; elapsed = 00:00:00 . Memory (MB): peak = 2957.930 ; gain = 0.000 ; free physical = 283 ; free virtual = 3469
Wrote Device Cache: Time (s): cpu = 00:00:00.03 ; elapsed = 00:00:00.01 . Memory (MB): peak = 2957.930 ; gain = 0.000 ; free physical = 283 ; free virtual = 3469
Write Physdb Complete: Time (s): cpu = 00:00:00.15 ; elapsed = 00:00:00.05 . Memory (MB): peak = 2957.930 ; gain = 0.000 ; free physical = 283 ; free virtual = 3469
INFO: [Common 17-1381] The checkpoint '/home/carbon/kambadur/Projects/Vivado/mb_uart/mb_uart.runs/impl_1/mb_uart_wrapper_opt.dcp' has been generated.
Command: place_design
Attempting to get a license for feature 'Implementation' and/or device 'xc7a100t'
INFO: [Common 17-349] Got license for feature 'Implementation' and/or device 'xc7a100t'
INFO: [Common 17-83] Releasing license: Implementation
INFO: [DRC 23-27] Running DRC with 4 threads
INFO: [Vivado_Tcl 4-198] DRC finished with 0 Errors
INFO: [Vivado_Tcl 4-199] Please refer to the DRC report (report_drc) for more information.
Running DRC as a precondition to command place_design
INFO: [DRC 23-27] Running DRC with 4 threads
INFO: [Vivado_Tcl 4-198] DRC finished with 0 Errors
INFO: [Vivado_Tcl 4-199] Please refer to the DRC report (report_drc) for more information.
INFO: [Place 30-611] Multithreading enabled for place_design using a maximum of 8 CPUs

Starting Placer Task

Phase 1 Placer Initialization

Phase 1.1 Placer Initialization Netlist Sorting
Netlist sorting complete. Time (s): cpu = 00:00:00 ; elapsed = 00:00:00 . Memory (MB): peak = 2957.930 ; gain = 0.000 ; free physical = 296 ; free virtual = 3484
Phase 1.1 Placer Initialization Netlist Sorting | Checksum: 1edd34a4d

Time (s): cpu = 00:00:00 ; elapsed = 00:00:00.01 . Memory (MB): peak = 2957.930 ; gain = 0.000 ; free physical = 296 ; free virtual = 3484
Netlist sorting complete. Time (s): cpu = 00:00:00 ; elapsed = 00:00:00 . Memory (MB): peak = 2957.930 ; gain = 0.000 ; free physical = 296 ; free virtual = 3484

Phase 1.2 IO Placement/ Clock Placement/ Build Placer Device
Phase 1.2 IO Placement/ Clock Placement/ Build Placer Device | Checksum: 2100fc978

Time (s): cpu = 00:00:00.49 ; elapsed = 00:00:00.32 . Memory (MB): peak = 2957.930 ; gain = 0.000 ; free physical = 296 ; free virtual = 3484

Phase 1.3 Build Placer Netlist Model
Phase 1.3 Build Placer Netlist Model | Checksum: 21b47b22f

Time (s): cpu = 00:00:02 ; elapsed = 00:00:01 . Memory (MB): peak = 2957.930 ; gain = 0.000 ; free physical = 296 ; free virtual = 3484

Phase 1.4 Constrain Clocks/Macros
Phase 1.4 Constrain Clocks/Macros | Checksum: 21b47b22f

Time (s): cpu = 00:00:02 ; elapsed = 00:00:01 . Memory (MB): peak = 2957.930 ; gain = 0.000 ; free physical = 296 ; free virtual = 3484
Phase 1 Placer Initialization | Checksum: 21b47b22f

Time (s): cpu = 00:00:02 ; elapsed = 00:00:01 . Memory (MB): peak = 2957.930 ; gain = 0.000 ; free physical = 296 ; free virtual = 3484

Phase 2 Global Placement

Phase 2.1 Floorplanning
Phase 2.1 Floorplanning | Checksum: 2c1d40dbf

Time (s): cpu = 00:00:03 ; elapsed = 00:00:01 . Memory (MB): peak = 2957.930 ; gain = 0.000 ; free physical = 323 ; free virtual = 3512

Phase 2.2 Update Timing before SLR Path Opt
Phase 2.2 Update Timing before SLR Path Opt | Checksum: 295bdacd3

Time (s): cpu = 00:00:03 ; elapsed = 00:00:02 . Memory (MB): peak = 2957.930 ; gain = 0.000 ; free physical = 322 ; free virtual = 3510

Phase 2.3 Post-Processing in Floorplanning
Phase 2.3 Post-Processing in Floorplanning | Checksum: 295bdacd3

Time (s): cpu = 00:00:03 ; elapsed = 00:00:02 . Memory (MB): peak = 2957.930 ; gain = 0.000 ; free physical = 322 ; free virtual = 3510

Phase 2.4 Global Place Phase1
Phase 2.4 Global Place Phase1 | Checksum: 1e8826802

Time (s): cpu = 00:00:06 ; elapsed = 00:00:04 . Memory (MB): peak = 2957.930 ; gain = 0.000 ; free physical = 332 ; free virtual = 3521

Phase 2.5 Global Place Phase2

Phase 2.5.1 UpdateTiming Before Physical Synthesis
Phase 2.5.1 UpdateTiming Before Physical Synthesis | Checksum: 1e8826802

Time (s): cpu = 00:00:07 ; elapsed = 00:00:04 . Memory (MB): peak = 2957.930 ; gain = 0.000 ; free physical = 332 ; free virtual = 3521

Phase 2.5.2 Physical Synthesis In Placer
INFO: [Physopt 32-1035] Found 0 LUTNM shape to break, 135 LUT instances to create LUTNM shape
INFO: [Physopt 32-1044] Break lutnm for timing: one critical 0, two critical 0, total 0, new lutff created 0
INFO: [Physopt 32-1138] End 1 Pass. Optimized 63 nets or LUTs. Breaked 0 LUT, combined 63 existing LUTs and moved 0 existing LUT
INFO: [Physopt 32-65] No nets found for high-fanout optimization.
INFO: [Physopt 32-232] Optimized 0 net. Created 0 new instance.
INFO: [Physopt 32-775] End 1 Pass. Optimized 0 net or cell. Created 0 new cell, deleted 0 existing cell and moved 0 existing cell
INFO: [Physopt 32-670] No setup violation found.  DSP Register Optimization was not performed.
INFO: [Physopt 32-670] No setup violation found.  Shift Register to Pipeline Optimization was not performed.
INFO: [Physopt 32-670] No setup violation found.  Shift Register Optimization was not performed.
INFO: [Physopt 32-670] No setup violation found.  BRAM Register Optimization was not performed.
INFO: [Physopt 32-670] No setup violation found.  URAM Register Optimization was not performed.
INFO: [Physopt 32-949] No candidate nets found for dynamic/static region interface net replication
INFO: [Physopt 32-775] End 1 Pass. Optimized 0 net or cell. Created 0 new cell, deleted 0 existing cell and moved 0 existing cell
Netlist sorting complete. Time (s): cpu = 00:00:00 ; elapsed = 00:00:00 . Memory (MB): peak = 2957.930 ; gain = 0.000 ; free physical = 331 ; free virtual = 3520

Summary of Physical Synthesis Optimizations
============================================


-----------------------------------------------------------------------------------------------------------------------------------------------------------
|  Optimization                                     |  Added Cells  |  Removed Cells  |  Optimized Cells/Nets  |  Dont Touch  |  Iterations  |  Elapsed   |
-----------------------------------------------------------------------------------------------------------------------------------------------------------
|  LUT Combining                                    |            0  |             63  |                    63  |           0  |           1  |  00:00:00  |
|  Retime                                           |            0  |              0  |                     0  |           0  |           1  |  00:00:00  |
|  Very High Fanout                                 |            0  |              0  |                     0  |           0  |           1  |  00:00:00  |
|  DSP Register                                     |            0  |              0  |                     0  |           0  |           0  |  00:00:00  |
|  Shift Register to Pipeline                       |            0  |              0  |                     0  |           0  |           0  |  00:00:00  |
|  Shift Register                                   |            0  |              0  |                     0  |           0  |           0  |  00:00:00  |
|  BRAM Register                                    |            0  |              0  |                     0  |           0  |           0  |  00:00:00  |
|  URAM Register                                    |            0  |              0  |                     0  |           0  |           0  |  00:00:00  |
|  Dynamic/Static Region Interface Net Replication  |            0  |              0  |                     0  |           0  |           1  |  00:00:00  |
|  Total                                            |            0  |             63  |                    63  |           0  |           4  |  00:00:00  |
-----------------------------------------------------------------------------------------------------------------------------------------------------------


Phase 2.5.2 Physical Synthesis In Placer | Checksum: 1f2421695

Time (s): cpu = 00:00:08 ; elapsed = 00:00:05 . Memory (MB): peak = 2957.930 ; gain = 0.000 ; free physical = 331 ; free virtual = 3519
Phase 2.5 Global Place Phase2 | Checksum: 1d446579c

Time (s): cpu = 00:00:10 ; elapsed = 00:00:06 . Memory (MB): peak = 2957.930 ; gain = 0.000 ; free physical = 357 ; free virtual = 3545
Phase 2 Global Placement | Checksum: 1d446579c

Time (s): cpu = 00:00:10 ; elapsed = 00:00:06 . Memory (MB): peak = 2957.930 ; gain = 0.000 ; free physical = 357 ; free virtual = 3545

Phase 3 Detail Placement

Phase 3.1 Commit Multi Column Macros
Phase 3.1 Commit Multi Column Macros | Checksum: 1b2d8595c

Time (s): cpu = 00:00:10 ; elapsed = 00:00:06 . Memory (MB): peak = 2957.930 ; gain = 0.000 ; free physical = 357 ; free virtual = 3544

Phase 3.2 Commit Most Macros & LUTRAMs
Phase 3.2 Commit Most Macros & LUTRAMs | Checksum: 1e7f2aab3

Time (s): cpu = 00:00:11 ; elapsed = 00:00:06 . Memory (MB): peak = 2957.930 ; gain = 0.000 ; free physical = 360 ; free virtual = 3548

Phase 3.3 Area Swap Optimization
Phase 3.3 Area Swap Optimization | Checksum: 1fe107674

Time (s): cpu = 00:00:11 ; elapsed = 00:00:06 . Memory (MB): peak = 2957.930 ; gain = 0.000 ; free physical = 360 ; free virtual = 3548

Phase 3.4 Pipeline Register Optimization
Phase 3.4 Pipeline Register Optimization | Checksum: 2511da93f

Time (s): cpu = 00:00:11 ; elapsed = 00:00:06 . Memory (MB): peak = 2957.930 ; gain = 0.000 ; free physical = 360 ; free virtual = 3548

Phase 3.5 Small Shape Detail Placement
Phase 3.5 Small Shape Detail Placement | Checksum: 218820472

Time (s): cpu = 00:00:12 ; elapsed = 00:00:07 . Memory (MB): peak = 2957.930 ; gain = 0.000 ; free physical = 359 ; free virtual = 3547

Phase 3.6 Re-assign LUT pins
Phase 3.6 Re-assign LUT pins | Checksum: 28f4ff43b

Time (s): cpu = 00:00:12 ; elapsed = 00:00:08 . Memory (MB): peak = 2957.930 ; gain = 0.000 ; free physical = 359 ; free virtual = 3547

Phase 3.7 Pipeline Register Optimization
Phase 3.7 Pipeline Register Optimization | Checksum: 27359a3ce

Time (s): cpu = 00:00:13 ; elapsed = 00:00:08 . Memory (MB): peak = 2957.930 ; gain = 0.000 ; free physical = 359 ; free virtual = 3547
Phase 3 Detail Placement | Checksum: 27359a3ce

Time (s): cpu = 00:00:13 ; elapsed = 00:00:08 . Memory (MB): peak = 2957.930 ; gain = 0.000 ; free physical = 359 ; free virtual = 3547

Phase 4 Post Placement Optimization and Clean-Up

Phase 4.1 Post Commit Optimization
INFO: [Timing 38-35] Done setting XDC timing constraints.

Phase 4.1.1 Post Placement Optimization
Post Placement Optimization Initialization | Checksum: 2744b45c4

Phase 4.1.1.1 BUFG Insertion

Starting Physical Synthesis Task

Phase 1 Physical Synthesis Initialization
INFO: [Physopt 32-721] Multithreading enabled for phys_opt_design using a maximum of 8 CPUs
INFO: [Physopt 32-619] Estimated Timing Summary | WNS=2.340 | TNS=0.000 |
Phase 1 Physical Synthesis Initialization | Checksum: 1897af788

Time (s): cpu = 00:00:00.29 ; elapsed = 00:00:00.13 . Memory (MB): peak = 2957.930 ; gain = 0.000 ; free physical = 357 ; free virtual = 3545
INFO: [Place 46-56] BUFG insertion identified 0 candidate nets. Inserted BUFG: 0, Replicated BUFG Driver: 0, Skipped due to Placement/Routing Conflicts: 0, Skipped due to Timing Degradation: 0, Skipped due to netlist editing failed: 0.
Ending Physical Synthesis Task | Checksum: 2a24ef59a

Time (s): cpu = 00:00:00.33 ; elapsed = 00:00:00.15 . Memory (MB): peak = 2957.930 ; gain = 0.000 ; free physical = 357 ; free virtual = 3545
Phase 4.1.1.1 BUFG Insertion | Checksum: 2744b45c4

Time (s): cpu = 00:00:15 ; elapsed = 00:00:09 . Memory (MB): peak = 2957.930 ; gain = 0.000 ; free physical = 357 ; free virtual = 3545

Phase 4.1.1.2 Post Placement Timing Optimization
INFO: [Place 30-746] Post Placement Timing Summary WNS=2.340. For the most accurate timing information please run report_timing.
Phase 4.1.1.2 Post Placement Timing Optimization | Checksum: 20e95423c

Time (s): cpu = 00:00:15 ; elapsed = 00:00:09 . Memory (MB): peak = 2957.930 ; gain = 0.000 ; free physical = 357 ; free virtual = 3545

Time (s): cpu = 00:00:15 ; elapsed = 00:00:09 . Memory (MB): peak = 2957.930 ; gain = 0.000 ; free physical = 357 ; free virtual = 3545
Phase 4.1 Post Commit Optimization | Checksum: 20e95423c

Time (s): cpu = 00:00:15 ; elapsed = 00:00:09 . Memory (MB): peak = 2957.930 ; gain = 0.000 ; free physical = 357 ; free virtual = 3545

Phase 4.2 Post Placement Cleanup
Phase 4.2 Post Placement Cleanup | Checksum: 20e95423c

Time (s): cpu = 00:00:15 ; elapsed = 00:00:09 . Memory (MB): peak = 2957.930 ; gain = 0.000 ; free physical = 357 ; free virtual = 3545

Phase 4.3 Placer Reporting

Phase 4.3.1 Print Estimated Congestion
INFO: [Place 30-612] Post-Placement Estimated Congestion 
 ____________________________________________________
|           | Global Congestion | Short Congestion  |
| Direction | Region Size       | Region Size       |
|___________|___________________|___________________|
|      North|                1x1|                1x1|
|___________|___________________|___________________|
|      South|                1x1|                1x1|
|___________|___________________|___________________|
|       East|                1x1|                1x1|
|___________|___________________|___________________|
|       West|                1x1|                1x1|
|___________|___________________|___________________|

Phase 4.3.1 Print Estimated Congestion | Checksum: 20e95423c

Time (s): cpu = 00:00:15 ; elapsed = 00:00:09 . Memory (MB): peak = 2957.930 ; gain = 0.000 ; free physical = 357 ; free virtual = 3545
Phase 4.3 Placer Reporting | Checksum: 20e95423c

Time (s): cpu = 00:00:15 ; elapsed = 00:00:09 . Memory (MB): peak = 2957.930 ; gain = 0.000 ; free physical = 357 ; free virtual = 3545

Phase 4.4 Final Placement Cleanup
Netlist sorting complete. Time (s): cpu = 00:00:00 ; elapsed = 00:00:00 . Memory (MB): peak = 2957.930 ; gain = 0.000 ; free physical = 357 ; free virtual = 3545

Time (s): cpu = 00:00:15 ; elapsed = 00:00:09 . Memory (MB): peak = 2957.930 ; gain = 0.000 ; free physical = 357 ; free virtual = 3545
Phase 4 Post Placement Optimization and Clean-Up | Checksum: 24261c1cf

Time (s): cpu = 00:00:15 ; elapsed = 00:00:09 . Memory (MB): peak = 2957.930 ; gain = 0.000 ; free physical = 357 ; free virtual = 3545
Ending Placer Task | Checksum: 21c5a2cc3

Time (s): cpu = 00:00:15 ; elapsed = 00:00:09 . Memory (MB): peak = 2957.930 ; gain = 0.000 ; free physical = 357 ; free virtual = 3545
95 Infos, 0 Warnings, 0 Critical Warnings and 0 Errors encountered.
place_design completed successfully
place_design: Time (s): cpu = 00:00:19 ; elapsed = 00:00:10 . Memory (MB): peak = 2957.930 ; gain = 0.000 ; free physical = 357 ; free virtual = 3545
INFO: [Vivado 12-24838] Running report commands "report_control_sets, report_io, report_utilization" in parallel.
Running report generation with 3 threads.
INFO: [Vivado 12-24828] Executing command : report_utilization -file mb_uart_wrapper_utilization_placed.rpt -pb mb_uart_wrapper_utilization_placed.pb
INFO: [Vivado 12-24828] Executing command : report_control_sets -verbose -file mb_uart_wrapper_control_sets_placed.rpt
report_control_sets: Time (s): cpu = 00:00:00.16 ; elapsed = 00:00:00.14 . Memory (MB): peak = 2957.930 ; gain = 0.000 ; free physical = 343 ; free virtual = 3531
INFO: [Vivado 12-24828] Executing command : report_io -file mb_uart_wrapper_io_placed.rpt
report_io: Time (s): cpu = 00:00:00.27 ; elapsed = 00:00:00.24 . Memory (MB): peak = 2957.930 ; gain = 0.000 ; free physical = 339 ; free virtual = 3527
INFO: [Timing 38-480] Writing timing data to binary archive.
Write ShapeDB Complete: Time (s): cpu = 00:00:00.08 ; elapsed = 00:00:00.03 . Memory (MB): peak = 2957.930 ; gain = 0.000 ; free physical = 339 ; free virtual = 3528
Wrote PlaceDB: Time (s): cpu = 00:00:01 ; elapsed = 00:00:00.32 . Memory (MB): peak = 2957.930 ; gain = 0.000 ; free physical = 328 ; free virtual = 3519
Wrote PulsedLatchDB: Time (s): cpu = 00:00:00 ; elapsed = 00:00:00 . Memory (MB): peak = 2957.930 ; gain = 0.000 ; free physical = 328 ; free virtual = 3519
Writing XDEF routing.
Writing XDEF routing logical nets.
Writing XDEF routing special nets.
Wrote RouteStorage: Time (s): cpu = 00:00:00.07 ; elapsed = 00:00:00.03 . Memory (MB): peak = 2957.930 ; gain = 0.000 ; free physical = 328 ; free virtual = 3519
Wrote Netlist Cache: Time (s): cpu = 00:00:00.02 ; elapsed = 00:00:00 . Memory (MB): peak = 2957.930 ; gain = 0.000 ; free physical = 328 ; free virtual = 3519
Wrote Device Cache: Time (s): cpu = 00:00:00.02 ; elapsed = 00:00:00.01 . Memory (MB): peak = 2957.930 ; gain = 0.000 ; free physical = 327 ; free virtual = 3520
Write Physdb Complete: Time (s): cpu = 00:00:01 ; elapsed = 00:00:00.37 . Memory (MB): peak = 2957.930 ; gain = 0.000 ; free physical = 327 ; free virtual = 3520
INFO: [Common 17-1381] The checkpoint '/home/carbon/kambadur/Projects/Vivado/mb_uart/mb_uart.runs/impl_1/mb_uart_wrapper_placed.dcp' has been generated.
Command: phys_opt_design
Attempting to get a license for feature 'Implementation' and/or device 'xc7a100t'
INFO: [Common 17-349] Got license for feature 'Implementation' and/or device 'xc7a100t'

Starting Initial Update Timing Task

Time (s): cpu = 00:00:01 ; elapsed = 00:00:00.61 . Memory (MB): peak = 2957.930 ; gain = 0.000 ; free physical = 320 ; free virtual = 3510
INFO: [Vivado_Tcl 4-2279] Estimated Timing Summary | WNS= 2.340 | TNS= 0.000 | 
INFO: [Vivado_Tcl 4-383] Design worst setup slack (WNS) is greater than or equal to 0.000 ns. All physical synthesis setup optimizations will be skipped.
INFO: [Vivado_Tcl 4-232] No setup violation found. The netlist was not modified.
INFO: [Common 17-83] Releasing license: Implementation
106 Infos, 0 Warnings, 0 Critical Warnings and 0 Errors encountered.
phys_opt_design completed successfully
INFO: [Timing 38-480] Writing timing data to binary archive.
Write ShapeDB Complete: Time (s): cpu = 00:00:00.07 ; elapsed = 00:00:00.03 . Memory (MB): peak = 2957.930 ; gain = 0.000 ; free physical = 320 ; free virtual = 3510
Wrote PlaceDB: Time (s): cpu = 00:00:00.96 ; elapsed = 00:00:00.39 . Memory (MB): peak = 2957.930 ; gain = 0.000 ; free physical = 302 ; free virtual = 3496
Wrote PulsedLatchDB: Time (s): cpu = 00:00:00 ; elapsed = 00:00:00 . Memory (MB): peak = 2957.930 ; gain = 0.000 ; free physical = 302 ; free virtual = 3496
Writing XDEF routing.
Writing XDEF routing logical nets.
Writing XDEF routing special nets.
Wrote RouteStorage: Time (s): cpu = 00:00:00.07 ; elapsed = 00:00:00.03 . Memory (MB): peak = 2957.930 ; gain = 0.000 ; free physical = 301 ; free virtual = 3495
Wrote Netlist Cache: Time (s): cpu = 00:00:00.01 ; elapsed = 00:00:00 . Memory (MB): peak = 2957.930 ; gain = 0.000 ; free physical = 301 ; free virtual = 3495
Wrote Device Cache: Time (s): cpu = 00:00:00.02 ; elapsed = 00:00:00.01 . Memory (MB): peak = 2957.930 ; gain = 0.000 ; free physical = 301 ; free virtual = 3495
Write Physdb Complete: Time (s): cpu = 00:00:01 ; elapsed = 00:00:00.44 . Memory (MB): peak = 2957.930 ; gain = 0.000 ; free physical = 301 ; free virtual = 3495
INFO: [Common 17-1381] The checkpoint '/home/carbon/kambadur/Projects/Vivado/mb_uart/mb_uart.runs/impl_1/mb_uart_wrapper_physopt.dcp' has been generated.
Command: route_design
Attempting to get a license for feature 'Implementation' and/or device 'xc7a100t'
INFO: [Common 17-349] Got license for feature 'Implementation' and/or device 'xc7a100t'


Starting Routing Task
INFO: [Route 35-254] Multithreading enabled for route_design using a maximum of 4 CPUs

Phase 1 Build RT Design
Checksum: PlaceDB: f2bf3710 ConstDB: 0 ShapeSum: 77c8961d RouteDB: b1d25f96
Post Restoration Checksum: NetGraph: 66a8e90f | NumContArr: 91b2780 | Constraints: c2a8fa9d | Timing: c2a8fa9d
Phase 1 Build RT Design | Checksum: 1f51605c9

Time (s): cpu = 00:00:36 ; elapsed = 00:00:30 . Memory (MB): peak = 2957.930 ; gain = 0.000 ; free physical = 211 ; free virtual = 3371

Phase 2 Router Initialization

Phase 2.1 Fix Topology Constraints
Phase 2.1 Fix Topology Constraints | Checksum: 1f51605c9

Time (s): cpu = 00:00:36 ; elapsed = 00:00:30 . Memory (MB): peak = 2957.930 ; gain = 0.000 ; free physical = 211 ; free virtual = 3371

Phase 2.2 Pre Route Cleanup
Phase 2.2 Pre Route Cleanup | Checksum: 1f51605c9

Time (s): cpu = 00:00:36 ; elapsed = 00:00:30 . Memory (MB): peak = 2957.930 ; gain = 0.000 ; free physical = 211 ; free virtual = 3371
 Number of Nodes with overlaps = 0

Phase 2.3 Update Timing
Phase 2.3 Update Timing | Checksum: 2dee8656c

Time (s): cpu = 00:00:40 ; elapsed = 00:00:32 . Memory (MB): peak = 2957.930 ; gain = 0.000 ; free physical = 277 ; free virtual = 3348
INFO: [Route 35-416] Intermediate Timing Summary | WNS=2.314  | TNS=0.000  | WHS=-0.239 | THS=-33.737|


Router Utilization Summary
  Global Vertical Routing Utilization    = 0.00182791 %
  Global Horizontal Routing Utilization  = 0.00206024 %
  Routable Net Status*
  *Does not include unroutable nets such as driverless and loadless.
  Run report_route_status for detailed report.
  Number of Failed Nets               = 2393
    (Failed Nets is the sum of unrouted and partially routed nets)
  Number of Unrouted Nets             = 2393
  Number of Partially Routed Nets     = 0
  Number of Node Overlaps             = 0

Phase 2 Router Initialization | Checksum: 2a442f309

Time (s): cpu = 00:00:41 ; elapsed = 00:00:33 . Memory (MB): peak = 2957.930 ; gain = 0.000 ; free physical = 272 ; free virtual = 3344

Phase 3 Global Routing
Phase 3 Global Routing | Checksum: 2a442f309

Time (s): cpu = 00:00:41 ; elapsed = 00:00:33 . Memory (MB): peak = 2957.930 ; gain = 0.000 ; free physical = 272 ; free virtual = 3344

Phase 4 Initial Routing

Phase 4.1 Initial Net Routing Pass
Phase 4.1 Initial Net Routing Pass | Checksum: 29b69a7dd

Time (s): cpu = 00:00:43 ; elapsed = 00:00:33 . Memory (MB): peak = 2957.930 ; gain = 0.000 ; free physical = 270 ; free virtual = 3342
Phase 4 Initial Routing | Checksum: 29b69a7dd

Time (s): cpu = 00:00:43 ; elapsed = 00:00:33 . Memory (MB): peak = 2957.930 ; gain = 0.000 ; free physical = 270 ; free virtual = 3342

Phase 5 Rip-up And Reroute

Phase 5.1 Global Iteration 0
 Number of Nodes with overlaps = 277
 Number of Nodes with overlaps = 16
 Number of Nodes with overlaps = 3
 Number of Nodes with overlaps = 1
 Number of Nodes with overlaps = 0
INFO: [Route 35-416] Intermediate Timing Summary | WNS=2.375  | TNS=0.000  | WHS=N/A    | THS=N/A    |

Phase 5.1 Global Iteration 0 | Checksum: 2c48b1a21

Time (s): cpu = 00:00:46 ; elapsed = 00:00:35 . Memory (MB): peak = 2957.930 ; gain = 0.000 ; free physical = 262 ; free virtual = 3334

Phase 5.2 Global Iteration 1
 Number of Nodes with overlaps = 1
 Number of Nodes with overlaps = 0
INFO: [Route 35-416] Intermediate Timing Summary | WNS=2.375  | TNS=0.000  | WHS=N/A    | THS=N/A    |

Phase 5.2 Global Iteration 1 | Checksum: 18806b054

Time (s): cpu = 00:00:46 ; elapsed = 00:00:35 . Memory (MB): peak = 2957.930 ; gain = 0.000 ; free physical = 261 ; free virtual = 3334
Phase 5 Rip-up And Reroute | Checksum: 18806b054

Time (s): cpu = 00:00:46 ; elapsed = 00:00:35 . Memory (MB): peak = 2957.930 ; gain = 0.000 ; free physical = 261 ; free virtual = 3334

Phase 6 Delay and Skew Optimization

Phase 6.1 Delay CleanUp
Phase 6.1 Delay CleanUp | Checksum: 18806b054

Time (s): cpu = 00:00:46 ; elapsed = 00:00:35 . Memory (MB): peak = 2957.930 ; gain = 0.000 ; free physical = 261 ; free virtual = 3334

Phase 6.2 Clock Skew Optimization
Phase 6.2 Clock Skew Optimization | Checksum: 18806b054

Time (s): cpu = 00:00:46 ; elapsed = 00:00:35 . Memory (MB): peak = 2957.930 ; gain = 0.000 ; free physical = 261 ; free virtual = 3334
Phase 6 Delay and Skew Optimization | Checksum: 18806b054

Time (s): cpu = 00:00:46 ; elapsed = 00:00:35 . Memory (MB): peak = 2957.930 ; gain = 0.000 ; free physical = 261 ; free virtual = 3334

Phase 7 Post Hold Fix

Phase 7.1 Hold Fix Iter
INFO: [Route 35-416] Intermediate Timing Summary | WNS=2.454  | TNS=0.000  | WHS=0.020  | THS=0.000  |

Phase 7.1 Hold Fix Iter | Checksum: 215a103eb

Time (s): cpu = 00:00:46 ; elapsed = 00:00:35 . Memory (MB): peak = 2957.930 ; gain = 0.000 ; free physical = 261 ; free virtual = 3334
Phase 7 Post Hold Fix | Checksum: 215a103eb

Time (s): cpu = 00:00:46 ; elapsed = 00:00:35 . Memory (MB): peak = 2957.930 ; gain = 0.000 ; free physical = 261 ; free virtual = 3334

Phase 8 Route finalize

Router Utilization Summary
  Global Vertical Routing Utilization    = 0.396919 %
  Global Horizontal Routing Utilization  = 0.606493 %
  Routable Net Status*
  *Does not include unroutable nets such as driverless and loadless.
  Run report_route_status for detailed report.
  Number of Failed Nets               = 0
    (Failed Nets is the sum of unrouted and partially routed nets)
  Number of Unrouted Nets             = 0
  Number of Partially Routed Nets     = 0
  Number of Node Overlaps             = 0

Phase 8 Route finalize | Checksum: 215a103eb

Time (s): cpu = 00:00:47 ; elapsed = 00:00:35 . Memory (MB): peak = 2957.930 ; gain = 0.000 ; free physical = 261 ; free virtual = 3334

Phase 9 Verifying routed nets

 Verification completed successfully
Phase 9 Verifying routed nets | Checksum: 215a103eb

Time (s): cpu = 00:00:47 ; elapsed = 00:00:35 . Memory (MB): peak = 2957.930 ; gain = 0.000 ; free physical = 261 ; free virtual = 3334

Phase 10 Depositing Routes
Phase 10 Depositing Routes | Checksum: 238765407

Time (s): cpu = 00:00:47 ; elapsed = 00:00:35 . Memory (MB): peak = 2957.930 ; gain = 0.000 ; free physical = 261 ; free virtual = 3334

Phase 11 Post Process Routing
Phase 11 Post Process Routing | Checksum: 238765407

Time (s): cpu = 00:00:47 ; elapsed = 00:00:35 . Memory (MB): peak = 2957.930 ; gain = 0.000 ; free physical = 261 ; free virtual = 3334

Phase 12 Post Router Timing
INFO: [Route 35-57] Estimated Timing Summary | WNS=2.454  | TNS=0.000  | WHS=0.020  | THS=0.000  |

INFO: [Route 35-327] The final timing numbers are based on the router estimated timing analysis. For a complete and accurate timing signoff, please run report_timing_summary.
Phase 12 Post Router Timing | Checksum: 238765407

Time (s): cpu = 00:00:47 ; elapsed = 00:00:35 . Memory (MB): peak = 2957.930 ; gain = 0.000 ; free physical = 261 ; free virtual = 3334
Total Elapsed time in route_design: 35.27 secs

Phase 13 Post-Route Event Processing
Phase 13 Post-Route Event Processing | Checksum: 1d5bacf0a

Time (s): cpu = 00:00:47 ; elapsed = 00:00:35 . Memory (MB): peak = 2957.930 ; gain = 0.000 ; free physical = 261 ; free virtual = 3334
INFO: [Route 35-16] Router Completed Successfully
Ending Routing Task | Checksum: 1d5bacf0a

Time (s): cpu = 00:00:47 ; elapsed = 00:00:35 . Memory (MB): peak = 2957.930 ; gain = 0.000 ; free physical = 261 ; free virtual = 3334

Routing Is Done.
INFO: [Common 17-83] Releasing license: Implementation
118 Infos, 0 Warnings, 0 Critical Warnings and 0 Errors encountered.
route_design completed successfully
route_design: Time (s): cpu = 00:00:47 ; elapsed = 00:00:35 . Memory (MB): peak = 2957.930 ; gain = 0.000 ; free physical = 261 ; free virtual = 3334
INFO: [Vivado 12-24828] Executing command : report_drc -file mb_uart_wrapper_drc_routed.rpt -pb mb_uart_wrapper_drc_routed.pb -rpx mb_uart_wrapper_drc_routed.rpx
Command: report_drc -file mb_uart_wrapper_drc_routed.rpt -pb mb_uart_wrapper_drc_routed.pb -rpx mb_uart_wrapper_drc_routed.rpx
INFO: [IP_Flow 19-1839] IP Catalog is up to date.
INFO: [DRC 23-27] Running DRC with 4 threads
INFO: [Vivado_Tcl 2-168] The results of DRC are in file /home/carbon/kambadur/Projects/Vivado/mb_uart/mb_uart.runs/impl_1/mb_uart_wrapper_drc_routed.rpt.
report_drc completed successfully
INFO: [Vivado 12-24828] Executing command : report_methodology -file mb_uart_wrapper_methodology_drc_routed.rpt -pb mb_uart_wrapper_methodology_drc_routed.pb -rpx mb_uart_wrapper_methodology_drc_routed.rpx
Command: report_methodology -file mb_uart_wrapper_methodology_drc_routed.rpt -pb mb_uart_wrapper_methodology_drc_routed.pb -rpx mb_uart_wrapper_methodology_drc_routed.rpx
INFO: [Timing 38-35] Done setting XDC timing constraints.
INFO: [DRC 23-133] Running Methodology with 4 threads
INFO: [Vivado_Tcl 2-1520] The results of Report Methodology are in file /home/carbon/kambadur/Projects/Vivado/mb_uart/mb_uart.runs/impl_1/mb_uart_wrapper_methodology_drc_routed.rpt.
report_methodology completed successfully
INFO: [Vivado 12-24828] Executing command : report_timing_summary -max_paths 10 -report_unconstrained -file mb_uart_wrapper_timing_summary_routed.rpt -pb mb_uart_wrapper_timing_summary_routed.pb -rpx mb_uart_wrapper_timing_summary_routed.rpx -warn_on_violation 
INFO: [Timing 38-35] Done setting XDC timing constraints.
INFO: [Timing 38-91] UpdateTimingParams: Speed grade: -1, Delay Type: min_max.
INFO: [Timing 38-191] Multithreading enabled for timing update using a maximum of 8 CPUs
INFO: [Vivado 12-24838] Running report commands "report_bus_skew, report_incremental_reuse, report_route_status" in parallel.
Running report generation with 3 threads.
INFO: [Vivado 12-24828] Executing command : report_incremental_reuse -file mb_uart_wrapper_incremental_reuse_routed.rpt
INFO: [Vivado_Tcl 4-1062] Incremental flow is disabled. No incremental reuse Info to report.
INFO: [Vivado 12-24828] Executing command : report_route_status -file mb_uart_wrapper_route_status.rpt -pb mb_uart_wrapper_route_status.pb
INFO: [Vivado 12-24828] Executing command : report_bus_skew -warn_on_violation -file mb_uart_wrapper_bus_skew_routed.rpt -pb mb_uart_wrapper_bus_skew_routed.pb -rpx mb_uart_wrapper_bus_skew_routed.rpx
INFO: [Timing 38-91] UpdateTimingParams: Speed grade: -1, Delay Type: min_max.
INFO: [Timing 38-191] Multithreading enabled for timing update using a maximum of 8 CPUs
INFO: [Vivado 12-24828] Executing command : report_power -file mb_uart_wrapper_power_routed.rpt -pb mb_uart_wrapper_power_summary_routed.pb -rpx mb_uart_wrapper_power_routed.rpx
Command: report_power -file mb_uart_wrapper_power_routed.rpt -pb mb_uart_wrapper_power_summary_routed.pb -rpx mb_uart_wrapper_power_routed.rpx
Running Vector-less Activity Propagation...

Finished Running Vector-less Activity Propagation
WARNING: [Power 33-332] Found switching activity that implies high-fanout reset nets being asserted for excessive periods of time which may result in inaccurate power analysis.
Resolution: To review and fix problems, please run Power Constraints Advisor in the GUI from Tools > Power Constraints Advisor or run report_power with the -advisory option to generate a text report.
138 Infos, 1 Warnings, 0 Critical Warnings and 0 Errors encountered.
report_power completed successfully
INFO: [Vivado 12-24828] Executing command : report_clock_utilization -file mb_uart_wrapper_clock_utilization_routed.rpt
generate_parallel_reports: Time (s): cpu = 00:00:26 ; elapsed = 00:00:10 . Memory (MB): peak = 3066.926 ; gain = 108.996 ; free physical = 262 ; free virtual = 3282
INFO: [Timing 38-480] Writing timing data to binary archive.
Write ShapeDB Complete: Time (s): cpu = 00:00:00.09 ; elapsed = 00:00:00.03 . Memory (MB): peak = 3066.926 ; gain = 0.000 ; free physical = 263 ; free virtual = 3283
Wrote PlaceDB: Time (s): cpu = 00:00:00.9 ; elapsed = 00:00:00.27 . Memory (MB): peak = 3066.926 ; gain = 0.000 ; free physical = 264 ; free virtual = 3276
Wrote PulsedLatchDB: Time (s): cpu = 00:00:00 ; elapsed = 00:00:00 . Memory (MB): peak = 3066.926 ; gain = 0.000 ; free physical = 264 ; free virtual = 3276
Writing XDEF routing.
Writing XDEF routing logical nets.
Writing XDEF routing special nets.
Wrote RouteStorage: Time (s): cpu = 00:00:00.2 ; elapsed = 00:00:00.07 . Memory (MB): peak = 3066.926 ; gain = 0.000 ; free physical = 264 ; free virtual = 3277
Wrote Netlist Cache: Time (s): cpu = 00:00:00.02 ; elapsed = 00:00:00 . Memory (MB): peak = 3066.926 ; gain = 0.000 ; free physical = 264 ; free virtual = 3277
Wrote Device Cache: Time (s): cpu = 00:00:00.02 ; elapsed = 00:00:00.01 . Memory (MB): peak = 3066.926 ; gain = 0.000 ; free physical = 263 ; free virtual = 3277
Write Physdb Complete: Time (s): cpu = 00:00:01 ; elapsed = 00:00:00.36 . Memory (MB): peak = 3066.926 ; gain = 0.000 ; free physical = 263 ; free virtual = 3277
INFO: [Common 17-1381] The checkpoint '/home/carbon/kambadur/Projects/Vivado/mb_uart/mb_uart.runs/impl_1/mb_uart_wrapper_routed.dcp' has been generated.
write_mem_info: Time (s): cpu = 00:00:02 ; elapsed = 00:00:14 . Memory (MB): peak = 3170.977 ; gain = 104.051 ; free physical = 294 ; free virtual = 3241
Command: write_bitstream -force mb_uart_wrapper.bit
Attempting to get a license for feature 'Implementation' and/or device 'xc7a100t'
INFO: [Common 17-349] Got license for feature 'Implementation' and/or device 'xc7a100t'
Running DRC as a precondition to command write_bitstream
INFO: [IP_Flow 19-1839] IP Catalog is up to date.
INFO: [DRC 23-27] Running DRC with 4 threads
INFO: [Vivado 12-3199] DRC finished with 0 Errors
INFO: [Vivado 12-3200] Please refer to the DRC report (report_drc) for more information.
INFO: [Designutils 20-2272] Running write_bitstream with 8 threads.
Loading data files...
Loading site data...
Loading route data...
Processing options...
Creating bitmap...
Creating bitstream...
Writing bitstream ./mb_uart_wrapper.bit...
INFO: [Vivado 12-1842] Bitgen Completed Successfully.
INFO: [Project 1-1876] WebTalk data collection is mandatory when using a ULT device. To see the specific WebTalk data collected for your design, open the usage_statistics_webtalk.html or usage_statistics_webtalk.xml file in the implementation directory.
INFO: [Common 17-83] Releasing license: Implementation
150 Infos, 1 Warnings, 0 Critical Warnings and 0 Errors encountered.
write_bitstream completed successfully
write_bitstream: Time (s): cpu = 00:00:26 ; elapsed = 00:00:30 . Memory (MB): peak = 3365.762 ; gain = 194.785 ; free physical = 378 ; free virtual = 2938
INFO: [Common 17-206] Exiting Vivado at Thu Jan  2 15:02:18 2025...
