Archive member included to satisfy reference by file (symbol)

C:/Program Files/SEGGER/SEGGER Embedded Studio for ARM 7.32/lib/libc_v7em_fpv4_sp_d16_hard_t_le_eabi_balanced.a(__SEGGER_RTL_vfprintf_long.o)
                              (__SEGGER_RTL_vfprintf_long)
C:/Program Files/SEGGER/SEGGER Embedded Studio for ARM 7.32/lib/libc_v7em_fpv4_sp_d16_hard_t_le_eabi_balanced.a(__SEGGER_RTL_vfscanf_long.o)
                              (__SEGGER_RTL_vfscanf_long)
C:/Program Files/SEGGER/SEGGER Embedded Studio for ARM 7.32/lib/libc_v7em_fpv4_sp_d16_hard_t_le_eabi_balanced.a(mbops.o)
                              C:/Program Files/SEGGER/SEGGER Embedded Studio for ARM 7.32/lib/libc_v7em_fpv4_sp_d16_hard_t_le_eabi_balanced.a(__SEGGER_RTL_vfscanf_long.o) (isdigit)
C:/Program Files/SEGGER/SEGGER Embedded Studio for ARM 7.32/lib/libc_v7em_fpv4_sp_d16_hard_t_le_eabi_balanced.a(sortops.o)
                              C:/Program Files/SEGGER/SEGGER Embedded Studio for ARM 7.32/lib/libc_v7em_fpv4_sp_d16_hard_t_le_eabi_balanced.a(mbops.o) (bsearch)
C:/Program Files/SEGGER/SEGGER Embedded Studio for ARM 7.32/lib/libc_v7em_fpv4_sp_d16_hard_t_le_eabi_balanced.a(timeops.o)
                              C:/Program Files/SEGGER/SEGGER Embedded Studio for ARM 7.32/lib/libc_v7em_fpv4_sp_d16_hard_t_le_eabi_balanced.a(mbops.o) (__SEGGER_RTL_string_list_encode)
C:/Program Files/SEGGER/SEGGER Embedded Studio for ARM 7.32/lib/libc_v7em_fpv4_sp_d16_hard_t_le_eabi_balanced.a(utilops.o)
                              C:/Program Files/SEGGER/SEGGER Embedded Studio for ARM 7.32/lib/libc_v7em_fpv4_sp_d16_hard_t_le_eabi_balanced.a(__SEGGER_RTL_vfscanf_long.o) (__SEGGER_RTL_digit)
C:/Program Files/SEGGER/SEGGER Embedded Studio for ARM 7.32/lib/libc_v7em_fpv4_sp_d16_hard_t_le_eabi_balanced.a(floatasmops_arm.o)
                              C:/Program Files/SEGGER/SEGGER Embedded Studio for ARM 7.32/lib/libc_v7em_fpv4_sp_d16_hard_t_le_eabi_balanced.a(utilops.o) (__aeabi_dmul)
C:/Program Files/SEGGER/SEGGER Embedded Studio for ARM 7.32/lib/libc_v7em_fpv4_sp_d16_hard_t_le_eabi_balanced.a(intasmops_arm.o)
                              C:/Program Files/SEGGER/SEGGER Embedded Studio for ARM 7.32/lib/libc_v7em_fpv4_sp_d16_hard_t_le_eabi_balanced.a(__SEGGER_RTL_vfprintf_long.o) (__aeabi_uldivmod)
C:/Program Files/SEGGER/SEGGER Embedded Studio for ARM 7.32/lib/libc_v7em_fpv4_sp_d16_hard_t_le_eabi_balanced.a(prinops.o)
                              C:/Program Files/SEGGER/SEGGER Embedded Studio for ARM 7.32/lib/libc_v7em_fpv4_sp_d16_hard_t_le_eabi_balanced.a(__SEGGER_RTL_vfprintf_long.o) (__SEGGER_RTL_putc)
C:/Program Files/SEGGER/SEGGER Embedded Studio for ARM 7.32/lib/libc_v7em_fpv4_sp_d16_hard_t_le_eabi_balanced.a(errno.o)
                              C:/Program Files/SEGGER/SEGGER Embedded Studio for ARM 7.32/lib/libc_v7em_fpv4_sp_d16_hard_t_le_eabi_balanced.a(mbops.o) (__aeabi_errno_addr)
C:/Program Files/SEGGER/SEGGER Embedded Studio for ARM 7.32/lib/libc_v7em_fpv4_sp_d16_hard_t_le_eabi_balanced.a(fileops.o)
                              C:/Program Files/SEGGER/SEGGER Embedded Studio for ARM 7.32/lib/libc_v7em_fpv4_sp_d16_hard_t_le_eabi_balanced.a(prinops.o) (fwrite)
C:/Program Files/SEGGER/SEGGER Embedded Studio for ARM 7.32/lib/libc_v7em_fpv4_sp_d16_hard_t_le_eabi_balanced.a(intops.o)
                              C:/Program Files/SEGGER/SEGGER Embedded Studio for ARM 7.32/lib/libc_v7em_fpv4_sp_d16_hard_t_le_eabi_balanced.a(timeops.o) (div)
C:/Program Files/SEGGER/SEGGER Embedded Studio for ARM 7.32/lib/heapops_basic_v7em_fpv4_sp_d16_hard_t_le_eabi_balanced.a(heapops_basic.o)
                              Output/Debug/Obj/blinky_pca10056/thumb_crt0.o (__SEGGER_RTL_init_heap)
C:/Program Files/SEGGER/SEGGER Embedded Studio for ARM 7.32/lib/heapops_disable_interrupts_locking_v7em_fpv4_sp_d16_hard_t_le_eabi_balanced.a(heapops.o)
                              C:/Program Files/SEGGER/SEGGER Embedded Studio for ARM 7.32/lib/libc_v7em_fpv4_sp_d16_hard_t_le_eabi_balanced.a(mbops.o) (malloc)
C:/Program Files/SEGGER/SEGGER Embedded Studio for ARM 7.32/lib/strops_unaligned_v7em_fpv4_sp_d16_hard_t_le_eabi_balanced.a(strops.o)
                              C:/Program Files/SEGGER/SEGGER Embedded Studio for ARM 7.32/lib/libc_v7em_fpv4_sp_d16_hard_t_le_eabi_balanced.a(timeops.o) (mempcpy)
C:/Program Files/SEGGER/SEGGER Embedded Studio for ARM 7.32/lib/strops_unaligned_v7em_fpv4_sp_d16_hard_t_le_eabi_balanced.a(strasmops_arm.o)
                              C:/Program Files/SEGGER/SEGGER Embedded Studio for ARM 7.32/lib/libc_v7em_fpv4_sp_d16_hard_t_le_eabi_balanced.a(timeops.o) (strcmp)
C:/Program Files/SEGGER/SEGGER Embedded Studio for ARM 7.32/lib/libc_v7em_fpv4_sp_d16_hard_t_le_eabi_balanced.a(execops.o)
                              C:/Program Files/SEGGER/SEGGER Embedded Studio for ARM 7.32/lib/strops_unaligned_v7em_fpv4_sp_d16_hard_t_le_eabi_balanced.a(strops.o) (__SEGGER_RTL_constraint_violation)
[...]
Memory Configuration

Name             Origin             Length             Attributes
UNPLACED_SECTIONS 0x0000000100000000 0x0000000000000000 xw
RAM              0x0000000020000000 0x0000000000040000 xw
FLASH            0x0000000000000000 0x0000000000100000 xw
*default*        0x0000000000000000 0xffffffffffffffff

Linker script and memory map

                0x0000000020000000                __RAM_segment_start__ = 0x20000000
                0x0000000020040000                __RAM_segment_end__ = 0x20040000
                0x0000000000040000                __RAM_segment_size__ = 0x40000
                0x0000000000000000                __FLASH_segment_start__ = 0x0
                0x0000000000100000                __FLASH_segment_end__ = 0x100000
                0x0000000000100000                __FLASH_segment_size__ = 0x100000
                0x0000000000002000                __HEAPSIZE__ = 0x2000
                0x0000000000000000                __SEGGER_RTL_vfprintf = __SEGGER_RTL_vfprintf_long
                0x0000000000000000                __SEGGER_RTL_vfscanf = __SEGGER_RTL_vfscanf_long
                0x0000000000000000                __STACKSIZE_PROCESS__ = 0x0
                0x0000000000002000                __STACKSIZE__ = 0x2000
                0x0000000020000000                __vectors_ram_load_start__ = 0x20000000

.vectors_ram    0x0000000020000000        0x0
                0x0000000020000000                __vectors_ram_start__ = .
                0x0000000020000000                __app_ram_start__ = __vectors_ram_start__
 *(.vectors_ram .vectors_ram.*)
                0x0000000020000000                __vectors_ram_end__ = (__vectors_ram_start__ + SIZEOF (.vectors_ram))
                0x0000000000000000                __vectors_ram_size__ = SIZEOF (.vectors_ram)
                0x0000000020000000                __vectors_ram_load_end__ = __vectors_ram_end__
                0x0000000000000001                . = ASSERT (((__vectors_ram_start__ == __vectors_ram_end__) || ((__vectors_ram_end__ - __RAM_segment_start__) <= __RAM_segment_size__)), error: .vectors_ram is too large to fit in RAM memory segment)
                0x0000000020000000                __nrf_sections_run_load_start__ = ALIGN (__vectors_ram_end__, 0x4)

.nrf_sections_run
                0x0000000020000000        0x0
                0x0000000020000000                __nrf_sections_run_start__ = .
                0x0000000020000000                __start_nrf_sections_run = __nrf_sections_run_start__
 *(.nrf_sections_run .nrf_sections_run.*)
                0x0000000020000000                __nrf_sections_run_end__ = (__nrf_sections_run_start__ + SIZEOF (.nrf_sections_run))
                0x0000000000000000                __nrf_sections_run_size__ = SIZEOF (.nrf_sections_run)
                0x0000000020000000                __nrf_sections_run_load_end__ = __nrf_sections_run_end__
                0x0000000000000001                . = ASSERT (((__nrf_sections_run_start__ == __nrf_sections_run_end__) || ((__nrf_sections_run_end__ - __RAM_segment_start__) <= __RAM_segment_size__)), error: .nrf_sections_run is too large to fit in RAM memory segment)
                0x0000000000000000                __vectors_load_start__ = 0x0

.vectors        0x0000000000000000      0x200
                0x0000000000000000                __vectors_start__ = .
 *(.vectors .vectors.*)
 .vectors       0x0000000000000000      0x200 Output/Debug/Obj/blinky_pca10056/ses_startup_nrf52840.o
                0x0000000000000000                _vectors
                0x0000000000000200                __vectors_end__ = (__vectors_start__ + SIZEOF (.vectors))
                0x0000000000000200                __vectors_size__ = SIZEOF (.vectors)
                0x0000000000000200                __vectors_load_end__ = __vectors_end__
                0x0000000000000001                . = ASSERT (((__vectors_start__ == __vectors_end__) || ((__vectors_end__ - __FLASH_segment_start__) <= __FLASH_segment_size__)), error: .vectors is too large to fit in FLASH memory segment)
                0x0000000000000200                __init_load_start__ = ALIGN (__vectors_end__, 0x4)

.init           0x0000000000000200      0x1e4
                0x0000000000000200                __init_start__ = .
 *(.init .init.*)
 .init          0x0000000000000200      0x170 Output/Debug/Obj/blinky_pca10056/thumb_crt0.o
                0x0000000000000200                _start
                0x00000000000002ae                exit
                0x00000000000002ae                _Exit
 .init          0x0000000000000370       0x18 Output/Debug/Obj/blinky_pca10056/ses_startup_nrf52840.o
                0x0000000000000370                NMI_Handler
                0x0000000000000372                HardFault_Handler
                0x0000000000000374                MemoryManagement_Handler
                0x0000000000000376                BusFault_Handler
                0x0000000000000378                UsageFault_Handler
                0x000000000000037a                SVC_Handler
                0x000000000000037c                DebugMon_Handler
                0x000000000000037e                PendSV_Handler
                0x0000000000000380                SysTick_Handler
                0x0000000000000382                PWM1_IRQHandler
                0x0000000000000382                GPIOTE_IRQHandler
                0x0000000000000382                RTC0_IRQHandler
                0x0000000000000382                POWER_CLOCK_IRQHandler
                0x0000000000000382                RADIO_IRQHandler
                0x0000000000000382                PDM_IRQHandler
                0x0000000000000382                TEMP_IRQHandler
                0x0000000000000382                QDEC_IRQHandler
                0x0000000000000382                TIMER3_IRQHandler
                0x0000000000000382                PWM3_IRQHandler
                0x0000000000000382                FPU_IRQHandler
                0x0000000000000382                USBD_IRQHandler
                0x0000000000000382                SPIM0_SPIS0_TWIM0_TWIS0_SPI0_TWI0_IRQHandler
                0x0000000000000382                QSPI_IRQHandler
                0x0000000000000382                UARTE0_UART0_IRQHandler
                0x0000000000000382                TIMER4_IRQHandler
                0x0000000000000382                SWI2_EGU2_IRQHandler
                0x0000000000000382                I2S_IRQHandler
                0x0000000000000382                SWI4_EGU4_IRQHandler
                0x0000000000000382                TIMER0_IRQHandler
                0x0000000000000382                UARTE1_IRQHandler
                0x0000000000000382                Dummy_Handler
                0x0000000000000382                TIMER1_IRQHandler
                0x0000000000000382                SPIM3_IRQHandler
                0x0000000000000382                PWM2_IRQHandler
                0x0000000000000382                ECB_IRQHandler
                0x0000000000000382                SPIM1_SPIS1_TWIM1_TWIS1_SPI1_TWI1_IRQHandler
                0x0000000000000382                SAADC_IRQHandler
                0x0000000000000382                CCM_AAR_IRQHandler
                0x0000000000000382                WDT_IRQHandler
                0x0000000000000382                SWI0_EGU0_IRQHandler
                0x0000000000000382                SWI5_EGU5_IRQHandler
                0x0000000000000382                RNG_IRQHandler
                0x0000000000000382                RTC2_IRQHandler
                0x0000000000000382                PWM0_IRQHandler
                0x0000000000000382                SWI3_EGU3_IRQHandler
                0x0000000000000382                RTC1_IRQHandler
                0x0000000000000382                SWI1_EGU1_IRQHandler
                0x0000000000000382                SPIM2_SPIS2_SPI2_IRQHandler
                0x0000000000000382                NFCT_IRQHandler
                0x0000000000000382                CRYPTOCELL_IRQHandler
                0x0000000000000382                MWU_IRQHandler
                0x0000000000000382                TIMER2_IRQHandler
                0x0000000000000382                COMP_LPCOMP_IRQHandler
                0x0000000000000384                nRFInitialize
 .init          0x0000000000000388       0x5c Output/Debug/Obj/blinky_pca10056/ses_startup_nrf_common.o
                0x0000000000000388                Reset_Handler
                0x000000000000038c                afterInitialize
                0x00000000000003b0                InitializeUserMemorySections
                0x00000000000003e4                __init_end__ = (__init_start__ + SIZEOF (.init))
                0x00000000000001e4                __init_size__ = SIZEOF (.init)
                0x00000000000003e4                __init_load_end__ = __init_end__
                0x0000000000000001                . = ASSERT (((__init_start__ == __init_end__) || ((__init_end__ - __FLASH_segment_start__) <= __FLASH_segment_size__)), error: .init is too large to fit in FLASH memory segment)
                0x00000000000003e4                __init_rodata_load_start__ = ALIGN (__init_end__, 0x4)

.init_rodata    0x00000000000003e4        0x0
                0x00000000000003e4                __init_rodata_start__ = .
 *(.init_rodata .init_rodata.*)
                0x00000000000003e4                __init_rodata_end__ = (__init_rodata_start__ + SIZEOF (.init_rodata))
                0x0000000000000000                __init_rodata_size__ = SIZEOF (.init_rodata)
                0x00000000000003e4                __init_rodata_load_end__ = __init_rodata_end__
                0x0000000000000001                . = ASSERT (((__init_rodata_start__ == __init_rodata_end__) || ((__init_rodata_end__ - __FLASH_segment_start__) <= __FLASH_segment_size__)), error: .init_rodata is too large to fit in FLASH memory segment)
                0x00000000000003e4                __text_load_start__ = ALIGN (__init_rodata_end__, 0x4)

.text           0x00000000000003e4      0x6c8
                0x00000000000003e4                __text_start__ = .
 *(.text .text.* .gnu.linkonce.t.* .glue_7t .glue_7 .gcc_except_table .ARM.extab* .gnu.linkonce.armextab.*)
 .glue_7        0x00000000000003e4        0x0 linker stubs
 .glue_7t       0x00000000000003e4        0x0 linker stubs
 .text.app_error_save_and_stop
                0x00000000000003e4       0x9c Output/Debug/Obj/blinky_pca10056/app_error.o
                0x00000000000003e4                app_error_save_and_stop
 .text.app_error_fault_handler
                0x0000000000000480       0x54 Output/Debug/Obj/blinky_pca10056/app_error_weak.o
                0x0000000000000480                app_error_fault_handler
 .text.assert_nrf_callback
                0x00000000000004d4       0x2e Output/Debug/Obj/blinky_pca10056/nrf_assert.o
                0x00000000000004d4                assert_nrf_callback
 *fill*         0x0000000000000502        0x2 
 .text.nrfx_coredep_delay_us
                0x0000000000000504       0x30 Output/Debug/Obj/blinky_pca10056/main.o
 .text.nrf_delay_ms
                0x0000000000000534       0x2a Output/Debug/Obj/blinky_pca10056/main.o
 *fill*         0x000000000000055e        0x2 
 .text.nrf_gpio_pin_port_decode
                0x0000000000000560       0x44 Output/Debug/Obj/blinky_pca10056/main.o
 .text.nrf_gpio_cfg
                0x00000000000005a4       0x62 Output/Debug/Obj/blinky_pca10056/main.o
 .text.nrf_gpio_cfg_output
                0x0000000000000606       0x22 Output/Debug/Obj/blinky_pca10056/main.o
 .text.nrf_gpio_pin_toggle
                0x0000000000000628       0x44 Output/Debug/Obj/blinky_pca10056/main.o
 .text.main     0x000000000000066c       0x2c Output/Debug/Obj/blinky_pca10056/main.o
                0x000000000000066c                main
 .text.NVIC_SystemReset
                0x0000000000000698       0x2c Output/Debug/Obj/blinky_pca10056/system_nrf52840.o
 .text.SystemCoreClockUpdate
                0x00000000000006c4       0x14 Output/Debug/Obj/blinky_pca10056/system_nrf52840.o
                0x00000000000006c4                SystemCoreClockUpdate
 .text.SystemInit
                0x00000000000006d8      0x254 Output/Debug/Obj/blinky_pca10056/system_nrf52840.o
                0x00000000000006d8                SystemInit
 .text.errata_36
                0x000000000000092c       0x48 Output/Debug/Obj/blinky_pca10056/system_nrf52840.o
 .text.errata_66
                0x0000000000000974       0x48 Output/Debug/Obj/blinky_pca10056/system_nrf52840.o
 .text.errata_98
                0x00000000000009bc       0x24 Output/Debug/Obj/blinky_pca10056/system_nrf52840.o
 .text.errata_103
                0x00000000000009e0       0x24 Output/Debug/Obj/blinky_pca10056/system_nrf52840.o
 .text.errata_115
                0x0000000000000a04       0x24 Output/Debug/Obj/blinky_pca10056/system_nrf52840.o
 .text.errata_120
                0x0000000000000a28       0x24 Output/Debug/Obj/blinky_pca10056/system_nrf52840.o
 .text.errata_136
                0x0000000000000a4c       0x48 Output/Debug/Obj/blinky_pca10056/system_nrf52840.o
 .text.libc.__SEGGER_RTL_init_heap
                0x0000000000000a94       0x18 C:/Program Files/SEGGER/SEGGER Embedded Studio for ARM 7.32/lib/heapops_basic_v7em_fpv4_sp_d16_hard_t_le_eabi_balanced.a(heapops_basic.o)
                0x0000000000000a94                __SEGGER_RTL_init_heap
                0x0000000000000aac                __text_end__ = (__text_start__ + SIZEOF (.text))
                0x00000000000006c8                __text_size__ = SIZEOF (.text)
                0x0000000000000aac                __text_load_end__ = __text_end__

.vfp11_veneer   0x0000000100000000        0x0
 .vfp11_veneer  0x0000000100000000        0x0 linker stubs

.v4_bx          0x0000000100000000        0x0
 .v4_bx         0x0000000100000000        0x0 linker stubs

.iplt           0x0000000100000000        0x0
 .iplt          0x0000000100000000        0x0 Output/Debug/Obj/blinky_pca10056/thumb_crt0.o
                0x0000000000000001                . = ASSERT (((__text_start__ == __text_end__) || ((__text_end__ - __FLASH_segment_start__) <= __FLASH_segment_size__)), error: .text is too large to fit in FLASH memory segment)
                0x0000000000000aac                __log_const_data_load_start__ = ALIGN (__text_end__, 0x4)

.log_const_data
                0x0000000000000aac        0x0
                0x0000000000000aac                __log_const_data_start__ = .
                0x0000000000000aac                __start_log_const_data = __log_const_data_start__
 *(SORT_BY_NAME(.log_const_data*))
                0x0000000000000aac                __log_const_data_end__ = (__log_const_data_start__ + SIZEOF (.log_const_data))
                0x0000000000000000                __log_const_data_size__ = SIZEOF (.log_const_data)
                0x0000000000000aac                __stop_log_const_data = __log_const_data_end__
                0x0000000000000aac                __log_const_data_load_end__ = __log_const_data_end__
                0x0000000000000001                . = ASSERT (((__log_const_data_start__ == __log_const_data_end__) || ((__log_const_data_end__ - __FLASH_segment_start__) <= __FLASH_segment_size__)), error: .log_const_data is too large to fit in FLASH memory segment)
                0x0000000000000aac                __log_backends_load_start__ = ALIGN (__log_const_data_end__, 0x4)

.log_backends   0x0000000000000aac        0x0
                0x0000000000000aac                __log_backends_start__ = .
                0x0000000000000aac                __start_log_backends = __log_backends_start__
 *(SORT_BY_NAME(.log_backends*))
                0x0000000000000aac                __log_backends_end__ = (__log_backends_start__ + SIZEOF (.log_backends))
                0x0000000000000000                __log_backends_size__ = SIZEOF (.log_backends)
                0x0000000000000aac                __stop_log_backends = __log_backends_end__
                0x0000000000000aac                __log_backends_load_end__ = __log_backends_end__
                0x0000000000000001                . = ASSERT (((__log_backends_start__ == __log_backends_end__) || ((__log_backends_end__ - __FLASH_segment_start__) <= __FLASH_segment_size__)), error: .log_backends is too large to fit in FLASH memory segment)
                0x0000000000000aac                __nrf_balloc_load_start__ = ALIGN (__log_backends_end__, 0x4)

.nrf_balloc     0x0000000000000aac        0x0
                0x0000000000000aac                __nrf_balloc_start__ = .
                0x0000000000000aac                __start_nrf_balloc = __nrf_balloc_start__
 *(.nrf_balloc*)
                0x0000000000000aac                __nrf_balloc_end__ = (__nrf_balloc_start__ + SIZEOF (.nrf_balloc))
                0x0000000000000000                __nrf_balloc_size__ = SIZEOF (.nrf_balloc)
                0x0000000000000aac                __stop_nrf_balloc = __nrf_balloc_end__
                0x0000000000000aac                __nrf_balloc_load_end__ = __nrf_balloc_end__
                0x0000000000000001                . = ASSERT (((__nrf_balloc_start__ == __nrf_balloc_end__) || ((__nrf_balloc_end__ - __FLASH_segment_start__) <= __FLASH_segment_size__)), error: .nrf_balloc is too large to fit in FLASH memory segment)
                0x0000000000000aac                __nrf_sections_load_start__ = ALIGN (__nrf_balloc_end__, 0x4)

.nrf_sections   0x0000000000000aac        0x0
                0x0000000000000aac                __nrf_sections_start__ = .
                0x0000000000000aac                __start_nrf_sections = __nrf_sections_start__
 *(.nrf_sections .nrf_sections.*)
                0x0000000000000aac                __nrf_sections_end__ = (__nrf_sections_start__ + SIZEOF (.nrf_sections))
                0x0000000000000000                __nrf_sections_size__ = SIZEOF (.nrf_sections)
                0x0000000000000aac                __nrf_sections_load_end__ = __nrf_sections_end__
                0x0000000000000001                . = ASSERT (((__nrf_sections_start__ == __nrf_sections_end__) || ((__nrf_sections_end__ - __FLASH_segment_start__) <= __FLASH_segment_size__)), error: .nrf_sections is too large to fit in FLASH memory segment)
                0x0000000000000aac                __log_dynamic_data_load_start__ = ALIGN (__nrf_sections_end__, 0x4)

.log_dynamic_data
                0x0000000020000000        0x0 load address 0x0000000000000aac
                0x0000000020000000                __log_dynamic_data_start__ = .
 *(SORT_BY_NAME(.log_dynamic_data*))
                0x0000000020000000                __log_dynamic_data_end__ = (__log_dynamic_data_start__ + SIZEOF (.log_dynamic_data))
                0x0000000000000000                __log_dynamic_data_size__ = SIZEOF (.log_dynamic_data)
                0x0000000000000aac                __log_dynamic_data_load_end__ = (__log_dynamic_data_load_start__ + SIZEOF (.log_dynamic_data))
                0x0000000000000001                . = ASSERT (((__log_dynamic_data_load_start__ == __log_dynamic_data_load_end__) || ((__log_dynamic_data_load_end__ - __FLASH_segment_start__) <= __FLASH_segment_size__)), error: .log_dynamic_data is too large to fit in FLASH memory segment)

.log_dynamic_data_run
                0x0000000020000000        0x0
                0x0000000020000000                __log_dynamic_data_run_start__ = .
                0x0000000020000000                __start_log_dynamic_data = __log_dynamic_data_run_start__
                0x0000000020000000                __log_dynamic_data_run_end__ = (__log_dynamic_data_run_start__ + SIZEOF (.log_dynamic_data))
                0x0000000000000000                __log_dynamic_data_run_size__ = (__log_dynamic_data_run_end__ - __log_dynamic_data_run_start__)
                0x0000000020000000                __stop_log_dynamic_data = __log_dynamic_data_run_end__
                0x0000000020000000                __log_dynamic_data_run_load_end__ = __log_dynamic_data_run_end__
                0x0000000000000001                . = ASSERT (((__log_dynamic_data_run_start__ == __log_dynamic_data_run_end__) || ((__log_dynamic_data_run_end__ - __RAM_segment_start__) <= __RAM_segment_size__)), error: .log_dynamic_data_run is too large to fit in RAM memory segment)
                0x0000000000000aac                __log_filter_data_load_start__ = ALIGN ((__log_dynamic_data_load_start__ + SIZEOF (.log_dynamic_data)), 0x4)

.log_filter_data
                0x0000000020000000        0x0 load address 0x0000000000000aac
                0x0000000020000000                __log_filter_data_start__ = .
 *(SORT_BY_NAME(.log_filter_data*))
                0x0000000020000000                __log_filter_data_end__ = (__log_filter_data_start__ + SIZEOF (.log_filter_data))
                0x0000000000000000                __log_filter_data_size__ = SIZEOF (.log_filter_data)
                0x0000000000000aac                __log_filter_data_load_end__ = (__log_filter_data_load_start__ + SIZEOF (.log_filter_data))
                0x0000000000000001                . = ASSERT (((__log_filter_data_load_start__ == __log_filter_data_load_end__) || ((__log_filter_data_load_end__ - __FLASH_segment_start__) <= __FLASH_segment_size__)), error: .log_filter_data is too large to fit in FLASH memory segment)

.log_filter_data_run
                0x0000000020000000        0x0
                0x0000000020000000                __log_filter_data_run_start__ = .
                0x0000000020000000                __start_log_filter_data = __log_filter_data_run_start__
                0x0000000020000000                __log_filter_data_run_end__ = (__log_filter_data_run_start__ + SIZEOF (.log_filter_data))
                0x0000000000000000                __log_filter_data_run_size__ = (__log_filter_data_run_end__ - __log_filter_data_run_start__)
                0x0000000020000000                __stop_log_filter_data = __log_filter_data_run_end__
                0x0000000020000000                __log_filter_data_run_load_end__ = __log_filter_data_run_end__
                0x0000000000000001                . = ASSERT (((__log_filter_data_run_start__ == __log_filter_data_run_end__) || ((__log_filter_data_run_end__ - __RAM_segment_start__) <= __RAM_segment_size__)), error: .log_filter_data_run is too large to fit in RAM memory segment)
                0x0000000020000000                __nrf_sections_run_end_load_start__ = ALIGN (__log_filter_data_run_end__, 0x4)

.nrf_sections_run_end
                0x0000000020000000        0x0
                0x0000000020000000                __nrf_sections_run_end_start__ = .
                0x0000000020000000                __end_nrf_sections_run = __nrf_sections_run_end_start__
 *(.nrf_sections_run_end .nrf_sections_run_end.*)
                0x0000000020000000                __nrf_sections_run_end_end__ = (__nrf_sections_run_end_start__ + SIZEOF (.nrf_sections_run_end))
                0x0000000000000000                __nrf_sections_run_end_size__ = SIZEOF (.nrf_sections_run_end)
                0x0000000020000000                __nrf_sections_run_end_load_end__ = __nrf_sections_run_end_end__
                0x0000000000000001                . = ASSERT (((__nrf_sections_run_end_start__ == __nrf_sections_run_end_end__) || ((__nrf_sections_run_end_end__ - __RAM_segment_start__) <= __RAM_segment_size__)), error: .nrf_sections_run_end is too large to fit in RAM memory segment)
                0x0000000000000aac                __dtors_load_start__ = ALIGN ((__log_filter_data_load_start__ + SIZEOF (.log_filter_data)), 0x4)

.dtors          0x0000000000000aac        0x0
                0x0000000000000aac                __dtors_start__ = .
 *(SORT_BY_NAME(.dtors.*))
 *(.dtors)
 *(.fini_array)
 *(SORT_BY_NAME(.fini_array.*))
                0x0000000000000aac                __dtors_end__ = (__dtors_start__ + SIZEOF (.dtors))
                0x0000000000000000                __dtors_size__ = SIZEOF (.dtors)
                0x0000000000000aac                __dtors_load_end__ = __dtors_end__
                0x0000000000000001                . = ASSERT (((__dtors_start__ == __dtors_end__) || ((__dtors_end__ - __FLASH_segment_start__) <= __FLASH_segment_size__)), error: .dtors is too large to fit in FLASH memory segment)
                0x0000000000000aac                __ctors_load_start__ = ALIGN (__dtors_end__, 0x4)

.ctors          0x0000000000000aac        0x0
                0x0000000000000aac                __ctors_start__ = .
 *(SORT_BY_NAME(.ctors.*))
 *(.ctors)
 *(.init_array)
 *(SORT_BY_NAME(.init_array.*))
                0x0000000000000aac                __ctors_end__ = (__ctors_start__ + SIZEOF (.ctors))
                0x0000000000000000                __ctors_size__ = SIZEOF (.ctors)
                0x0000000000000aac                __ctors_load_end__ = __ctors_end__
                0x0000000000000001                . = ASSERT (((__ctors_start__ == __ctors_end__) || ((__ctors_end__ - __FLASH_segment_start__) <= __FLASH_segment_size__)), error: .ctors is too large to fit in FLASH memory segment)
                0x0000000000000aac                __rodata_load_start__ = ALIGN (__ctors_end__, 0x4)

.rodata         0x0000000000000aac       0x3a
                0x0000000000000aac                __rodata_start__ = .
 *(.rodata .rodata.* .gnu.linkonce.r.*)
 .rodata        0x0000000000000aac       0x2e Output/Debug/Obj/blinky_pca10056/main.o
 *fill*         0x0000000000000ada        0x6 
 .rodata.delay_machine_code.0
                0x0000000000000ae0        0x6 Output/Debug/Obj/blinky_pca10056/main.o
                0x0000000000000ae6                __rodata_end__ = (__rodata_start__ + SIZEOF (.rodata))
                0x000000000000003a                __rodata_size__ = SIZEOF (.rodata)
                0x0000000000000ae6                __rodata_load_end__ = __rodata_end__

.rel.dyn        0x0000000000000ae8        0x0
 .rel.iplt      0x0000000000000ae8        0x0 Output/Debug/Obj/blinky_pca10056/thumb_crt0.o
                0x0000000000000001                . = ASSERT (((__rodata_start__ == __rodata_end__) || ((__rodata_end__ - __FLASH_segment_start__) <= __FLASH_segment_size__)), error: .rodata is too large to fit in FLASH memory segment)
                0x0000000000000ae8                __ARM.exidx_load_start__ = ALIGN (__rodata_end__, 0x4)

.ARM.exidx      0x0000000000000ae8        0x0
                0x0000000000000ae8                __ARM.exidx_start__ = .
                0x0000000000000ae8                __exidx_start = __ARM.exidx_start__
 *(.ARM.exidx .ARM.exidx.*)
                0x0000000000000ae8                __ARM.exidx_end__ = (__ARM.exidx_start__ + SIZEOF (.ARM.exidx))
                0x0000000000000000                __ARM.exidx_size__ = SIZEOF (.ARM.exidx)
                0x0000000000000ae8                __exidx_end = __ARM.exidx_end__
                0x0000000000000ae8                __ARM.exidx_load_end__ = __ARM.exidx_end__
                0x0000000000000001                . = ASSERT (((__ARM.exidx_start__ == __ARM.exidx_end__) || ((__ARM.exidx_end__ - __FLASH_segment_start__) <= __FLASH_segment_size__)), error: .ARM.exidx is too large to fit in FLASH memory segment)
                0x0000000000000ae8                __fast_load_start__ = ALIGN (__ARM.exidx_end__, 0x4)

.fast           0x0000000020000000        0x0 load address 0x0000000000000ae8
                0x0000000020000000                __fast_start__ = .
 *(.fast .fast.*)
                0x0000000020000000                __fast_end__ = (__fast_start__ + SIZEOF (.fast))
                0x0000000000000000                __fast_size__ = SIZEOF (.fast)
                0x0000000000000ae8                __fast_load_end__ = (__fast_load_start__ + SIZEOF (.fast))
                0x0000000000000001                . = ASSERT (((__fast_load_start__ == __fast_load_end__) || ((__fast_load_end__ - __FLASH_segment_start__) <= __FLASH_segment_size__)), error: .fast is too large to fit in FLASH memory segment)

.fast_run       0x0000000020000000        0x0
                0x0000000020000000                __fast_run_start__ = .
                0x0000000020000000                __fast_run_end__ = (__fast_run_start__ + SIZEOF (.fast))
                0x0000000000000000                __fast_run_size__ = (__fast_run_end__ - __fast_run_start__)
                0x0000000020000000                __fast_run_load_end__ = __fast_run_end__
                0x0000000000000001                . = ASSERT (((__fast_run_start__ == __fast_run_end__) || ((__fast_run_end__ - __RAM_segment_start__) <= __RAM_segment_size__)), error: .fast_run is too large to fit in RAM memory segment)
                0x0000000000000ae8                __data_load_start__ = ALIGN ((__fast_load_start__ + SIZEOF (.fast)), 0x4)

.data           0x0000000020000000        0x4 load address 0x0000000000000ae8
                0x0000000020000000                __data_start__ = .
 *(.data .data.* .gnu.linkonce.d.*)
 .data.SystemCoreClock
                0x0000000020000000        0x4 Output/Debug/Obj/blinky_pca10056/system_nrf52840.o
                0x0000000020000000                SystemCoreClock
                0x0000000020000004                __data_end__ = (__data_start__ + SIZEOF (.data))
                0x0000000000000004                __data_size__ = SIZEOF (.data)
                0x0000000000000aec                __data_load_end__ = (__data_load_start__ + SIZEOF (.data))

.igot.plt       0x0000000100000000        0x0
 .igot.plt      0x0000000100000000        0x0 Output/Debug/Obj/blinky_pca10056/thumb_crt0.o
                0x0000000000000001                . = ASSERT (((__data_load_start__ == __data_load_end__) || ((__data_load_end__ - __FLASH_segment_start__) <= __FLASH_segment_size__)), error: .data is too large to fit in FLASH memory segment)

.data_run       0x0000000020000000        0x0
                0x0000000020000000                __data_run_start__ = .
                0x0000000020000004                __data_run_end__ = (__data_run_start__ + SIZEOF (.data))
                0x0000000000000004                __data_run_size__ = (__data_run_end__ - __data_run_start__)
                0x0000000020000004                __data_run_load_end__ = __data_run_end__
                0x0000000000000001                . = ASSERT (((__data_run_start__ == __data_run_end__) || ((__data_run_end__ - __RAM_segment_start__) <= __RAM_segment_size__)), error: .data_run is too large to fit in RAM memory segment)
                0x0000000000000aec                __tdata_load_start__ = ALIGN ((__data_load_start__ + SIZEOF (.data)), 0x4)

.tdata          0x0000000020000004        0x0 load address 0x0000000000000aec
                0x0000000020000004                __tdata_start__ = .
 *(.tdata .tdata.*)
                0x0000000020000004                __tdata_end__ = (__tdata_start__ + SIZEOF (.tdata))
                0x0000000000000000                __tdata_size__ = SIZEOF (.tdata)
                0x0000000000000aec                __tdata_load_end__ = (__tdata_load_start__ + SIZEOF (.tdata))
                0x0000000000000aec                __FLASH_segment_used_end__ = (ALIGN ((__data_load_start__ + SIZEOF (.data)), 0x4) + SIZEOF (.tdata))
                0x0000000000000aec                __FLASH_segment_used_size__ = (__FLASH_segment_used_end__ - __FLASH_segment_start__)
                0x0000000000000001                . = ASSERT (((__tdata_load_start__ == __tdata_load_end__) || ((__tdata_load_end__ - __FLASH_segment_start__) <= __FLASH_segment_size__)), error: .tdata is too large to fit in FLASH memory segment)

.tdata_run      0x0000000020000004        0x0
                0x0000000020000004                __tdata_run_start__ = .
                0x0000000020000004                __tdata_run_end__ = (__tdata_run_start__ + SIZEOF (.tdata))
                0x0000000000000000                __tdata_run_size__ = (__tdata_run_end__ - __tdata_run_start__)
                0x0000000020000004                __tdata_run_load_end__ = __tdata_run_end__
                0x0000000000000001                . = ASSERT (((__tdata_run_start__ == __tdata_run_end__) || ((__tdata_run_end__ - __RAM_segment_start__) <= __RAM_segment_size__)), error: .tdata_run is too large to fit in RAM memory segment)
                0x0000000020000004                __bss_load_start__ = ALIGN (__tdata_run_end__, 0x4)

.bss            0x0000000020000004       0x24
                0x0000000020000004                __bss_start__ = .
 *(.bss .bss.* .gnu.linkonce.b.*)
 .bss.m_error_data.0
                0x0000000020000004       0x20 Output/Debug/Obj/blinky_pca10056/app_error.o
 .bss.libc.__SEGGER_RTL_heap_globals.0
                0x0000000020000024        0x4 C:/Program Files/SEGGER/SEGGER Embedded Studio for ARM 7.32/lib/heapops_basic_v7em_fpv4_sp_d16_hard_t_le_eabi_balanced.a(heapops_basic.o)
 *(COMMON)
                0x0000000020000028                __bss_end__ = (__bss_start__ + SIZEOF (.bss))
                0x0000000000000024                __bss_size__ = SIZEOF (.bss)
                0x0000000020000028                __bss_load_end__ = __bss_end__
                0x0000000000000001                . = ASSERT (((__bss_start__ == __bss_end__) || ((__bss_end__ - __RAM_segment_start__) <= __RAM_segment_size__)), error: .bss is too large to fit in RAM memory segment)
                0x0000000020000028                __tbss_load_start__ = ALIGN (__bss_end__, 0x4)

.tbss           0x0000000020000028        0x0
                0x0000000020000028                __tbss_start__ = .
 *(.tbss .tbss.*)
                0x0000000020000028                __tbss_end__ = (__tbss_start__ + SIZEOF (.tbss))
                0x0000000000000000                __tbss_size__ = SIZEOF (.tbss)
                0x0000000020000028                __tbss_load_end__ = __tbss_end__
                0x0000000000000001                . = ASSERT (((__tbss_start__ == __tbss_end__) || ((__tbss_end__ - __RAM_segment_start__) <= __RAM_segment_size__)), error: .tbss is too large to fit in RAM memory segment)
                0x0000000020000028                __non_init_load_start__ = ALIGN (__tbss_end__, 0x4)

.non_init       0x0000000020000028        0x0
                0x0000000020000028                __non_init_start__ = .
 *(.non_init .non_init.*)
                0x0000000020000028                __non_init_end__ = (__non_init_start__ + SIZEOF (.non_init))
                0x0000000000000000                __non_init_size__ = SIZEOF (.non_init)
                0x0000000020000028                __non_init_load_end__ = __non_init_end__
                0x0000000000000001                . = ASSERT (((__non_init_start__ == __non_init_end__) || ((__non_init_end__ - __RAM_segment_start__) <= __RAM_segment_size__)), error: .non_init is too large to fit in RAM memory segment)
                0x0000000020000028                __heap_load_start__ = ALIGN (__non_init_end__, 0x4)

.heap           0x0000000020000028     0x2000
                0x0000000020000028                __heap_start__ = .
 *(.heap .heap.*)
                0x0000000020002028                . = ALIGN (MAX ((__heap_start__ + __HEAPSIZE__), .), 0x4)
 *fill*         0x0000000020000028     0x2000 
                0x0000000020002028                __heap_end__ = (__heap_start__ + SIZEOF (.heap))
                0x0000000000002000                __heap_size__ = SIZEOF (.heap)
                0x0000000020002028                __heap_load_end__ = __heap_end__
                0x0000000000000001                . = ASSERT (((__heap_start__ == __heap_end__) || ((__heap_end__ - __RAM_segment_start__) <= __RAM_segment_size__)), error: .heap is too large to fit in RAM memory segment)
                0x0000000000000001                . = ASSERT ((__HEAPSIZE__ == ALIGN (__HEAPSIZE__, 0x4)), error: .heap section size does not match alignment)
                0x0000000000000001                . = ASSERT ((__heap_size__ <= __HEAPSIZE__), error: .heap section is larger than specified size)
                0x000000002003e000                __stack_load_start__ = (__RAM_segment_start__ + (__RAM_segment_size__ - 0x2000))

.stack          0x000000002003e000     0x2000
                0x000000002003e000                __stack_start__ = .
                0x000000002003e000                __StackLimit = __stack_start__
 *(.stack .stack.*)
                0x0000000020040000                . = ALIGN (MAX ((__stack_start__ + __STACKSIZE__), .), 0x8)
 *fill*         0x000000002003e000     0x2000 
                0x0000000020040000                __stack_end__ = (__stack_start__ + SIZEOF (.stack))
                0x0000000000002000                __stack_size__ = SIZEOF (.stack)
                0x0000000020040000                __StackTop = __stack_end__
                0x0000000020040000                __stack_load_end__ = __stack_end__
                0x0000000000000001                . = ASSERT (((__stack_start__ == __stack_end__) || ((__stack_end__ - __RAM_segment_start__) <= __RAM_segment_size__)), error: .stack is too large to fit in RAM memory segment)
                0x0000000000000001                . = ASSERT ((__heap_end__ <= __stack_start__), error: section .heap overlaps absolute placed section .stack)
                0x0000000000000001                . = ASSERT ((__STACKSIZE__ == ALIGN (__STACKSIZE__, 0x8)), error: .stack section size does not match alignment)
                0x0000000000000001                . = ASSERT ((__stack_size__ <= __STACKSIZE__), error: .stack section is larger than specified size)
                0x0000000020040000                __stack_process_load_start__ = ALIGN (__stack_end__, 0x8)

.stack_process  0x0000000020040000        0x0
                0x0000000020040000                __stack_process_start__ = .
 *(.stack_process .stack_process.*)
                0x0000000020040000                . = ALIGN (MAX ((__stack_process_start__ + __STACKSIZE_PROCESS__), .), 0x8)
                0x0000000020040000                __stack_process_end__ = (__stack_process_start__ + SIZEOF (.stack_process))
                0x0000000000000000                __stack_process_size__ = SIZEOF (.stack_process)
                0x0000000020040000                __stack_process_load_end__ = __stack_process_end__
                0x0000000020040000                __RAM_segment_used_end__ = (ALIGN (__stack_end__, 0x8) + SIZEOF (.stack_process))
                0x0000000000040000                __RAM_segment_used_size__ = (__RAM_segment_used_end__ - __RAM_segment_start__)
                0x0000000000000001                . = ASSERT (((__stack_process_start__ == __stack_process_end__) || ((__stack_process_end__ - __RAM_segment_start__) <= __RAM_segment_size__)), error: .stack_process is too large to fit in RAM memory segment)
                0x0000000000000001                . = ASSERT ((__STACKSIZE_PROCESS__ == ALIGN (__STACKSIZE_PROCESS__, 0x8)), error: .stack_process section size does not match alignment)
                0x0000000000000001                . = ASSERT ((__stack_process_size__ <= __STACKSIZE_PROCESS__), error: .stack_process section is larger than specified size)
START GROUP
LOAD Output/Debug/Obj/blinky_pca10056/thumb_crt0.o
LOAD Output/Debug/Obj/blinky_pca10056/nrf_log_frontend.o
LOAD Output/Debug/Obj/blinky_pca10056/nrf_log_str_formatter.o
LOAD Output/Debug/Obj/blinky_pca10056/boards.o
LOAD Output/Debug/Obj/blinky_pca10056/app_error.o
LOAD Output/Debug/Obj/blinky_pca10056/app_error_handler_gcc.o
LOAD Output/Debug/Obj/blinky_pca10056/app_error_weak.o
LOAD Output/Debug/Obj/blinky_pca10056/app_util_platform.o
LOAD Output/Debug/Obj/blinky_pca10056/nrf_assert.o
LOAD Output/Debug/Obj/blinky_pca10056/nrf_atomic.o
LOAD Output/Debug/Obj/blinky_pca10056/nrf_balloc.o
LOAD Output/Debug/Obj/blinky_pca10056/nrf_fprintf.o
LOAD Output/Debug/Obj/blinky_pca10056/nrf_fprintf_format.o
LOAD Output/Debug/Obj/blinky_pca10056/nrf_memobj.o
LOAD Output/Debug/Obj/blinky_pca10056/nrf_ringbuf.o
LOAD Output/Debug/Obj/blinky_pca10056/nrf_strerror.o
LOAD Output/Debug/Obj/blinky_pca10056/nrfx_atomic.o
LOAD Output/Debug/Obj/blinky_pca10056/main.o
LOAD Output/Debug/Obj/blinky_pca10056/ses_startup_nrf52840.o
LOAD Output/Debug/Obj/blinky_pca10056/ses_startup_nrf_common.o
LOAD Output/Debug/Obj/blinky_pca10056/system_nrf52840.o
LOAD C:/Program Files/SEGGER/SEGGER Embedded Studio for ARM 7.32/lib/libc_v7em_fpv4_sp_d16_hard_t_le_eabi_balanced.a
LOAD C:/Program Files/SEGGER/SEGGER Embedded Studio for ARM 7.32/lib/heapops_basic_v7em_fpv4_sp_d16_hard_t_le_eabi_balanced.a
LOAD C:/Program Files/SEGGER/SEGGER Embedded Studio for ARM 7.32/lib/heapops_disable_interrupts_locking_v7em_fpv4_sp_d16_hard_t_le_eabi_balanced.a
LOAD C:/Program Files/SEGGER/SEGGER Embedded Studio for ARM 7.32/lib/strops_unaligned_v7em_fpv4_sp_d16_hard_t_le_eabi_balanced.a
END GROUP
OUTPUT(C:/ncs/nRF5SDK160098a08e2/examples/my_workspace/blinky/pca10056/blank/ses/Output/Debug/Exe/blinky_pca10056.elf elf32-littlearm)
LOAD linker stubs

.ARM.attributes
                0x0000000000000000       0x36
 .ARM.attributes
                0x0000000000000000       0x20 Output/Debug/Obj/blinky_pca10056/thumb_crt0.o
 .ARM.attributes
                0x0000000000000020       0x36 Output/Debug/Obj/blinky_pca10056/app_error.o
 .ARM.attributes
                0x0000000000000056       0x36 Output/Debug/Obj/blinky_pca10056/app_error_weak.o
 .ARM.attributes
                0x000000000000008c       0x36 Output/Debug/Obj/blinky_pca10056/nrf_assert.o
 .ARM.attributes
                0x00000000000000c2       0x36 Output/Debug/Obj/blinky_pca10056/main.o
 .ARM.attributes
                0x00000000000000f8       0x20 Output/Debug/Obj/blinky_pca10056/ses_startup_nrf52840.o
 .ARM.attributes
                0x0000000000000118       0x20 Output/Debug/Obj/blinky_pca10056/ses_startup_nrf_common.o
 .ARM.attributes
                0x0000000000000138       0x36 Output/Debug/Obj/blinky_pca10056/system_nrf52840.o
 .ARM.attributes
                0x000000000000016e       0x3e C:/Program Files/SEGGER/SEGGER Embedded Studio for ARM 7.32/lib/heapops_basic_v7em_fpv4_sp_d16_hard_t_le_eabi_balanced.a(heapops_basic.o)

.comment        0x0000000000000000       0x74
 .comment       0x0000000000000000       0x3d Output/Debug/Obj/blinky_pca10056/app_error.o
                                         0x3e (size before relaxing)
 .comment       0x000000000000003d       0x3e Output/Debug/Obj/blinky_pca10056/app_error_weak.o
 .comment       0x000000000000003d       0x3e Output/Debug/Obj/blinky_pca10056/nrf_assert.o
 .comment       0x000000000000003d       0x3e Output/Debug/Obj/blinky_pca10056/main.o
 .comment       0x000000000000003d       0x3e Output/Debug/Obj/blinky_pca10056/system_nrf52840.o
 .comment       0x000000000000003d       0x37 C:/Program Files/SEGGER/SEGGER Embedded Studio for ARM 7.32/lib/heapops_basic_v7em_fpv4_sp_d16_hard_t_le_eabi_balanced.a(heapops_basic.o)
                                         0x38 (size before relaxing)

.stack_sizes    0x0000000000000000        0x5
 .stack_sizes   0x0000000000000000        0x5 C:/Program Files/SEGGER/SEGGER Embedded Studio for ARM 7.32/lib/heapops_basic_v7em_fpv4_sp_d16_hard_t_le_eabi_balanced.a(heapops_basic.o)

.note.GNU-stack
                0x0000000000000000        0x0
 .note.GNU-stack
                0x0000000000000000        0x0 C:/Program Files/SEGGER/SEGGER Embedded Studio for ARM 7.32/lib/heapops_basic_v7em_fpv4_sp_d16_hard_t_le_eabi_balanced.a(heapops_basic.o)

.debug_line     0x0000000000000000     0x1c20
 .debug_line    0x0000000000000000      0x19b Output/Debug/Obj/blinky_pca10056/thumb_crt0.o
 .debug_line    0x000000000000019b      0x39f Output/Debug/Obj/blinky_pca10056/app_error.o
 .debug_line    0x000000000000053a      0x5b7 Output/Debug/Obj/blinky_pca10056/app_error_weak.o
 .debug_line    0x0000000000000af1      0x326 Output/Debug/Obj/blinky_pca10056/nrf_assert.o
 .debug_line    0x0000000000000e17      0x6e5 Output/Debug/Obj/blinky_pca10056/main.o
 .debug_line    0x00000000000014fc       0x80 Output/Debug/Obj/blinky_pca10056/ses_startup_nrf52840.o
 .debug_line    0x000000000000157c       0x9f Output/Debug/Obj/blinky_pca10056/ses_startup_nrf_common.o
 .debug_line    0x000000000000161b      0x605 Output/Debug/Obj/blinky_pca10056/system_nrf52840.o

.debug_info     0x0000000000000000     0x1fef
 .debug_info    0x0000000000000000       0x22 Output/Debug/Obj/blinky_pca10056/thumb_crt0.o
 .debug_info    0x0000000000000022      0x296 Output/Debug/Obj/blinky_pca10056/app_error.o
 .debug_info    0x00000000000002b8      0x262 Output/Debug/Obj/blinky_pca10056/app_error_weak.o
 .debug_info    0x000000000000051a      0x135 Output/Debug/Obj/blinky_pca10056/nrf_assert.o
 .debug_info    0x000000000000064f      0x4cd Output/Debug/Obj/blinky_pca10056/main.o
 .debug_info    0x0000000000000b1c       0x23 Output/Debug/Obj/blinky_pca10056/ses_startup_nrf52840.o
 .debug_info    0x0000000000000b3f       0x23 Output/Debug/Obj/blinky_pca10056/ses_startup_nrf_common.o
 .debug_info    0x0000000000000b62     0x148d Output/Debug/Obj/blinky_pca10056/system_nrf52840.o

.debug_abbrev   0x0000000000000000      0x799
 .debug_abbrev  0x0000000000000000       0x12 Output/Debug/Obj/blinky_pca10056/thumb_crt0.o
 .debug_abbrev  0x0000000000000012      0x13f Output/Debug/Obj/blinky_pca10056/app_error.o
 .debug_abbrev  0x0000000000000151      0x159 Output/Debug/Obj/blinky_pca10056/app_error_weak.o
 .debug_abbrev  0x00000000000002aa       0xd6 Output/Debug/Obj/blinky_pca10056/nrf_assert.o
 .debug_abbrev  0x0000000000000380      0x1e7 Output/Debug/Obj/blinky_pca10056/main.o
 .debug_abbrev  0x0000000000000567       0x14 Output/Debug/Obj/blinky_pca10056/ses_startup_nrf52840.o
 .debug_abbrev  0x000000000000057b       0x14 Output/Debug/Obj/blinky_pca10056/ses_startup_nrf_common.o
 .debug_abbrev  0x000000000000058f      0x20a Output/Debug/Obj/blinky_pca10056/system_nrf52840.o

.debug_aranges  0x0000000000000000      0x1b8
 .debug_aranges
                0x0000000000000000       0x58 Output/Debug/Obj/blinky_pca10056/thumb_crt0.o
 .debug_aranges
                0x0000000000000058       0x28 Output/Debug/Obj/blinky_pca10056/app_error.o
 .debug_aranges
                0x0000000000000080       0x20 Output/Debug/Obj/blinky_pca10056/app_error_weak.o
 .debug_aranges
                0x00000000000000a0       0x20 Output/Debug/Obj/blinky_pca10056/nrf_assert.o
 .debug_aranges
                0x00000000000000c0       0x50 Output/Debug/Obj/blinky_pca10056/main.o
 .debug_aranges
                0x0000000000000110       0x20 Output/Debug/Obj/blinky_pca10056/ses_startup_nrf52840.o
 .debug_aranges
                0x0000000000000130       0x20 Output/Debug/Obj/blinky_pca10056/ses_startup_nrf_common.o
 .debug_aranges
                0x0000000000000150       0x68 Output/Debug/Obj/blinky_pca10056/system_nrf52840.o

.debug_str      0x0000000000000000    0x8726a
 .debug_str     0x0000000000000000       0xa8 Output/Debug/Obj/blinky_pca10056/thumb_crt0.o
 .debug_str     0x00000000000000a8    0x777e3 Output/Debug/Obj/blinky_pca10056/app_error.o
                                      0x786b1 (size before relaxing)
 .debug_str     0x000000000007788b     0xc84d Output/Debug/Obj/blinky_pca10056/app_error_weak.o
                                      0x85072 (size before relaxing)
 .debug_str     0x00000000000840d8       0x55 Output/Debug/Obj/blinky_pca10056/nrf_assert.o
                                      0x786bc (size before relaxing)
 .debug_str     0x000000000008412d     0x29bb Output/Debug/Obj/blinky_pca10056/main.o
                                      0x849da (size before relaxing)
 .debug_str     0x0000000000086ae8       0x42 Output/Debug/Obj/blinky_pca10056/ses_startup_nrf52840.o
                                         0x9a (size before relaxing)
 .debug_str     0x0000000000086b2a       0x44 Output/Debug/Obj/blinky_pca10056/ses_startup_nrf_common.o
                                         0x9c (size before relaxing)
 .debug_str     0x0000000000086b6e      0x6fc Output/Debug/Obj/blinky_pca10056/system_nrf52840.o
                                      0x77874 (size before relaxing)

.debug_ranges   0x0000000000000000      0x120
 .debug_ranges  0x0000000000000000       0x50 Output/Debug/Obj/blinky_pca10056/thumb_crt0.o
 .debug_ranges  0x0000000000000050       0x18 Output/Debug/Obj/blinky_pca10056/app_error.o
 .debug_ranges  0x0000000000000068       0x10 Output/Debug/Obj/blinky_pca10056/app_error_weak.o
 .debug_ranges  0x0000000000000078       0x10 Output/Debug/Obj/blinky_pca10056/nrf_assert.o
 .debug_ranges  0x0000000000000088       0x40 Output/Debug/Obj/blinky_pca10056/main.o
 .debug_ranges  0x00000000000000c8       0x58 Output/Debug/Obj/blinky_pca10056/system_nrf52840.o

.debug_frame    0x0000000000000000      0x2a0
 .debug_frame   0x0000000000000000       0x58 Output/Debug/Obj/blinky_pca10056/app_error.o
 .debug_frame   0x0000000000000058       0x38 Output/Debug/Obj/blinky_pca10056/app_error_weak.o
 .debug_frame   0x0000000000000090       0x38 Output/Debug/Obj/blinky_pca10056/nrf_assert.o
 .debug_frame   0x00000000000000c8      0x11c Output/Debug/Obj/blinky_pca10056/main.o
 .debug_frame   0x00000000000001e4       0xbc Output/Debug/Obj/blinky_pca10056/system_nrf52840.o

.debug_pubnames
                0x0000000000000000      0x535
 .debug_pubnames
                0x0000000000000000       0x88 Output/Debug/Obj/blinky_pca10056/app_error.o
 .debug_pubnames
                0x0000000000000088      0x101 Output/Debug/Obj/blinky_pca10056/app_error_weak.o
 .debug_pubnames
                0x0000000000000189       0x46 Output/Debug/Obj/blinky_pca10056/nrf_assert.o
 .debug_pubnames
                0x00000000000001cf      0x27e Output/Debug/Obj/blinky_pca10056/main.o
 .debug_pubnames
                0x000000000000044d       0xe8 Output/Debug/Obj/blinky_pca10056/system_nrf52840.o

.debug_pubtypes
                0x0000000000000000      0x6c5
 .debug_pubtypes
                0x0000000000000000      0x12d Output/Debug/Obj/blinky_pca10056/app_error.o
 .debug_pubtypes
                0x000000000000012d      0x131 Output/Debug/Obj/blinky_pca10056/app_error_weak.o
 .debug_pubtypes
                0x000000000000025e      0x103 Output/Debug/Obj/blinky_pca10056/nrf_assert.o
 .debug_pubtypes
                0x0000000000000361      0x17d Output/Debug/Obj/blinky_pca10056/main.o
 .debug_pubtypes
                0x00000000000004de      0x1e7 Output/Debug/Obj/blinky_pca10056/system_nrf52840.o

.debug_macro    0x0000000000000000      0xbaa
 .debug_macro   0x0000000000000000      0x130 Output/Debug/Obj/blinky_pca10056/app_error.o
 .debug_macro   0x0000000000000130       0x35 Output/Debug/Obj/blinky_pca10056/app_error.o
 .debug_macro   0x0000000000000165       0x64 Output/Debug/Obj/blinky_pca10056/app_error.o
 .debug_macro   0x00000000000001c9      0x229 Output/Debug/Obj/blinky_pca10056/app_error_weak.o
 .debug_macro   0x00000000000003f2       0x31 Output/Debug/Obj/blinky_pca10056/app_error_weak.o
 .debug_macro   0x0000000000000423       0x16 Output/Debug/Obj/blinky_pca10056/app_error_weak.o
 .debug_macro   0x0000000000000439       0x55 Output/Debug/Obj/blinky_pca10056/app_error_weak.o
 .debug_macro   0x000000000000048e      0x17f Output/Debug/Obj/blinky_pca10056/app_error_weak.o
 .debug_macro   0x000000000000060d       0x9a Output/Debug/Obj/blinky_pca10056/app_error_weak.o
 .debug_macro   0x00000000000006a7       0x28 Output/Debug/Obj/blinky_pca10056/app_error_weak.o
 .debug_macro   0x00000000000006cf       0x23 Output/Debug/Obj/blinky_pca10056/app_error_weak.o
 .debug_macro   0x00000000000006f2       0x1c Output/Debug/Obj/blinky_pca10056/app_error_weak.o
 .debug_macro   0x000000000000070e      0x139 Output/Debug/Obj/blinky_pca10056/nrf_assert.o
 .debug_macro   0x0000000000000847       0x10 Output/Debug/Obj/blinky_pca10056/nrf_assert.o
 .debug_macro   0x0000000000000857      0x24a Output/Debug/Obj/blinky_pca10056/main.o
 .debug_macro   0x0000000000000aa1       0x1c Output/Debug/Obj/blinky_pca10056/main.o
 .debug_macro   0x0000000000000abd       0xed Output/Debug/Obj/blinky_pca10056/system_nrf52840.o
