
*** Running vivado
    with args -log design_1_wrapper.vds -m64 -product Vivado -mode batch -messageDb vivado.pb -notrace -source design_1_wrapper.tcl


****** Vivado v2024.2 (64-bit)
  **** SW Build 5239630 on Fri Nov 08 22:34:34 MST 2024
  **** IP Build 5239520 on Sun Nov 10 16:12:51 MST 2024
  **** SharedData Build 5239561 on Fri Nov 08 14:39:27 MST 2024
  **** Start of session at: Tue Jan 21 00:16:37 2025
    ** Copyright 1986-2022 Xilinx, Inc. All Rights Reserved.
    ** Copyright 2022-2024 Advanced Micro Devices, Inc. All Rights Reserved.

source design_1_wrapper.tcl -notrace
INFO: [IP_Flow 19-234] Refreshing IP repositories
INFO: [IP_Flow 19-1704] No user IP repositories specified
INFO: [IP_Flow 19-2313] Loaded Vivado IP repository '/tools/Xilinx/Vivado/2024.2/data/ip'.
Command: read_checkpoint -auto_incremental -incremental /home/carbon/kambadur/Projects/Vivado/mb_axi_gpio/mb_axi_gpio.srcs/utils_1/imports/synth_1/design_1_wrapper.dcp
INFO: [Vivado 12-5825] Read reference checkpoint from /home/carbon/kambadur/Projects/Vivado/mb_axi_gpio/mb_axi_gpio.srcs/utils_1/imports/synth_1/design_1_wrapper.dcp for incremental synthesis
INFO: [Vivado 12-7989] Please ensure there are no constraint changes
Command: synth_design -top design_1_wrapper -part xc7s25csga225-1
Starting synth_design
Attempting to get a license for feature 'Synthesis' and/or device 'xc7s25'
INFO: [Common 17-349] Got license for feature 'Synthesis' and/or device 'xc7s25'
INFO: [Device 21-403] Loading part xc7s25csga225-1
INFO: [Designutils 20-5440] No compile time benefit to using incremental synthesis; A full resynthesis will be run
INFO: [Designutils 20-4379] Flow is switching to default flow due to incremental criteria not met. If you would like to alter this behaviour and have the flow terminate instead, please set the following parameter config_implementation {autoIncr.Synth.RejectBehavior Terminate}
INFO: [Synth 8-7079] Multithreading enabled for synth_design using a maximum of 7 processes.
INFO: [Synth 8-7078] Launching helper process for spawning children vivado processes
INFO: [Synth 8-7075] Helper process launched with PID 1270800
---------------------------------------------------------------------------------
Starting RTL Elaboration : Time (s): cpu = 00:00:05 ; elapsed = 00:00:05 . Memory (MB): peak = 1948.016 ; gain = 386.008 ; free physical = 172 ; free virtual = 8270
---------------------------------------------------------------------------------
INFO: [Synth 8-6157] synthesizing module 'design_1_wrapper' [/home/carbon/kambadur/Projects/Vivado/mb_axi_gpio/mb_axi_gpio.gen/sources_1/bd/design_1/hdl/design_1_wrapper.v:13]
INFO: [Synth 8-6157] synthesizing module 'design_1' [/home/carbon/kambadur/Projects/Vivado/mb_axi_gpio/mb_axi_gpio.gen/sources_1/bd/design_1/synth/design_1.v:13]
INFO: [Synth 8-6157] synthesizing module 'design_1_axi_gpio_0_0' [/home/carbon/kambadur/Projects/Vivado/mb_axi_gpio/mb_axi_gpio.runs/synth_1/.Xil/Vivado-1270714-carbon/realtime/design_1_axi_gpio_0_0_stub.v:6]
INFO: [Synth 8-6155] done synthesizing module 'design_1_axi_gpio_0_0' (0#1) [/home/carbon/kambadur/Projects/Vivado/mb_axi_gpio/mb_axi_gpio.runs/synth_1/.Xil/Vivado-1270714-carbon/realtime/design_1_axi_gpio_0_0_stub.v:6]
INFO: [Synth 8-6157] synthesizing module 'design_1_axi_smc_0' [/home/carbon/kambadur/Projects/Vivado/mb_axi_gpio/mb_axi_gpio.runs/synth_1/.Xil/Vivado-1270714-carbon/realtime/design_1_axi_smc_0_stub.v:6]
INFO: [Synth 8-6155] done synthesizing module 'design_1_axi_smc_0' (0#1) [/home/carbon/kambadur/Projects/Vivado/mb_axi_gpio/mb_axi_gpio.runs/synth_1/.Xil/Vivado-1270714-carbon/realtime/design_1_axi_smc_0_stub.v:6]
WARNING: [Synth 8-7071] port 'M00_AXI_awprot' of module 'design_1_axi_smc_0' is unconnected for instance 'axi_smc' [/home/carbon/kambadur/Projects/Vivado/mb_axi_gpio/mb_axi_gpio.gen/sources_1/bd/design_1/synth/design_1.v:139]
WARNING: [Synth 8-7071] port 'M00_AXI_arprot' of module 'design_1_axi_smc_0' is unconnected for instance 'axi_smc' [/home/carbon/kambadur/Projects/Vivado/mb_axi_gpio/mb_axi_gpio.gen/sources_1/bd/design_1/synth/design_1.v:139]
WARNING: [Synth 8-7071] port 'M01_AXI_awprot' of module 'design_1_axi_smc_0' is unconnected for instance 'axi_smc' [/home/carbon/kambadur/Projects/Vivado/mb_axi_gpio/mb_axi_gpio.gen/sources_1/bd/design_1/synth/design_1.v:139]
WARNING: [Synth 8-7071] port 'M01_AXI_arprot' of module 'design_1_axi_smc_0' is unconnected for instance 'axi_smc' [/home/carbon/kambadur/Projects/Vivado/mb_axi_gpio/mb_axi_gpio.gen/sources_1/bd/design_1/synth/design_1.v:139]
WARNING: [Synth 8-7023] instance 'axi_smc' of module 'design_1_axi_smc_0' has 59 connections declared, but only 55 given [/home/carbon/kambadur/Projects/Vivado/mb_axi_gpio/mb_axi_gpio.gen/sources_1/bd/design_1/synth/design_1.v:139]
INFO: [Synth 8-6157] synthesizing module 'design_1_axi_uartlite_0_0' [/home/carbon/kambadur/Projects/Vivado/mb_axi_gpio/mb_axi_gpio.runs/synth_1/.Xil/Vivado-1270714-carbon/realtime/design_1_axi_uartlite_0_0_stub.v:6]
INFO: [Synth 8-6155] done synthesizing module 'design_1_axi_uartlite_0_0' (0#1) [/home/carbon/kambadur/Projects/Vivado/mb_axi_gpio/mb_axi_gpio.runs/synth_1/.Xil/Vivado-1270714-carbon/realtime/design_1_axi_uartlite_0_0_stub.v:6]
WARNING: [Synth 8-7071] port 'interrupt' of module 'design_1_axi_uartlite_0_0' is unconnected for instance 'axi_uartlite_0' [/home/carbon/kambadur/Projects/Vivado/mb_axi_gpio/mb_axi_gpio.gen/sources_1/bd/design_1/synth/design_1.v:195]
WARNING: [Synth 8-7023] instance 'axi_uartlite_0' of module 'design_1_axi_uartlite_0_0' has 22 connections declared, but only 21 given [/home/carbon/kambadur/Projects/Vivado/mb_axi_gpio/mb_axi_gpio.gen/sources_1/bd/design_1/synth/design_1.v:195]
INFO: [Synth 8-6157] synthesizing module 'design_1_clk_wiz_1_0' [/home/carbon/kambadur/Projects/Vivado/mb_axi_gpio/mb_axi_gpio.runs/synth_1/.Xil/Vivado-1270714-carbon/realtime/design_1_clk_wiz_1_0_stub.v:6]
INFO: [Synth 8-6155] done synthesizing module 'design_1_clk_wiz_1_0' (0#1) [/home/carbon/kambadur/Projects/Vivado/mb_axi_gpio/mb_axi_gpio.runs/synth_1/.Xil/Vivado-1270714-carbon/realtime/design_1_clk_wiz_1_0_stub.v:6]
INFO: [Synth 8-6157] synthesizing module 'design_1_mdm_1_0' [/home/carbon/kambadur/Projects/Vivado/mb_axi_gpio/mb_axi_gpio.runs/synth_1/.Xil/Vivado-1270714-carbon/realtime/design_1_mdm_1_0_stub.v:6]
INFO: [Synth 8-6155] done synthesizing module 'design_1_mdm_1_0' (0#1) [/home/carbon/kambadur/Projects/Vivado/mb_axi_gpio/mb_axi_gpio.runs/synth_1/.Xil/Vivado-1270714-carbon/realtime/design_1_mdm_1_0_stub.v:6]
INFO: [Synth 8-6157] synthesizing module 'design_1_microblaze_0_0' [/home/carbon/kambadur/Projects/Vivado/mb_axi_gpio/mb_axi_gpio.runs/synth_1/.Xil/Vivado-1270714-carbon/realtime/design_1_microblaze_0_0_stub.v:6]
INFO: [Synth 8-6155] done synthesizing module 'design_1_microblaze_0_0' (0#1) [/home/carbon/kambadur/Projects/Vivado/mb_axi_gpio/mb_axi_gpio.runs/synth_1/.Xil/Vivado-1270714-carbon/realtime/design_1_microblaze_0_0_stub.v:6]
WARNING: [Synth 8-7071] port 'Interrupt_Ack' of module 'design_1_microblaze_0_0' is unconnected for instance 'microblaze_0' [/home/carbon/kambadur/Projects/Vivado/mb_axi_gpio/mb_axi_gpio.gen/sources_1/bd/design_1/synth/design_1.v:233]
WARNING: [Synth 8-7023] instance 'microblaze_0' of module 'design_1_microblaze_0_0' has 52 connections declared, but only 51 given [/home/carbon/kambadur/Projects/Vivado/mb_axi_gpio/mb_axi_gpio.gen/sources_1/bd/design_1/synth/design_1.v:233]
INFO: [Synth 8-6157] synthesizing module 'microblaze_0_local_memory_imp_1K0VQXK' [/home/carbon/kambadur/Projects/Vivado/mb_axi_gpio/mb_axi_gpio.gen/sources_1/bd/design_1/synth/design_1.v:318]
INFO: [Synth 8-6157] synthesizing module 'design_1_dlmb_bram_if_cntlr_0' [/home/carbon/kambadur/Projects/Vivado/mb_axi_gpio/mb_axi_gpio.runs/synth_1/.Xil/Vivado-1270714-carbon/realtime/design_1_dlmb_bram_if_cntlr_0_stub.v:6]
INFO: [Synth 8-6155] done synthesizing module 'design_1_dlmb_bram_if_cntlr_0' (0#1) [/home/carbon/kambadur/Projects/Vivado/mb_axi_gpio/mb_axi_gpio.runs/synth_1/.Xil/Vivado-1270714-carbon/realtime/design_1_dlmb_bram_if_cntlr_0_stub.v:6]
INFO: [Synth 8-6157] synthesizing module 'design_1_dlmb_v10_0' [/home/carbon/kambadur/Projects/Vivado/mb_axi_gpio/mb_axi_gpio.runs/synth_1/.Xil/Vivado-1270714-carbon/realtime/design_1_dlmb_v10_0_stub.v:6]
INFO: [Synth 8-6155] done synthesizing module 'design_1_dlmb_v10_0' (0#1) [/home/carbon/kambadur/Projects/Vivado/mb_axi_gpio/mb_axi_gpio.runs/synth_1/.Xil/Vivado-1270714-carbon/realtime/design_1_dlmb_v10_0_stub.v:6]
WARNING: [Synth 8-7071] port 'LMB_Rst' of module 'design_1_dlmb_v10_0' is unconnected for instance 'dlmb_v10' [/home/carbon/kambadur/Projects/Vivado/mb_axi_gpio/mb_axi_gpio.gen/sources_1/bd/design_1/synth/design_1.v:443]
WARNING: [Synth 8-7023] instance 'dlmb_v10' of module 'design_1_dlmb_v10_0' has 25 connections declared, but only 24 given [/home/carbon/kambadur/Projects/Vivado/mb_axi_gpio/mb_axi_gpio.gen/sources_1/bd/design_1/synth/design_1.v:443]
INFO: [Synth 8-6157] synthesizing module 'design_1_ilmb_bram_if_cntlr_0' [/home/carbon/kambadur/Projects/Vivado/mb_axi_gpio/mb_axi_gpio.runs/synth_1/.Xil/Vivado-1270714-carbon/realtime/design_1_ilmb_bram_if_cntlr_0_stub.v:6]
INFO: [Synth 8-6155] done synthesizing module 'design_1_ilmb_bram_if_cntlr_0' (0#1) [/home/carbon/kambadur/Projects/Vivado/mb_axi_gpio/mb_axi_gpio.runs/synth_1/.Xil/Vivado-1270714-carbon/realtime/design_1_ilmb_bram_if_cntlr_0_stub.v:6]
INFO: [Synth 8-6157] synthesizing module 'design_1_ilmb_v10_0' [/home/carbon/kambadur/Projects/Vivado/mb_axi_gpio/mb_axi_gpio.runs/synth_1/.Xil/Vivado-1270714-carbon/realtime/design_1_ilmb_v10_0_stub.v:6]
INFO: [Synth 8-6155] done synthesizing module 'design_1_ilmb_v10_0' (0#1) [/home/carbon/kambadur/Projects/Vivado/mb_axi_gpio/mb_axi_gpio.runs/synth_1/.Xil/Vivado-1270714-carbon/realtime/design_1_ilmb_v10_0_stub.v:6]
WARNING: [Synth 8-7071] port 'LMB_Rst' of module 'design_1_ilmb_v10_0' is unconnected for instance 'ilmb_v10' [/home/carbon/kambadur/Projects/Vivado/mb_axi_gpio/mb_axi_gpio.gen/sources_1/bd/design_1/synth/design_1.v:489]
WARNING: [Synth 8-7023] instance 'ilmb_v10' of module 'design_1_ilmb_v10_0' has 25 connections declared, but only 24 given [/home/carbon/kambadur/Projects/Vivado/mb_axi_gpio/mb_axi_gpio.gen/sources_1/bd/design_1/synth/design_1.v:489]
INFO: [Synth 8-6157] synthesizing module 'design_1_lmb_bram_0' [/home/carbon/kambadur/Projects/Vivado/mb_axi_gpio/mb_axi_gpio.runs/synth_1/.Xil/Vivado-1270714-carbon/realtime/design_1_lmb_bram_0_stub.v:6]
INFO: [Synth 8-6155] done synthesizing module 'design_1_lmb_bram_0' (0#1) [/home/carbon/kambadur/Projects/Vivado/mb_axi_gpio/mb_axi_gpio.runs/synth_1/.Xil/Vivado-1270714-carbon/realtime/design_1_lmb_bram_0_stub.v:6]
WARNING: [Synth 8-7071] port 'rsta_busy' of module 'design_1_lmb_bram_0' is unconnected for instance 'lmb_bram' [/home/carbon/kambadur/Projects/Vivado/mb_axi_gpio/mb_axi_gpio.gen/sources_1/bd/design_1/synth/design_1.v:514]
WARNING: [Synth 8-7071] port 'rstb_busy' of module 'design_1_lmb_bram_0' is unconnected for instance 'lmb_bram' [/home/carbon/kambadur/Projects/Vivado/mb_axi_gpio/mb_axi_gpio.gen/sources_1/bd/design_1/synth/design_1.v:514]
WARNING: [Synth 8-7023] instance 'lmb_bram' of module 'design_1_lmb_bram_0' has 16 connections declared, but only 14 given [/home/carbon/kambadur/Projects/Vivado/mb_axi_gpio/mb_axi_gpio.gen/sources_1/bd/design_1/synth/design_1.v:514]
INFO: [Synth 8-6155] done synthesizing module 'microblaze_0_local_memory_imp_1K0VQXK' (0#1) [/home/carbon/kambadur/Projects/Vivado/mb_axi_gpio/mb_axi_gpio.gen/sources_1/bd/design_1/synth/design_1.v:318]
INFO: [Synth 8-6157] synthesizing module 'design_1_rst_clk_wiz_1_100M_0' [/home/carbon/kambadur/Projects/Vivado/mb_axi_gpio/mb_axi_gpio.runs/synth_1/.Xil/Vivado-1270714-carbon/realtime/design_1_rst_clk_wiz_1_100M_0_stub.v:6]
INFO: [Synth 8-6155] done synthesizing module 'design_1_rst_clk_wiz_1_100M_0' (0#1) [/home/carbon/kambadur/Projects/Vivado/mb_axi_gpio/mb_axi_gpio.runs/synth_1/.Xil/Vivado-1270714-carbon/realtime/design_1_rst_clk_wiz_1_100M_0_stub.v:6]
WARNING: [Synth 8-7071] port 'peripheral_reset' of module 'design_1_rst_clk_wiz_1_100M_0' is unconnected for instance 'rst_clk_wiz_1_100M' [/home/carbon/kambadur/Projects/Vivado/mb_axi_gpio/mb_axi_gpio.gen/sources_1/bd/design_1/synth/design_1.v:307]
WARNING: [Synth 8-7071] port 'interconnect_aresetn' of module 'design_1_rst_clk_wiz_1_100M_0' is unconnected for instance 'rst_clk_wiz_1_100M' [/home/carbon/kambadur/Projects/Vivado/mb_axi_gpio/mb_axi_gpio.gen/sources_1/bd/design_1/synth/design_1.v:307]
WARNING: [Synth 8-7023] instance 'rst_clk_wiz_1_100M' of module 'design_1_rst_clk_wiz_1_100M_0' has 10 connections declared, but only 8 given [/home/carbon/kambadur/Projects/Vivado/mb_axi_gpio/mb_axi_gpio.gen/sources_1/bd/design_1/synth/design_1.v:307]
INFO: [Synth 8-6155] done synthesizing module 'design_1' (0#1) [/home/carbon/kambadur/Projects/Vivado/mb_axi_gpio/mb_axi_gpio.gen/sources_1/bd/design_1/synth/design_1.v:13]
INFO: [Synth 8-6155] done synthesizing module 'design_1_wrapper' (0#1) [/home/carbon/kambadur/Projects/Vivado/mb_axi_gpio/mb_axi_gpio.gen/sources_1/bd/design_1/hdl/design_1_wrapper.v:13]
---------------------------------------------------------------------------------
Finished RTL Elaboration : Time (s): cpu = 00:00:07 ; elapsed = 00:00:07 . Memory (MB): peak = 2025.984 ; gain = 463.977 ; free physical = 165 ; free virtual = 8219
---------------------------------------------------------------------------------
---------------------------------------------------------------------------------
Start Handling Custom Attributes
---------------------------------------------------------------------------------
---------------------------------------------------------------------------------
Finished Handling Custom Attributes : Time (s): cpu = 00:00:07 ; elapsed = 00:00:07 . Memory (MB): peak = 2031.922 ; gain = 469.914 ; free physical = 166 ; free virtual = 8219
---------------------------------------------------------------------------------
---------------------------------------------------------------------------------
Finished RTL Optimization Phase 1 : Time (s): cpu = 00:00:07 ; elapsed = 00:00:07 . Memory (MB): peak = 2031.922 ; gain = 469.914 ; free physical = 166 ; free virtual = 8219
---------------------------------------------------------------------------------
Netlist sorting complete. Time (s): cpu = 00:00:00.01 ; elapsed = 00:00:00.01 . Memory (MB): peak = 2031.922 ; gain = 0.000 ; free physical = 165 ; free virtual = 8219
INFO: [Project 1-570] Preparing netlist for logic optimization

Processing XDC Constraints
Initializing timing engine
Parsing XDC File [/home/carbon/kambadur/Projects/Vivado/mb_axi_gpio/mb_axi_gpio.gen/sources_1/bd/design_1/ip/design_1_microblaze_0_0/design_1_microblaze_0_0/design_1_microblaze_0_0_in_context.xdc] for cell 'design_1_i/microblaze_0'
Finished Parsing XDC File [/home/carbon/kambadur/Projects/Vivado/mb_axi_gpio/mb_axi_gpio.gen/sources_1/bd/design_1/ip/design_1_microblaze_0_0/design_1_microblaze_0_0/design_1_microblaze_0_0_in_context.xdc] for cell 'design_1_i/microblaze_0'
Parsing XDC File [/home/carbon/kambadur/Projects/Vivado/mb_axi_gpio/mb_axi_gpio.gen/sources_1/bd/design_1/ip/design_1_dlmb_v10_0/design_1_dlmb_v10_0/design_1_ilmb_v10_0_in_context.xdc] for cell 'design_1_i/microblaze_0_local_memory/dlmb_v10'
Finished Parsing XDC File [/home/carbon/kambadur/Projects/Vivado/mb_axi_gpio/mb_axi_gpio.gen/sources_1/bd/design_1/ip/design_1_dlmb_v10_0/design_1_dlmb_v10_0/design_1_ilmb_v10_0_in_context.xdc] for cell 'design_1_i/microblaze_0_local_memory/dlmb_v10'
Parsing XDC File [/home/carbon/kambadur/Projects/Vivado/mb_axi_gpio/mb_axi_gpio.gen/sources_1/bd/design_1/ip/design_1_ilmb_v10_0/design_1_ilmb_v10_0/design_1_ilmb_v10_0_in_context.xdc] for cell 'design_1_i/microblaze_0_local_memory/ilmb_v10'
Finished Parsing XDC File [/home/carbon/kambadur/Projects/Vivado/mb_axi_gpio/mb_axi_gpio.gen/sources_1/bd/design_1/ip/design_1_ilmb_v10_0/design_1_ilmb_v10_0/design_1_ilmb_v10_0_in_context.xdc] for cell 'design_1_i/microblaze_0_local_memory/ilmb_v10'
Parsing XDC File [/home/carbon/kambadur/Projects/Vivado/mb_axi_gpio/mb_axi_gpio.gen/sources_1/bd/design_1/ip/design_1_dlmb_bram_if_cntlr_0/design_1_dlmb_bram_if_cntlr_0/design_1_dlmb_bram_if_cntlr_0_in_context.xdc] for cell 'design_1_i/microblaze_0_local_memory/dlmb_bram_if_cntlr'
Finished Parsing XDC File [/home/carbon/kambadur/Projects/Vivado/mb_axi_gpio/mb_axi_gpio.gen/sources_1/bd/design_1/ip/design_1_dlmb_bram_if_cntlr_0/design_1_dlmb_bram_if_cntlr_0/design_1_dlmb_bram_if_cntlr_0_in_context.xdc] for cell 'design_1_i/microblaze_0_local_memory/dlmb_bram_if_cntlr'
Parsing XDC File [/home/carbon/kambadur/Projects/Vivado/mb_axi_gpio/mb_axi_gpio.gen/sources_1/bd/design_1/ip/design_1_ilmb_bram_if_cntlr_0/design_1_ilmb_bram_if_cntlr_0/design_1_ilmb_bram_if_cntlr_0_in_context.xdc] for cell 'design_1_i/microblaze_0_local_memory/ilmb_bram_if_cntlr'
Finished Parsing XDC File [/home/carbon/kambadur/Projects/Vivado/mb_axi_gpio/mb_axi_gpio.gen/sources_1/bd/design_1/ip/design_1_ilmb_bram_if_cntlr_0/design_1_ilmb_bram_if_cntlr_0/design_1_ilmb_bram_if_cntlr_0_in_context.xdc] for cell 'design_1_i/microblaze_0_local_memory/ilmb_bram_if_cntlr'
Parsing XDC File [/home/carbon/kambadur/Projects/Vivado/mb_axi_gpio/mb_axi_gpio.gen/sources_1/bd/design_1/ip/design_1_lmb_bram_0/design_1_lmb_bram_0/design_1_lmb_bram_0_in_context.xdc] for cell 'design_1_i/microblaze_0_local_memory/lmb_bram'
Finished Parsing XDC File [/home/carbon/kambadur/Projects/Vivado/mb_axi_gpio/mb_axi_gpio.gen/sources_1/bd/design_1/ip/design_1_lmb_bram_0/design_1_lmb_bram_0/design_1_lmb_bram_0_in_context.xdc] for cell 'design_1_i/microblaze_0_local_memory/lmb_bram'
Parsing XDC File [/home/carbon/kambadur/Projects/Vivado/mb_axi_gpio/mb_axi_gpio.gen/sources_1/bd/design_1/ip/design_1_mdm_1_0/design_1_mdm_1_0/design_1_mdm_1_0_in_context.xdc] for cell 'design_1_i/mdm_1'
Finished Parsing XDC File [/home/carbon/kambadur/Projects/Vivado/mb_axi_gpio/mb_axi_gpio.gen/sources_1/bd/design_1/ip/design_1_mdm_1_0/design_1_mdm_1_0/design_1_mdm_1_0_in_context.xdc] for cell 'design_1_i/mdm_1'
Parsing XDC File [/home/carbon/kambadur/Projects/Vivado/mb_axi_gpio/mb_axi_gpio.gen/sources_1/bd/design_1/ip/design_1_clk_wiz_1_0/design_1_clk_wiz_1_0/design_1_clk_wiz_1_0_in_context.xdc] for cell 'design_1_i/clk_wiz_1'
Finished Parsing XDC File [/home/carbon/kambadur/Projects/Vivado/mb_axi_gpio/mb_axi_gpio.gen/sources_1/bd/design_1/ip/design_1_clk_wiz_1_0/design_1_clk_wiz_1_0/design_1_clk_wiz_1_0_in_context.xdc] for cell 'design_1_i/clk_wiz_1'
Parsing XDC File [/home/carbon/kambadur/Projects/Vivado/mb_axi_gpio/mb_axi_gpio.gen/sources_1/bd/design_1/ip/design_1_rst_clk_wiz_1_100M_0/design_1_rst_clk_wiz_1_100M_0/design_1_rst_clk_wiz_1_100M_0_in_context.xdc] for cell 'design_1_i/rst_clk_wiz_1_100M'
Finished Parsing XDC File [/home/carbon/kambadur/Projects/Vivado/mb_axi_gpio/mb_axi_gpio.gen/sources_1/bd/design_1/ip/design_1_rst_clk_wiz_1_100M_0/design_1_rst_clk_wiz_1_100M_0/design_1_rst_clk_wiz_1_100M_0_in_context.xdc] for cell 'design_1_i/rst_clk_wiz_1_100M'
Parsing XDC File [/home/carbon/kambadur/Projects/Vivado/mb_axi_gpio/mb_axi_gpio.gen/sources_1/bd/design_1/ip/design_1_axi_gpio_0_0/design_1_axi_gpio_0_0/design_1_axi_gpio_0_0_in_context.xdc] for cell 'design_1_i/axi_gpio_0'
Finished Parsing XDC File [/home/carbon/kambadur/Projects/Vivado/mb_axi_gpio/mb_axi_gpio.gen/sources_1/bd/design_1/ip/design_1_axi_gpio_0_0/design_1_axi_gpio_0_0/design_1_axi_gpio_0_0_in_context.xdc] for cell 'design_1_i/axi_gpio_0'
Parsing XDC File [/home/carbon/kambadur/Projects/Vivado/mb_axi_gpio/mb_axi_gpio.gen/sources_1/bd/design_1/ip/design_1_axi_smc_0/design_1_axi_smc_0/design_1_axi_smc_0_in_context.xdc] for cell 'design_1_i/axi_smc'
Finished Parsing XDC File [/home/carbon/kambadur/Projects/Vivado/mb_axi_gpio/mb_axi_gpio.gen/sources_1/bd/design_1/ip/design_1_axi_smc_0/design_1_axi_smc_0/design_1_axi_smc_0_in_context.xdc] for cell 'design_1_i/axi_smc'
Parsing XDC File [/home/carbon/kambadur/Projects/Vivado/mb_axi_gpio/mb_axi_gpio.gen/sources_1/bd/design_1/ip/design_1_axi_uartlite_0_0/design_1_axi_uartlite_0_0/design_1_axi_uartlite_0_0_in_context.xdc] for cell 'design_1_i/axi_uartlite_0'
Finished Parsing XDC File [/home/carbon/kambadur/Projects/Vivado/mb_axi_gpio/mb_axi_gpio.gen/sources_1/bd/design_1/ip/design_1_axi_uartlite_0_0/design_1_axi_uartlite_0_0/design_1_axi_uartlite_0_0_in_context.xdc] for cell 'design_1_i/axi_uartlite_0'
Parsing XDC File [/home/carbon/kambadur/Projects/Vivado/mb_axi_gpio/mb_axi_gpio.srcs/constrs_1/new/cmods7.xdc]
CRITICAL WARNING: [Constraints 18-1056] Clock 'sys_clk' completely overrides clock 'sysclk'.
New: create_clock -period 83.330 -name sys_clk [get_ports sysclk], [/home/carbon/kambadur/Projects/Vivado/mb_axi_gpio/mb_axi_gpio.srcs/constrs_1/new/cmods7.xdc:2]
Previous: create_clock -period 83.333 [get_ports sysclk], [/home/carbon/kambadur/Projects/Vivado/mb_axi_gpio/mb_axi_gpio.gen/sources_1/bd/design_1/ip/design_1_clk_wiz_1_0/design_1_clk_wiz_1_0/design_1_clk_wiz_1_0_in_context.xdc:1]
Resolution: Review the constraint files and remove the redundant clock definition(s). If the clock constraints are not saved in a file, you can first save the constraints to an XDC file and reload the design once the constraints have been corrected.
WARNING: [Vivado 12-584] No ports matched 'btn1'. [/home/carbon/kambadur/Projects/Vivado/mb_axi_gpio/mb_axi_gpio.srcs/constrs_1/new/cmods7.xdc:11]
WARNING: [Vivado 12-584] No ports matched 'btn1'. [/home/carbon/kambadur/Projects/Vivado/mb_axi_gpio/mb_axi_gpio.srcs/constrs_1/new/cmods7.xdc:12]
Finished Parsing XDC File [/home/carbon/kambadur/Projects/Vivado/mb_axi_gpio/mb_axi_gpio.srcs/constrs_1/new/cmods7.xdc]
WARNING: [Project 1-498] One or more constraints failed evaluation while reading constraint file [/home/carbon/kambadur/Projects/Vivado/mb_axi_gpio/mb_axi_gpio.srcs/constrs_1/new/cmods7.xdc] and the design contains unresolved black boxes. These constraints will be read post-synthesis (as long as their source constraint file is marked as used_in_implementation) and should be applied correctly then. You should review the constraints listed in the file [.Xil/design_1_wrapper_propImpl.xdc] and check the run log file to verify that these constraints were correctly applied.
INFO: [Project 1-236] Implementation specific constraints were found while reading constraint file [/home/carbon/kambadur/Projects/Vivado/mb_axi_gpio/mb_axi_gpio.srcs/constrs_1/new/cmods7.xdc]. These constraints will be ignored for synthesis but will be used in implementation. Impacted constraints are listed in the file [.Xil/design_1_wrapper_propImpl.xdc].
Resolution: To avoid this warning, move constraints listed in [.Xil/design_1_wrapper_propImpl.xdc] to another XDC file and exclude this new file from synthesis with the used_in_synthesis property (File Properties dialog in GUI) and re-run elaboration/synthesis.
Parsing XDC File [/home/carbon/kambadur/Projects/Vivado/mb_axi_gpio/mb_axi_gpio.runs/synth_1/dont_touch.xdc]
Finished Parsing XDC File [/home/carbon/kambadur/Projects/Vivado/mb_axi_gpio/mb_axi_gpio.runs/synth_1/dont_touch.xdc]
Completed Processing XDC Constraints

Netlist sorting complete. Time (s): cpu = 00:00:00 ; elapsed = 00:00:00 . Memory (MB): peak = 2079.574 ; gain = 0.000 ; free physical = 220 ; free virtual = 8266
INFO: [Project 1-111] Unisim Transformation Summary:
No Unisim elements were transformed.

Constraint Validation Runtime : Time (s): cpu = 00:00:00.01 ; elapsed = 00:00:00.01 . Memory (MB): peak = 2079.574 ; gain = 0.000 ; free physical = 220 ; free virtual = 8266
WARNING: [Timing 38-316] Clock period '10.000' specified during out-of-context synthesis of instance 'design_1_i/axi_gpio_0' at clock pin 's_axi_aclk' is different from the actual clock period '9.997', this can lead to different synthesis results.
WARNING: [Timing 38-316] Clock period '10.000' specified during out-of-context synthesis of instance 'design_1_i/axi_smc' at clock pin 'aclk' is different from the actual clock period '9.997', this can lead to different synthesis results.
WARNING: [Timing 38-316] Clock period '10.000' specified during out-of-context synthesis of instance 'design_1_i/axi_uartlite_0' at clock pin 's_axi_aclk' is different from the actual clock period '9.997', this can lead to different synthesis results.
WARNING: [Timing 38-316] Clock period '10.000' specified during out-of-context synthesis of instance 'design_1_i/microblaze_0' at clock pin 'Clk' is different from the actual clock period '9.997', this can lead to different synthesis results.
WARNING: [Timing 38-316] Clock period '10.000' specified during out-of-context synthesis of instance 'design_1_i/rst_clk_wiz_1_100M' at clock pin 'slowest_sync_clk' is different from the actual clock period '9.997', this can lead to different synthesis results.
WARNING: [Timing 38-316] Clock period '10.000' specified during out-of-context synthesis of instance 'design_1_i/microblaze_0_local_memory/dlmb_bram_if_cntlr' at clock pin 'LMB_Clk' is different from the actual clock period '9.997', this can lead to different synthesis results.
WARNING: [Timing 38-316] Clock period '10.000' specified during out-of-context synthesis of instance 'design_1_i/microblaze_0_local_memory/dlmb_v10' at clock pin 'LMB_Clk' is different from the actual clock period '9.997', this can lead to different synthesis results.
WARNING: [Timing 38-316] Clock period '10.000' specified during out-of-context synthesis of instance 'design_1_i/microblaze_0_local_memory/ilmb_bram_if_cntlr' at clock pin 'LMB_Clk' is different from the actual clock period '9.997', this can lead to different synthesis results.
WARNING: [Timing 38-316] Clock period '10.000' specified during out-of-context synthesis of instance 'design_1_i/microblaze_0_local_memory/ilmb_v10' at clock pin 'LMB_Clk' is different from the actual clock period '9.997', this can lead to different synthesis results.
WARNING: [Timing 38-316] Clock period '20.000' specified during out-of-context synthesis of instance 'design_1_i/microblaze_0_local_memory/lmb_bram' at clock pin 'clka' is different from the actual clock period '10.000', this can lead to different synthesis results.
INFO: [Designutils 20-5440] No compile time benefit to using incremental synthesis; A full resynthesis will be run
INFO: [Designutils 20-4379] Flow is switching to default flow due to incremental criteria not met. If you would like to alter this behaviour and have the flow terminate instead, please set the following parameter config_implementation {autoIncr.Synth.RejectBehavior Terminate}
---------------------------------------------------------------------------------
Finished Constraint Validation : Time (s): cpu = 00:00:15 ; elapsed = 00:00:15 . Memory (MB): peak = 2079.574 ; gain = 517.566 ; free physical = 307 ; free virtual = 8361
---------------------------------------------------------------------------------
---------------------------------------------------------------------------------
Start Loading Part and Timing Information
---------------------------------------------------------------------------------
Loading part: xc7s25csga225-1
---------------------------------------------------------------------------------
Finished Loading Part and Timing Information : Time (s): cpu = 00:00:15 ; elapsed = 00:00:16 . Memory (MB): peak = 2087.578 ; gain = 525.570 ; free physical = 307 ; free virtual = 8361
---------------------------------------------------------------------------------
---------------------------------------------------------------------------------
Start Applying 'set_property' XDC Constraints
---------------------------------------------------------------------------------
Applied set_property IO_BUFFER_TYPE = NONE for sysclk. (constraint file  /home/carbon/kambadur/Projects/Vivado/mb_axi_gpio/mb_axi_gpio.gen/sources_1/bd/design_1/ip/design_1_clk_wiz_1_0/design_1_clk_wiz_1_0/design_1_clk_wiz_1_0_in_context.xdc, line 3).
Applied set_property CLOCK_BUFFER_TYPE = NONE for sysclk. (constraint file  /home/carbon/kambadur/Projects/Vivado/mb_axi_gpio/mb_axi_gpio.gen/sources_1/bd/design_1/ip/design_1_clk_wiz_1_0/design_1_clk_wiz_1_0/design_1_clk_wiz_1_0_in_context.xdc, line 4).
Applied set_property KEEP_HIERARCHY = SOFT for design_1_i. (constraint file  auto generated constraint).
Applied set_property KEEP_HIERARCHY = SOFT for design_1_i/microblaze_0. (constraint file  auto generated constraint).
Applied set_property KEEP_HIERARCHY = SOFT for design_1_i/microblaze_0_local_memory/dlmb_v10. (constraint file  auto generated constraint).
Applied set_property KEEP_HIERARCHY = SOFT for design_1_i/microblaze_0_local_memory/ilmb_v10. (constraint file  auto generated constraint).
Applied set_property KEEP_HIERARCHY = SOFT for design_1_i/microblaze_0_local_memory/dlmb_bram_if_cntlr. (constraint file  auto generated constraint).
Applied set_property KEEP_HIERARCHY = SOFT for design_1_i/microblaze_0_local_memory/ilmb_bram_if_cntlr. (constraint file  auto generated constraint).
Applied set_property KEEP_HIERARCHY = SOFT for design_1_i/microblaze_0_local_memory/lmb_bram. (constraint file  auto generated constraint).
Applied set_property KEEP_HIERARCHY = SOFT for design_1_i/mdm_1. (constraint file  auto generated constraint).
Applied set_property KEEP_HIERARCHY = SOFT for design_1_i/clk_wiz_1. (constraint file  auto generated constraint).
Applied set_property KEEP_HIERARCHY = SOFT for design_1_i/rst_clk_wiz_1_100M. (constraint file  auto generated constraint).
Applied set_property KEEP_HIERARCHY = SOFT for design_1_i/axi_gpio_0. (constraint file  auto generated constraint).
Applied set_property KEEP_HIERARCHY = SOFT for design_1_i/axi_smc. (constraint file  auto generated constraint).
Applied set_property KEEP_HIERARCHY = SOFT for design_1_i/axi_uartlite_0. (constraint file  auto generated constraint).
---------------------------------------------------------------------------------
Finished applying 'set_property' XDC Constraints : Time (s): cpu = 00:00:15 ; elapsed = 00:00:16 . Memory (MB): peak = 2087.578 ; gain = 525.570 ; free physical = 307 ; free virtual = 8361
---------------------------------------------------------------------------------
---------------------------------------------------------------------------------
Finished RTL Optimization Phase 2 : Time (s): cpu = 00:00:15 ; elapsed = 00:00:16 . Memory (MB): peak = 2087.578 ; gain = 525.570 ; free physical = 307 ; free virtual = 8362
---------------------------------------------------------------------------------
---------------------------------------------------------------------------------
Start RTL Component Statistics 
---------------------------------------------------------------------------------
Detailed RTL Component Info : 
---------------------------------------------------------------------------------
Finished RTL Component Statistics 
---------------------------------------------------------------------------------
---------------------------------------------------------------------------------
Start Part Resource Summary
---------------------------------------------------------------------------------
Part Resources:
DSPs: 80 (col length:40)
BRAMs: 90 (col length: RAMB18 40 RAMB36 20)
---------------------------------------------------------------------------------
Finished Part Resource Summary
---------------------------------------------------------------------------------
---------------------------------------------------------------------------------
Start Cross Boundary and Area Optimization
---------------------------------------------------------------------------------
WARNING: [Synth 8-7080] Parallel synthesis criteria is not met
---------------------------------------------------------------------------------
Finished Cross Boundary and Area Optimization : Time (s): cpu = 00:00:17 ; elapsed = 00:00:17 . Memory (MB): peak = 2087.578 ; gain = 525.570 ; free physical = 316 ; free virtual = 8375
---------------------------------------------------------------------------------
---------------------------------------------------------------------------------
Start Applying XDC Timing Constraints
---------------------------------------------------------------------------------
---------------------------------------------------------------------------------
Finished Applying XDC Timing Constraints : Time (s): cpu = 00:00:24 ; elapsed = 00:00:24 . Memory (MB): peak = 2168.578 ; gain = 606.570 ; free physical = 301 ; free virtual = 8325
---------------------------------------------------------------------------------
---------------------------------------------------------------------------------
Start Timing Optimization
---------------------------------------------------------------------------------
---------------------------------------------------------------------------------
Finished Timing Optimization : Time (s): cpu = 00:00:24 ; elapsed = 00:00:24 . Memory (MB): peak = 2168.578 ; gain = 606.570 ; free physical = 301 ; free virtual = 8325
---------------------------------------------------------------------------------
---------------------------------------------------------------------------------
Start Technology Mapping
---------------------------------------------------------------------------------
---------------------------------------------------------------------------------
Finished Technology Mapping : Time (s): cpu = 00:00:24 ; elapsed = 00:00:24 . Memory (MB): peak = 2178.594 ; gain = 616.586 ; free physical = 286 ; free virtual = 8309
---------------------------------------------------------------------------------
---------------------------------------------------------------------------------
Start IO Insertion
---------------------------------------------------------------------------------
---------------------------------------------------------------------------------
Start Flattening Before IO Insertion
---------------------------------------------------------------------------------
---------------------------------------------------------------------------------
Finished Flattening Before IO Insertion
---------------------------------------------------------------------------------
---------------------------------------------------------------------------------
Start Final Netlist Cleanup
---------------------------------------------------------------------------------
---------------------------------------------------------------------------------
Finished Final Netlist Cleanup
---------------------------------------------------------------------------------
---------------------------------------------------------------------------------
Finished IO Insertion : Time (s): cpu = 00:00:28 ; elapsed = 00:00:29 . Memory (MB): peak = 2348.406 ; gain = 786.398 ; free physical = 175 ; free virtual = 8176
---------------------------------------------------------------------------------
---------------------------------------------------------------------------------
Start Renaming Generated Instances
---------------------------------------------------------------------------------
---------------------------------------------------------------------------------
Finished Renaming Generated Instances : Time (s): cpu = 00:00:28 ; elapsed = 00:00:29 . Memory (MB): peak = 2348.406 ; gain = 786.398 ; free physical = 175 ; free virtual = 8176
---------------------------------------------------------------------------------
---------------------------------------------------------------------------------
Start Rebuilding User Hierarchy
---------------------------------------------------------------------------------
---------------------------------------------------------------------------------
Finished Rebuilding User Hierarchy : Time (s): cpu = 00:00:28 ; elapsed = 00:00:29 . Memory (MB): peak = 2348.406 ; gain = 786.398 ; free physical = 171 ; free virtual = 8172
---------------------------------------------------------------------------------
---------------------------------------------------------------------------------
Start Renaming Generated Ports
---------------------------------------------------------------------------------
---------------------------------------------------------------------------------
Finished Renaming Generated Ports : Time (s): cpu = 00:00:28 ; elapsed = 00:00:29 . Memory (MB): peak = 2348.406 ; gain = 786.398 ; free physical = 171 ; free virtual = 8172
---------------------------------------------------------------------------------
---------------------------------------------------------------------------------
Start Handling Custom Attributes
---------------------------------------------------------------------------------
---------------------------------------------------------------------------------
Finished Handling Custom Attributes : Time (s): cpu = 00:00:28 ; elapsed = 00:00:29 . Memory (MB): peak = 2348.406 ; gain = 786.398 ; free physical = 171 ; free virtual = 8172
---------------------------------------------------------------------------------
---------------------------------------------------------------------------------
Start Renaming Generated Nets
---------------------------------------------------------------------------------
---------------------------------------------------------------------------------
Finished Renaming Generated Nets : Time (s): cpu = 00:00:28 ; elapsed = 00:00:29 . Memory (MB): peak = 2348.406 ; gain = 786.398 ; free physical = 171 ; free virtual = 8172
---------------------------------------------------------------------------------
---------------------------------------------------------------------------------
Start Writing Synthesis Report
---------------------------------------------------------------------------------

Report BlackBoxes: 
+------+------------------------------+----------+
|      |BlackBox name                 |Instances |
+------+------------------------------+----------+
|1     |design_1_axi_gpio_0_0         |         1|
|2     |design_1_axi_smc_0            |         1|
|3     |design_1_axi_uartlite_0_0     |         1|
|4     |design_1_clk_wiz_1_0          |         1|
|5     |design_1_mdm_1_0              |         1|
|6     |design_1_microblaze_0_0       |         1|
|7     |design_1_rst_clk_wiz_1_100M_0 |         1|
|8     |design_1_dlmb_bram_if_cntlr_0 |         1|
|9     |design_1_dlmb_v10_0           |         1|
|10    |design_1_ilmb_bram_if_cntlr_0 |         1|
|11    |design_1_ilmb_v10_0           |         1|
|12    |design_1_lmb_bram_0           |         1|
+------+------------------------------+----------+

Report Cell Usage: 
+------+----------------------------+------+
|      |Cell                        |Count |
+------+----------------------------+------+
|1     |design_1_axi_gpio_0         |     1|
|2     |design_1_axi_smc            |     1|
|3     |design_1_axi_uartlite_0     |     1|
|4     |design_1_clk_wiz_1          |     1|
|5     |design_1_dlmb_bram_if_cntlr |     1|
|6     |design_1_dlmb_v10           |     1|
|7     |design_1_ilmb_bram_if_cntlr |     1|
|8     |design_1_ilmb_v10           |     1|
|9     |design_1_lmb_bram           |     1|
|10    |design_1_mdm_1              |     1|
|11    |design_1_microblaze_0       |     1|
|12    |design_1_rst_clk_wiz_1_100M |     1|
|13    |IBUF                        |     2|
|14    |OBUF                        |     2|
+------+----------------------------+------+
---------------------------------------------------------------------------------
Finished Writing Synthesis Report : Time (s): cpu = 00:00:28 ; elapsed = 00:00:29 . Memory (MB): peak = 2348.406 ; gain = 786.398 ; free physical = 171 ; free virtual = 8172
---------------------------------------------------------------------------------
Synthesis finished with 0 errors, 0 critical warnings and 1 warnings.
Synthesis Optimization Runtime : Time (s): cpu = 00:00:26 ; elapsed = 00:00:27 . Memory (MB): peak = 2348.406 ; gain = 738.746 ; free physical = 176 ; free virtual = 8177
Synthesis Optimization Complete : Time (s): cpu = 00:00:28 ; elapsed = 00:00:29 . Memory (MB): peak = 2348.414 ; gain = 786.398 ; free physical = 176 ; free virtual = 8177
INFO: [Project 1-571] Translating synthesized netlist
Netlist sorting complete. Time (s): cpu = 00:00:00.01 ; elapsed = 00:00:00.01 . Memory (MB): peak = 2348.414 ; gain = 0.000 ; free physical = 189 ; free virtual = 8192
INFO: [Project 1-570] Preparing netlist for logic optimization
INFO: [Opt 31-138] Pushed 0 inverter(s) to 0 load pin(s).
Netlist sorting complete. Time (s): cpu = 00:00:00 ; elapsed = 00:00:00 . Memory (MB): peak = 2348.414 ; gain = 0.000 ; free physical = 294 ; free virtual = 8335
INFO: [Project 1-111] Unisim Transformation Summary:
No Unisim elements were transformed.

Synth Design complete | Checksum: 362b4dd2
INFO: [Common 17-83] Releasing license: Synthesis
52 Infos, 33 Warnings, 1 Critical Warnings and 0 Errors encountered.
synth_design completed successfully
synth_design: Time (s): cpu = 00:00:39 ; elapsed = 00:00:36 . Memory (MB): peak = 2348.414 ; gain = 962.492 ; free physical = 291 ; free virtual = 8328
INFO: [Common 17-2834] synth_design peak Physical Memory [PSS] (MB): overall = 1543.744; main = 1543.744; forked = 268.171
INFO: [Common 17-2834] synth_design peak Virtual Memory [VSS] (MB): overall = 3029.965; main = 2348.410; forked = 942.383
INFO: [runtcl-6] Synthesis results are not added to the cache due to CRITICAL_WARNING
Write ShapeDB Complete: Time (s): cpu = 00:00:00 ; elapsed = 00:00:00 . Memory (MB): peak = 2372.418 ; gain = 0.000 ; free physical = 282 ; free virtual = 8329
INFO: [Common 17-1381] The checkpoint '/home/carbon/kambadur/Projects/Vivado/mb_axi_gpio/mb_axi_gpio.runs/synth_1/design_1_wrapper.dcp' has been generated.
INFO: [Vivado 12-24828] Executing command : report_utilization -file design_1_wrapper_utilization_synth.rpt -pb design_1_wrapper_utilization_synth.pb
INFO: [Common 17-206] Exiting Vivado at Tue Jan 21 00:17:23 2025...
