Copyright 1986-2022 Xilinx, Inc. All Rights Reserved. Copyright 2022-2024 Advanced Micro Devices, Inc. All Rights Reserved.
---------------------------------------------------------------------------------------------------------------------------------------------
| Tool Version : Vivado v.2024.2 (lin64) Build 5239630 Fri Nov 08 22:34:34 MST 2024
| Date         : Tue Jan 21 00:18:23 2025
| Host         : carbon running 64-bit Ubuntu 24.04.1 LTS
| Command      : report_control_sets -verbose -file design_1_wrapper_control_sets_placed.rpt
| Design       : design_1_wrapper
| Device       : xc7s25
---------------------------------------------------------------------------------------------------------------------------------------------

Control Set Information

Table of Contents
-----------------
1. Summary
2. Histogram
3. Flip-Flop Distribution
4. Detailed Control Set Information

1. Summary
----------

+----------------------------------------------------------+-------+
|                          Status                          | Count |
+----------------------------------------------------------+-------+
| Total control sets                                       |   118 |
|    Minimum number of control sets                        |   118 |
|    Addition due to synthesis replication                 |     0 |
|    Addition due to physical synthesis replication        |     0 |
| Unused register locations in slices containing registers |   480 |
+----------------------------------------------------------+-------+
* Control sets can be merged at opt_design using control_set_merge or merge_equivalent_drivers
** Run report_qor_suggestions for automated merging and remapping suggestions


2. Histogram
------------

+--------------------+-------+
|       Fanout       | Count |
+--------------------+-------+
| Total control sets |   118 |
| >= 0 to < 4        |    55 |
| >= 4 to < 6        |    18 |
| >= 6 to < 8        |     8 |
| >= 8 to < 10       |     9 |
| >= 10 to < 12      |     3 |
| >= 12 to < 14      |     0 |
| >= 14 to < 16      |     0 |
| >= 16              |    25 |
+--------------------+-------+
* Control sets can be remapped at either synth_design or opt_design


3. Flip-Flop Distribution
-------------------------

+--------------+-----------------------+------------------------+-----------------+--------------+
| Clock Enable | Synchronous Set/Reset | Asynchronous Set/Reset | Total Registers | Total Slices |
+--------------+-----------------------+------------------------+-----------------+--------------+
| No           | No                    | No                     |             271 |          102 |
| No           | No                    | Yes                    |             104 |           34 |
| No           | Yes                   | No                     |             317 |          142 |
| Yes          | No                    | No                     |             242 |           63 |
| Yes          | No                    | Yes                    |              15 |            8 |
| Yes          | Yes                   | No                     |             571 |          192 |
+--------------+-----------------------+------------------------+-----------------+--------------+


4. Detailed Control Set Information
-----------------------------------

+------------------------------------------------------------+---------------------------------------------------------------------------------------------------------------------------------------------------------------------------------------------------------+------------------------------------------------------------------------------------------------------------------------------------------------+------------------+----------------+--------------+
|                        Clock Signal                        |                                                                                              Enable Signal                                                                                              |                                                                Set/Reset Signal                                                                | Slice Load Count | Bel Load Count | Bels / Slice |
+------------------------------------------------------------+---------------------------------------------------------------------------------------------------------------------------------------------------------------------------------------------------------+------------------------------------------------------------------------------------------------------------------------------------------------+------------------+----------------+--------------+
|  design_1_i/clk_wiz_1/inst/clk_out1                        |                                                                                                                                                                                                         | design_1_i/axi_smc/inst/s00_nodes/s00_ar_node/inst/s_sc_areset_pipe                                                                            |                1 |              1 |         1.00 |
|  design_1_i/clk_wiz_1/inst/clk_out1                        |                                                                                                                                                                                                         | design_1_i/axi_smc/inst/m00_nodes/m00_ar_node/inst/s_sc_areset_pipe                                                                            |                1 |              1 |         1.00 |
|  design_1_i/clk_wiz_1/inst/clk_out1                        |                                                                                                                                                                                                         | design_1_i/axi_smc/inst/switchboards/i_nodes/i_aw_node/inst/s_sc_areset_pipe                                                                   |                1 |              1 |         1.00 |
| ~design_1_i/mdm_1/U0/Use_E2.BSCAN_I/Dbg_Update_0_BUFG      |                                                                                                                                                                                                         | design_1_i/mdm_1/U0/MDM_Core_I1/JTAG_CONTROL_I/sel_n                                                                                           |                1 |              1 |         1.00 |
|  design_1_i/clk_wiz_1/inst/clk_out1                        |                                                                                                                                                                                                         | design_1_i/axi_smc/inst/switchboards/i_nodes/i_b_node/inst/s_sc_areset_pipe                                                                    |                1 |              1 |         1.00 |
|  design_1_i/mdm_1/U0/Use_E2.BSCAN_I/Dbg_Update_0_BUFG      | design_1_i/microblaze_0/U0/MicroBlaze_Core_I/Performance.Core/Use_Debug_Logic.Master_Core.Debug_Perf/Control_Reg_En                                                                                     | design_1_i/microblaze_0/U0/MicroBlaze_Core_I/Performance.Core/Use_Debug_Logic.Master_Core.Debug_Perf/start_single_step_reg_n_0                 |                1 |              1 |         1.00 |
|  design_1_i/clk_wiz_1/inst/clk_out1                        |                                                                                                                                                                                                         | design_1_i/axi_smc/inst/switchboards/i_nodes/i_r_node/inst/s_sc_areset_pipe                                                                    |                1 |              1 |         1.00 |
|  design_1_i/clk_wiz_1/inst/clk_out1                        |                                                                                                                                                                                                         | design_1_i/axi_smc/inst/switchboards/i_nodes/i_w_node/inst/s_sc_areset_pipe                                                                    |                1 |              1 |         1.00 |
|  design_1_i/mdm_1/U0/Use_E2.BSCAN_I/Dbg_Update_0_BUFG      | design_1_i/microblaze_0/U0/MicroBlaze_Core_I/Performance.Core/Use_Debug_Logic.Master_Core.Debug_Perf/Control_Reg_En                                                                                     | design_1_i/microblaze_0/U0/MicroBlaze_Core_I/Performance.Core/Use_Debug_Logic.Master_Core.Debug_Perf/Serial_Dbg_Intf.continue_from_brk_reg_n_0 |                1 |              1 |         1.00 |
|  design_1_i/clk_wiz_1/inst/clk_out1                        |                                                                                                                                                                                                         | design_1_i/axi_smc/inst/m01_nodes/m01_r_node/inst/s_sc_areset_pipe                                                                             |                1 |              1 |         1.00 |
|  design_1_i/clk_wiz_1/inst/clk_out1                        |                                                                                                                                                                                                         | design_1_i/axi_smc/inst/s00_nodes/s00_aw_node/inst/s_sc_areset_pipe                                                                            |                1 |              1 |         1.00 |
|  design_1_i/clk_wiz_1/inst/clk_out1                        |                                                                                                                                                                                                         | design_1_i/axi_smc/inst/m00_nodes/m00_aw_node/inst/s_sc_areset_pipe                                                                            |                1 |              1 |         1.00 |
|  design_1_i/clk_wiz_1/inst/clk_out1                        |                                                                                                                                                                                                         | design_1_i/axi_smc/inst/m00_nodes/m00_b_node/inst/s_sc_areset_pipe                                                                             |                1 |              1 |         1.00 |
|  design_1_i/clk_wiz_1/inst/clk_out1                        |                                                                                                                                                                                                         | design_1_i/axi_smc/inst/s00_nodes/s00_b_node/inst/s_sc_areset_pipe                                                                             |                1 |              1 |         1.00 |
|  design_1_i/clk_wiz_1/inst/clk_out1                        |                                                                                                                                                                                                         | design_1_i/axi_smc/inst/m00_nodes/m00_r_node/inst/s_sc_areset_pipe                                                                             |                1 |              1 |         1.00 |
|  design_1_i/clk_wiz_1/inst/clk_out1                        |                                                                                                                                                                                                         | design_1_i/axi_smc/inst/m01_nodes/m01_w_node/inst/s_sc_areset_pipe                                                                             |                1 |              1 |         1.00 |
|  design_1_i/mdm_1/U0/Use_E2.BSCAN_I/Dbg_Update_0_BUFG      | design_1_i/microblaze_0/U0/MicroBlaze_Core_I/Performance.Core/Use_Debug_Logic.Master_Core.Debug_Perf/Control_Reg_En                                                                                     | design_1_i/microblaze_0/U0/MicroBlaze_Core_I/Performance.Core/Use_Debug_Logic.Master_Core.Debug_Perf/Serial_Dbg_Intf.force_stop_cmd_i_reg_0    |                1 |              1 |         1.00 |
|  design_1_i/clk_wiz_1/inst/clk_out1                        |                                                                                                                                                                                                         | design_1_i/axi_smc/inst/switchboards/i_nodes/i_ar_node/inst/s_sc_areset_pipe                                                                   |                1 |              1 |         1.00 |
|  design_1_i/mdm_1/U0/No_Dbg_Reg_Access.BUFG_DRCK/Dbg_Clk_0 | design_1_i/mdm_1/U0/Use_E2.BSCAN_I/Use_E2.BSCANE2_I_0                                                                                                                                                   | design_1_i/mdm_1/U0/MDM_Core_I1/JTAG_CONTROL_I/Functional_Reset                                                                                |                1 |              1 |         1.00 |
|  design_1_i/clk_wiz_1/inst/clk_out1                        |                                                                                                                                                                                                         | design_1_i/axi_smc/inst/s00_nodes/s00_w_node/inst/s_sc_areset_pipe                                                                             |                1 |              1 |         1.00 |
|  design_1_i/clk_wiz_1/inst/clk_out1                        |                                                                                                                                                                                                         | design_1_i/axi_smc/inst/m01_nodes/m01_ar_node/inst/s_sc_areset_pipe                                                                            |                1 |              1 |         1.00 |
|  design_1_i/clk_wiz_1/inst/clk_out1                        |                                                                                                                                                                                                         | design_1_i/axi_smc/inst/m01_nodes/m01_aw_node/inst/s_sc_areset_pipe                                                                            |                1 |              1 |         1.00 |
|  design_1_i/clk_wiz_1/inst/clk_out1                        |                                                                                                                                                                                                         | design_1_i/axi_smc/inst/s00_nodes/s00_r_node/inst/s_sc_areset_pipe                                                                             |                1 |              1 |         1.00 |
|  design_1_i/clk_wiz_1/inst/clk_out1                        |                                                                                                                                                                                                         | design_1_i/axi_smc/inst/m01_nodes/m01_b_node/inst/s_sc_areset_pipe                                                                             |                1 |              1 |         1.00 |
|  design_1_i/mdm_1/U0/Use_E2.BSCAN_I/Dbg_Update_0_BUFG      | design_1_i/microblaze_0/U0/MicroBlaze_Core_I/Performance.Core/Use_Debug_Logic.Master_Core.Debug_Perf/Control_Reg_En                                                                                     | design_1_i/microblaze_0/U0/MicroBlaze_Core_I/Performance.Core/Use_Debug_Logic.Master_Core.Debug_Perf/Serial_Dbg_Intf.normal_stop_cmd_i_reg_n_0 |                1 |              1 |         1.00 |
| ~design_1_i/mdm_1/U0/No_Dbg_Reg_Access.BUFG_DRCK/Dbg_Clk_0 | design_1_i/mdm_1/U0/MDM_Core_I1/JTAG_CONTROL_I/Use_BSCAN.FDC_I/CE                                                                                                                                       | design_1_i/mdm_1/U0/MDM_Core_I1/JTAG_CONTROL_I/Use_BSCAN.FDC_I/D                                                                               |                1 |              1 |         1.00 |
|  design_1_i/clk_wiz_1/inst/clk_out1                        |                                                                                                                                                                                                         | design_1_i/microblaze_0/U0/MicroBlaze_Core_I/Performance.Core/Use_Debug_Logic.Master_Core.Debug_Perf/Serial_Dbg_Intf.capture_1                 |                1 |              1 |         1.00 |
|  design_1_i/clk_wiz_1/inst/clk_out1                        |                                                                                                                                                                                                         | design_1_i/axi_smc/inst/m00_nodes/m00_w_node/inst/s_sc_areset_pipe                                                                             |                1 |              1 |         1.00 |
|  design_1_i/mdm_1/U0/Use_E2.BSCAN_I/Dbg_Update_0_BUFG      | design_1_i/microblaze_0/U0/MicroBlaze_Core_I/Performance.Core/Use_Debug_Logic.Master_Core.Debug_Perf/Command_Reg_En                                                                                     | design_1_i/microblaze_0/U0/MicroBlaze_Core_I/Performance.Core/Use_Debug_Logic.Master_Core.Debug_Perf/command_reg_clear                         |                1 |              2 |         2.00 |
|  design_1_i/clk_wiz_1/inst/clk_out1                        |                                                                                                                                                                                                         | design_1_i/axi_smc/inst/m01_nodes/m01_aw_node/inst/s_sc_xpm_cdc_async_rst_inst/reset_pol                                                       |                1 |              3 |         3.00 |
|  design_1_i/clk_wiz_1/inst/clk_out1                        |                                                                                                                                                                                                         | design_1_i/axi_smc/inst/s00_nodes/s00_b_node/inst/s_sc_xpm_cdc_async_rst_inst/reset_pol                                                        |                1 |              3 |         3.00 |
|  design_1_i/mdm_1/U0/Use_E2.BSCAN_I/Dbg_Update_0_BUFG      |                                                                                                                                                                                                         |                                                                                                                                                |                2 |              3 |         1.50 |
|  design_1_i/clk_wiz_1/inst/clk_out1                        |                                                                                                                                                                                                         | design_1_i/axi_smc/inst/s00_nodes/s00_aw_node/inst/s_sc_xpm_cdc_async_rst_inst/reset_pol                                                       |                1 |              3 |         3.00 |
|  design_1_i/clk_wiz_1/inst/clk_out1                        |                                                                                                                                                                                                         | design_1_i/axi_smc/inst/s00_nodes/s00_ar_node/inst/s_sc_xpm_cdc_async_rst_inst/reset_pol                                                       |                1 |              3 |         3.00 |
|  design_1_i/clk_wiz_1/inst/clk_out1                        |                                                                                                                                                                                                         | design_1_i/axi_smc/inst/s00_entry_pipeline/s00_transaction_regulator/inst/xpm_cdc_async_rst_inst/reset_pol                                     |                1 |              3 |         3.00 |
|  design_1_i/clk_wiz_1/inst/clk_out1                        |                                                                                                                                                                                                         | design_1_i/axi_smc/inst/s00_entry_pipeline/s00_si_converter/inst/xpm_cdc_async_rst_inst/reset_pol                                              |                1 |              3 |         3.00 |
|  design_1_i/clk_wiz_1/inst/clk_out1                        |                                                                                                                                                                                                         | design_1_i/axi_smc/inst/m00_nodes/m00_ar_node/inst/s_sc_xpm_cdc_async_rst_inst/reset_pol                                                       |                1 |              3 |         3.00 |
|  design_1_i/clk_wiz_1/inst/clk_out1                        |                                                                                                                                                                                                         | design_1_i/axi_smc/inst/m00_nodes/m00_b_node/inst/s_sc_xpm_cdc_async_rst_inst/reset_pol                                                        |                1 |              3 |         3.00 |
|  design_1_i/clk_wiz_1/inst/clk_out1                        |                                                                                                                                                                                                         | design_1_i/axi_smc/inst/m00_nodes/m00_aw_node/inst/s_sc_xpm_cdc_async_rst_inst/reset_pol                                                       |                1 |              3 |         3.00 |
|  design_1_i/clk_wiz_1/inst/clk_out1                        |                                                                                                                                                                                                         | design_1_i/axi_smc/inst/switchboards/i_nodes/i_aw_node/inst/s_sc_xpm_cdc_async_rst_inst/reset_pol                                              |                1 |              3 |         3.00 |
|  design_1_i/clk_wiz_1/inst/clk_out1                        |                                                                                                                                                                                                         | design_1_i/axi_smc/inst/m01_nodes/m01_ar_node/inst/s_sc_xpm_cdc_async_rst_inst/reset_pol                                                       |                1 |              3 |         3.00 |
|  design_1_i/clk_wiz_1/inst/clk_out1                        |                                                                                                                                                                                                         | design_1_i/axi_smc/inst/m00_exit_pipeline/m00_exit/inst/xpm_cdc_async_rst_inst/reset_pol                                                       |                1 |              3 |         3.00 |
|  design_1_i/clk_wiz_1/inst/clk_out1                        |                                                                                                                                                                                                         | design_1_i/axi_smc/inst/m00_nodes/m00_w_node/inst/s_sc_xpm_cdc_async_rst_inst/reset_pol                                                        |                1 |              3 |         3.00 |
|  design_1_i/clk_wiz_1/inst/clk_out1                        |                                                                                                                                                                                                         | design_1_i/axi_smc/inst/m01_nodes/m01_b_node/inst/s_sc_xpm_cdc_async_rst_inst/reset_pol                                                        |                1 |              3 |         3.00 |
|  design_1_i/clk_wiz_1/inst/clk_out1                        |                                                                                                                                                                                                         | design_1_i/axi_smc/inst/s00_nodes/s00_r_node/inst/s_sc_xpm_cdc_async_rst_inst/reset_pol                                                        |                1 |              3 |         3.00 |
|  design_1_i/clk_wiz_1/inst/clk_out1                        |                                                                                                                                                                                                         | design_1_i/axi_smc/inst/s00_nodes/s00_w_node/inst/s_sc_xpm_cdc_async_rst_inst/reset_pol                                                        |                1 |              3 |         3.00 |
|  design_1_i/clk_wiz_1/inst/clk_out1                        |                                                                                                                                                                                                         | design_1_i/axi_smc/inst/switchboards/i_nodes/i_ar_node/inst/s_sc_xpm_cdc_async_rst_inst/reset_pol                                              |                1 |              3 |         3.00 |
|  design_1_i/clk_wiz_1/inst/clk_out1                        |                                                                                                                                                                                                         | design_1_i/axi_smc/inst/switchboards/i_nodes/i_b_node/inst/s_sc_xpm_cdc_async_rst_inst/reset_pol                                               |                1 |              3 |         3.00 |
|  design_1_i/clk_wiz_1/inst/clk_out1                        |                                                                                                                                                                                                         | design_1_i/axi_smc/inst/switchboards/i_nodes/i_r_node/inst/s_sc_xpm_cdc_async_rst_inst/reset_pol                                               |                1 |              3 |         3.00 |
|  design_1_i/clk_wiz_1/inst/clk_out1                        |                                                                                                                                                                                                         | design_1_i/axi_smc/inst/switchboards/i_nodes/i_w_node/inst/s_sc_xpm_cdc_async_rst_inst/reset_pol                                               |                1 |              3 |         3.00 |
|  design_1_i/clk_wiz_1/inst/clk_out1                        |                                                                                                                                                                                                         | design_1_i/axi_smc/inst/m01_nodes/m01_r_node/inst/s_sc_xpm_cdc_async_rst_inst/reset_pol                                                        |                1 |              3 |         3.00 |
|  design_1_i/clk_wiz_1/inst/clk_out1                        |                                                                                                                                                                                                         | design_1_i/axi_smc/inst/s00_entry_pipeline/s00_mmu/inst/xpm_cdc_async_rst_inst/reset_pol                                                       |                1 |              3 |         3.00 |
|  design_1_i/clk_wiz_1/inst/clk_out1                        |                                                                                                                                                                                                         | design_1_i/axi_smc/inst/m00_nodes/m00_r_node/inst/s_sc_xpm_cdc_async_rst_inst/reset_pol                                                        |                1 |              3 |         3.00 |
|  design_1_i/clk_wiz_1/inst/clk_out1                        |                                                                                                                                                                                                         | design_1_i/axi_smc/inst/m01_exit_pipeline/m01_exit/inst/xpm_cdc_async_rst_inst/reset_pol                                                       |                1 |              3 |         3.00 |
|  design_1_i/clk_wiz_1/inst/clk_out1                        |                                                                                                                                                                                                         | design_1_i/axi_smc/inst/m01_nodes/m01_w_node/inst/s_sc_xpm_cdc_async_rst_inst/reset_pol                                                        |                1 |              3 |         3.00 |
|  design_1_i/mdm_1/U0/Use_E2.BSCAN_I/Dbg_Update_0_BUFG      | design_1_i/mdm_1/U0/MDM_Core_I1/Use_BSCAN.MDM_SEL                                                                                                                                                       | design_1_i/mdm_1/U0/Use_E2.BSCAN_I/AR[0]                                                                                                       |                1 |              4 |         4.00 |
|  design_1_i/clk_wiz_1/inst/clk_out1                        | design_1_i/axi_gpio_0/U0/AXI_LITE_IPIF_I/I_SLAVE_ATTACHMENT/start2                                                                                                                                      | design_1_i/axi_gpio_0/U0/AXI_LITE_IPIF_I/I_SLAVE_ATTACHMENT/I_DECODER/cs_ce_clr                                                                |                1 |              4 |         4.00 |
|  design_1_i/clk_wiz_1/inst/clk_out1                        | design_1_i/axi_uartlite_0/U0/AXI_LITE_IPIF_I/I_SLAVE_ATTACHMENT/start2                                                                                                                                  | design_1_i/axi_uartlite_0/U0/AXI_LITE_IPIF_I/I_SLAVE_ATTACHMENT/I_DECODER/cs_ce_clr                                                            |                1 |              4 |         4.00 |
|  design_1_i/clk_wiz_1/inst/clk_out1                        | design_1_i/axi_gpio_0/U0/AXI_LITE_IPIF_I/I_SLAVE_ATTACHMENT/bus2ip_addr_i[8]_i_1_n_0                                                                                                                    | design_1_i/axi_gpio_0/U0/AXI_LITE_IPIF_I/I_SLAVE_ATTACHMENT/SS[0]                                                                              |                1 |              4 |         4.00 |
|  design_1_i/clk_wiz_1/inst/clk_out1                        | design_1_i/axi_uartlite_0/U0/UARTLITE_CORE_I/BAUD_RATE_I/en_16x_Baud                                                                                                                                    |                                                                                                                                                |                1 |              4 |         4.00 |
|  design_1_i/mdm_1/U0/No_Dbg_Reg_Access.BUFG_DRCK/Dbg_Clk_0 | design_1_i/mdm_1/U0/MDM_Core_I1/Use_BSCAN.TDI_Shifter0                                                                                                                                                  | design_1_i/mdm_1/U0/Use_E2.BSCAN_I/AR[0]                                                                                                       |                1 |              4 |         4.00 |
|  design_1_i/mdm_1/U0/Use_E2.BSCAN_I/Dbg_Update_0_BUFG      | design_1_i/microblaze_0/U0/MicroBlaze_Core_I/Performance.Core/Use_Debug_Logic.Master_Core.Debug_Perf/Control_Reg_En                                                                                     |                                                                                                                                                |                3 |              4 |         1.33 |
|  design_1_i/clk_wiz_1/inst/clk_out1                        |                                                                                                                                                                                                         | design_1_i/axi_smc/inst/clk_map/psr_aclk/U0/EXT_LPF/lpf_int                                                                                    |                1 |              4 |         4.00 |
| ~design_1_i/mdm_1/U0/Use_E2.BSCAN_I/Dbg_Update_0_BUFG      |                                                                                                                                                                                                         | design_1_i/mdm_1/U0/Use_E2.BSCAN_I/AR[0]                                                                                                       |                1 |              4 |         4.00 |
|  design_1_i/clk_wiz_1/inst/clk_out1                        |                                                                                                                                                                                                         | design_1_i/axi_gpio_0/U0/AXI_LITE_IPIF_I/I_SLAVE_ATTACHMENT/clear                                                                              |                1 |              4 |         4.00 |
|  design_1_i/clk_wiz_1/inst/clk_out1                        | design_1_i/microblaze_0/U0/MicroBlaze_Core_I/Performance.Core/Decode_I/wb_Halted                                                                                                                        | design_1_i/microblaze_0/U0/MicroBlaze_Core_I/sync_reset                                                                                        |                2 |              5 |         2.50 |
|  design_1_i/clk_wiz_1/inst/clk_out1                        | design_1_i/axi_smc/inst/switchboards/i_nodes/i_aw_node/inst/inst_mi_handler/gen_normal_area.inst_fifo_node_payld/gen_reg_fifo.inst_reg_fifo/gen_single_rank.data[132]_i_1_n_0                           |                                                                                                                                                |                2 |              5 |         2.50 |
|  design_1_i/clk_wiz_1/inst/clk_out1                        | design_1_i/axi_smc/inst/s00_entry_pipeline/s00_mmu/inst/ar_reg_stall/skid_buffer[1136]_i_1_n_0                                                                                                          |                                                                                                                                                |                1 |              5 |         5.00 |
|  design_1_i/clk_wiz_1/inst/clk_out1                        | design_1_i/axi_smc/inst/s00_entry_pipeline/s00_mmu/inst/ar_reg_stall/m_vector_i                                                                                                                         |                                                                                                                                                |                1 |              5 |         5.00 |
|  design_1_i/clk_wiz_1/inst/clk_out1                        | design_1_i/axi_smc/inst/s00_entry_pipeline/s00_mmu/inst/aw_reg_stall/m_vector_i                                                                                                                         |                                                                                                                                                |                1 |              5 |         5.00 |
|  design_1_i/clk_wiz_1/inst/clk_out1                        | design_1_i/axi_smc/inst/switchboards/i_nodes/i_ar_node/inst/inst_mi_handler/gen_normal_area.inst_fifo_node_payld/gen_reg_fifo.inst_reg_fifo/gen_single_rank.data[132]_i_1_n_0                           |                                                                                                                                                |                1 |              5 |         5.00 |
|  design_1_i/clk_wiz_1/inst/clk_out1                        | design_1_i/axi_smc/inst/s00_entry_pipeline/s00_mmu/inst/aw_reg_stall/skid_buffer[1136]_i_1__0_n_0                                                                                                       |                                                                                                                                                |                1 |              5 |         5.00 |
|  design_1_i/clk_wiz_1/inst/clk_out1                        |                                                                                                                                                                                                         | design_1_i/rst_clk_wiz_1_100M/U0/EXT_LPF/lpf_int                                                                                               |                2 |              5 |         2.50 |
|  design_1_i/mdm_1/U0/No_Dbg_Reg_Access.BUFG_DRCK/Dbg_Clk_0 | design_1_i/mdm_1/U0/Use_E2.BSCAN_I/Use_E2.BSCANE2_I_3                                                                                                                                                   |                                                                                                                                                |                1 |              6 |         6.00 |
|  design_1_i/clk_wiz_1/inst/clk_out1                        |                                                                                                                                                                                                         | design_1_i/axi_uartlite_0/U0/UARTLITE_CORE_I/UARTLITE_RX_I/SRL_FIFO_I/I_SRL_FIFO_RBU_F/CNTR_INCR_DECR_ADDN_F_I/SS[0]                           |                3 |              6 |         2.00 |
|  design_1_i/clk_wiz_1/inst/clk_out1                        |                                                                                                                                                                                                         | design_1_i/axi_uartlite_0/U0/UARTLITE_CORE_I/UARTLITE_TX_I/SRL_FIFO_I/I_SRL_FIFO_RBU_F/CNTR_INCR_DECR_ADDN_F_I/SS[0]                           |                2 |              6 |         3.00 |
|  design_1_i/mdm_1/U0/No_Dbg_Reg_Access.BUFG_DRCK/Dbg_Clk_0 | design_1_i/mdm_1/U0/Use_E2.BSCAN_I/Use_E2.BSCANE2_I_2                                                                                                                                                   |                                                                                                                                                |                2 |              6 |         3.00 |
|  design_1_i/clk_wiz_1/inst/clk_out1                        | design_1_i/rst_clk_wiz_1_100M/U0/SEQ/seq_cnt_en                                                                                                                                                         | design_1_i/rst_clk_wiz_1_100M/U0/SEQ/SEQ_COUNTER/clear                                                                                         |                1 |              6 |         6.00 |
|  design_1_i/mdm_1/U0/No_Dbg_Reg_Access.BUFG_DRCK/Dbg_Clk_0 | design_1_i/mdm_1/U0/MDM_Core_I1/JTAG_CONTROL_I/Use_BSCAN.FDC_I/sample_1                                                                                                                                 |                                                                                                                                                |                1 |              6 |         6.00 |
|  design_1_i/clk_wiz_1/inst/clk_out1                        | design_1_i/axi_smc/inst/clk_map/psr_aclk/U0/SEQ/seq_cnt_en                                                                                                                                              | design_1_i/axi_smc/inst/clk_map/psr_aclk/U0/SEQ/SEQ_COUNTER/clear                                                                              |                1 |              6 |         6.00 |
|  design_1_i/clk_wiz_1/inst/clk_out1                        | design_1_i/axi_uartlite_0/U0/UARTLITE_CORE_I/BAUD_RATE_I/en_16x_Baud                                                                                                                                    | design_1_i/axi_uartlite_0/U0/UARTLITE_CORE_I/UARTLITE_RX_I/SERIAL_TO_PARALLEL[8].fifo_din[8]_i_1_n_0                                           |                1 |              7 |         7.00 |
|  design_1_i/mdm_1/U0/No_Dbg_Reg_Access.BUFG_DRCK/Dbg_Clk_0 | design_1_i/microblaze_0/U0/MicroBlaze_Core_I/Performance.Core/Use_Debug_Logic.Master_Core.Debug_Perf/Using_PC_Breakpoints.All_PC_Brks[0].Serial_Interface_1.address_hit_I/Compare[0].SRLC16E_I/which_pc |                                                                                                                                                |                7 |              8 |         1.14 |
|  design_1_i/mdm_1/U0/Use_E2.BSCAN_I/Dbg_Update_0_BUFG      | design_1_i/mdm_1/U0/MDM_Core_I1/JTAG_CONTROL_I/Use_BSCAN.FDC_I/command_10                                                                                                                               |                                                                                                                                                |                1 |              8 |         8.00 |
| ~design_1_i/mdm_1/U0/Use_E2.BSCAN_I/Dbg_Update_0_BUFG      | design_1_i/mdm_1/U0/MDM_Core_I1/JTAG_CONTROL_I/Use_BSCAN.command[0]_i_1_n_0                                                                                                                             |                                                                                                                                                |                2 |              8 |         4.00 |
|  design_1_i/mdm_1/U0/No_Dbg_Reg_Access.BUFG_DRCK/Dbg_Clk_0 | design_1_i/mdm_1/U0/MDM_Core_I1/JTAG_CONTROL_I/tdi_shifter0                                                                                                                                             |                                                                                                                                                |                2 |              8 |         4.00 |
|  design_1_i/clk_wiz_1/inst/clk_out1                        | design_1_i/axi_uartlite_0/U0/AXI_LITE_IPIF_I/I_SLAVE_ATTACHMENT/I_DECODER/fifo_wr                                                                                                                       |                                                                                                                                                |                1 |              8 |         8.00 |
|  design_1_i/clk_wiz_1/inst/clk_out1                        | design_1_i/axi_uartlite_0/U0/UARTLITE_CORE_I/UARTLITE_RX_I/SRL_FIFO_I/I_SRL_FIFO_RBU_F/DYNSHREG_F_I/fifo_wr                                                                                             |                                                                                                                                                |                1 |              8 |         8.00 |
|  design_1_i/clk_wiz_1/inst/clk_out1                        |                                                                                                                                                                                                         | design_1_i/axi_smc/inst/switchboards/i_nodes/i_b_node/inst/inst_si_handler/areset_r                                                            |                3 |              8 |         2.67 |
|  design_1_i/clk_wiz_1/inst/clk_out1                        |                                                                                                                                                                                                         | design_1_i/axi_smc/inst/switchboards/i_nodes/i_r_node/inst/inst_si_handler/areset_r                                                            |                3 |              8 |         2.67 |
|  design_1_i/clk_wiz_1/inst/clk_out1                        | design_1_i/axi_uartlite_0/U0/AXI_LITE_IPIF_I/I_SLAVE_ATTACHMENT/s_axi_rresp_i                                                                                                                           | design_1_i/axi_uartlite_0/U0/AXI_LITE_IPIF_I/I_SLAVE_ATTACHMENT/rst                                                                            |                2 |              8 |         4.00 |
|  design_1_i/clk_wiz_1/inst/clk_out1                        |                                                                                                                                                                                                         | design_1_i/axi_uartlite_0/U0/AXI_LITE_IPIF_I/I_SLAVE_ATTACHMENT/rst                                                                            |                3 |             10 |         3.33 |
|  design_1_i/mdm_1/U0/No_Dbg_Reg_Access.BUFG_DRCK/Dbg_Clk_0 | design_1_i/mdm_1/U0/MDM_Core_I1/JTAG_CONTROL_I/Use_BSCAN.FDC_I/Use_Serial_Unified_Completion.completion_block_reg                                                                                       |                                                                                                                                                |                4 |             10 |         2.50 |
|  design_1_i/clk_wiz_1/inst/clk_out1                        | design_1_i/axi_smc/inst/switchboards/i_nodes/i_w_node/inst/inst_mi_handler/gen_normal_area.inst_fifo_node_payld/gen_reg_fifo.inst_reg_fifo/gen_single_rank.data[54]_i_1_n_0                             |                                                                                                                                                |                3 |             11 |         3.67 |
|  design_1_i/clk_wiz_1/inst/clk_out1                        | design_1_i/microblaze_0/U0/MicroBlaze_Core_I/Performance.Core/Decode_I/PreFetch_Buffer_I1/OF_Valid_DFF/E[0]                                                                                             | design_1_i/microblaze_0/U0/MicroBlaze_Core_I/sync_reset                                                                                        |                6 |             16 |         2.67 |
|  design_1_i/clk_wiz_1/inst/clk_out1                        |                                                                                                                                                                                                         | design_1_i/axi_smc/inst/s00_entry_pipeline/s00_mmu/inst/areset                                                                                 |               10 |             18 |         1.80 |
|  design_1_i/clk_wiz_1/inst/clk_out1                        |                                                                                                                                                                                                         | design_1_i/axi_gpio_0/U0/AXI_LITE_IPIF_I/I_SLAVE_ATTACHMENT/SS[0]                                                                              |                6 |             20 |         3.33 |
|  design_1_i/clk_wiz_1/inst/clk_out1                        | design_1_i/microblaze_0/U0/MicroBlaze_Core_I/Performance.Core/Decode_I/mem_wait_on_ready_N_carry_or/MUXCY_I/lopt_1                                                                                      | design_1_i/microblaze_0/U0/MicroBlaze_Core_I/sync_reset                                                                                        |                9 |             20 |         2.22 |
|  design_1_i/mdm_1/U0/No_Dbg_Reg_Access.BUFG_DRCK/Dbg_Clk_0 |                                                                                                                                                                                                         | design_1_i/mdm_1/U0/Use_E2.BSCAN_I/Use_E2.BSCANE2_I_4                                                                                          |                6 |             23 |         3.83 |
|  design_1_i/clk_wiz_1/inst/clk_out1                        |                                                                                                                                                                                                         | design_1_i/axi_uartlite_0/U0/UARTLITE_CORE_I/UARTLITE_RX_I/s_axi_aresetn_0                                                                     |               10 |             26 |         2.60 |
|  design_1_i/clk_wiz_1/inst/clk_out1                        | design_1_i/axi_uartlite_0/U0/UARTLITE_CORE_I/BAUD_RATE_I/en_16x_Baud                                                                                                                                    | design_1_i/axi_uartlite_0/U0/UARTLITE_CORE_I/UARTLITE_RX_I/s_axi_aresetn_0                                                                     |                8 |             28 |         3.50 |
|  design_1_i/clk_wiz_1/inst/clk_out1                        | design_1_i/microblaze_0/U0/MicroBlaze_Core_I/Performance.Core/Decode_I/PreFetch_Buffer_I1/Gen_Mux_Select_LUT6[1].Gen_Sel_DFF/if_fetch_in_progress_reg[0]                                                | design_1_i/microblaze_0/U0/MicroBlaze_Core_I/sync_reset                                                                                        |                9 |             32 |         3.56 |
|  design_1_i/clk_wiz_1/inst/clk_out1                        | design_1_i/axi_smc/inst/s00_entry_pipeline/s00_mmu/inst/gen_endpoint.decerr_slave_inst/s_axi_rvalid                                                                                                     | design_1_i/microblaze_0/U0/MicroBlaze_Core_I/sync_reset                                                                                        |                6 |             32 |         5.33 |
|  design_1_i/clk_wiz_1/inst/clk_out1                        | design_1_i/microblaze_0/U0/MicroBlaze_Core_I/Performance.Core/Use_Debug_Logic.Master_Core.Debug_Perf/data_rd_reg[0]_i_1_n_0                                                                             | design_1_i/microblaze_0/U0/MicroBlaze_Core_I/sync_reset                                                                                        |               13 |             32 |         2.46 |
|  design_1_i/mdm_1/U0/No_Dbg_Reg_Access.BUFG_DRCK/Dbg_Clk_0 | design_1_i/microblaze_0/U0/MicroBlaze_Core_I/Performance.Core/Use_Debug_Logic.Master_Core.Debug_Perf/Serial_Dbg_Intf.New_Dbg_Instr_TCK                                                                  |                                                                                                                                                |                9 |             32 |         3.56 |
|  design_1_i/clk_wiz_1/inst/clk_out1                        | design_1_i/microblaze_0/U0/MicroBlaze_Core_I/Performance.Core/Decode_I/Use_MuxCy[3].OF_Piperun_Stage/MUXCY_I/E[0]                                                                                       | design_1_i/microblaze_0/U0/MicroBlaze_Core_I/sync_reset                                                                                        |                8 |             32 |         4.00 |
|  design_1_i/clk_wiz_1/inst/clk_out1                        | design_1_i/axi_smc/inst/switchboards/i_nodes/i_r_node/inst/inst_si_handler/gen_si_handler.gen_arbiter_rr_minimal_area.inst_arbiter/s_sc_valid                                                           |                                                                                                                                                |                5 |             32 |         6.40 |
|  design_1_i/clk_wiz_1/inst/clk_out1                        | design_1_i/microblaze_0/U0/MicroBlaze_Core_I/Performance.Core/Decode_I/mem_wait_on_ready_N_carry_or/MUXCY_I/lopt_1                                                                                      | design_1_i/microblaze_0/U0/MicroBlaze_Core_I/Performance.Core/Decode_I/SR[0]                                                                   |               12 |             32 |         2.67 |
|  design_1_i/clk_wiz_1/inst/clk_out1                        | design_1_i/microblaze_0/U0/MicroBlaze_Core_I/Performance.Core/Decode_I/mem_wait_on_ready_N_carry_or/MUXCY_I/lopt_1                                                                                      |                                                                                                                                                |                6 |             32 |         5.33 |
|  design_1_i/clk_wiz_1/inst/clk_out1                        |                                                                                                                                                                                                         | design_1_i/microblaze_0/U0/MicroBlaze_Core_I/Performance.Core/wb_dlmb_valid_read_data0                                                         |                8 |             32 |         4.00 |
|  design_1_i/clk_wiz_1/inst/clk_out1                        | design_1_i/microblaze_0/U0/MicroBlaze_Core_I/Performance.Core/Decode_I/Use_MuxCy[3].OF_Piperun_Stage/MUXCY_I/Using_FPGA.Native_0                                                                        | design_1_i/microblaze_0/U0/MicroBlaze_Core_I/Performance.Core/Decode_I/R                                                                       |               10 |             32 |         3.20 |
|  design_1_i/mdm_1/U0/No_Dbg_Reg_Access.BUFG_DRCK/Dbg_Clk_0 | design_1_i/mdm_1/U0/Use_E2.BSCAN_I/Use_E2.BSCANE2_I_0                                                                                                                                                   |                                                                                                                                                |               16 |             47 |         2.94 |
|  design_1_i/clk_wiz_1/inst/clk_out1                        | design_1_i/microblaze_0/U0/MicroBlaze_Core_I/Performance.Core/Decode_I/Use_MuxCy[3].OF_Piperun_Stage/MUXCY_I/Using_FPGA.Native_0                                                                        | design_1_i/microblaze_0/U0/MicroBlaze_Core_I/sync_reset                                                                                        |               21 |             52 |         2.48 |
|  design_1_i/clk_wiz_1/inst/clk_out1                        | design_1_i/microblaze_0/U0/MicroBlaze_Core_I/Performance.Core/Decode_I/PreFetch_Buffer_I1/Instruction_Prefetch_Mux[42].Instr_Mux_MUXF7/IReady_0                                                         |                                                                                                                                                |               10 |             75 |         7.50 |
|  design_1_i/mdm_1/U0/No_Dbg_Reg_Access.BUFG_DRCK/Dbg_Clk_0 |                                                                                                                                                                                                         |                                                                                                                                                |               26 |             80 |         3.08 |
|  design_1_i/clk_wiz_1/inst/clk_out1                        | design_1_i/microblaze_0/U0/MicroBlaze_Core_I/Performance.Core/Decode_I/WB_GPR_Wr                                                                                                                        |                                                                                                                                                |               16 |            128 |         8.00 |
|  design_1_i/clk_wiz_1/inst/clk_out1                        |                                                                                                                                                                                                         | design_1_i/microblaze_0/U0/MicroBlaze_Core_I/sync_reset                                                                                        |               70 |            150 |         2.14 |
|  design_1_i/clk_wiz_1/inst/clk_out1                        |                                                                                                                                                                                                         |                                                                                                                                                |               79 |            206 |         2.61 |
|  design_1_i/clk_wiz_1/inst/clk_out1                        | design_1_i/microblaze_0/U0/MicroBlaze_Core_I/Performance.Core/Decode_I/Use_MuxCy[11].OF_Piperun_Stage/MUXCY_I/Using_FPGA.Native_0                                                                       | design_1_i/microblaze_0/U0/MicroBlaze_Core_I/sync_reset                                                                                        |               79 |            218 |         2.76 |
+------------------------------------------------------------+---------------------------------------------------------------------------------------------------------------------------------------------------------------------------------------------------------+------------------------------------------------------------------------------------------------------------------------------------------------+------------------+----------------+--------------+


