#-----------------------------------------------------------
# Vivado v2024.2 (64-bit)
# SW Build 5239630 on Fri Nov 08 22:34:34 MST 2024
# IP Build 5239520 on Sun Nov 10 16:12:51 MST 2024
# SharedData Build 5239561 on Fri Nov 08 14:39:27 MST 2024
# Start of session at: Sun Nov  2 12:23:34 2025
# Process ID         : 244961
# Current directory  : /home/carbon/kambadur/Projects/Vivado/custom_axi_lite_slv_1/custom_axi_lite_slv_1.runs/synth_1
# Command line       : vivado -log design_1_wrapper.vds -product Vivado -mode batch -messageDb vivado.pb -notrace -source design_1_wrapper.tcl
# Log file           : /home/carbon/kambadur/Projects/Vivado/custom_axi_lite_slv_1/custom_axi_lite_slv_1.runs/synth_1/design_1_wrapper.vds
# Journal file       : /home/carbon/kambadur/Projects/Vivado/custom_axi_lite_slv_1/custom_axi_lite_slv_1.runs/synth_1/vivado.jou
# Running On         : carbon
# Platform           : Ubuntu
# Operating System   : Ubuntu 24.04.2 LTS
# Processor Detail   : Intel(R) Core(TM) i5-4210M CPU @ 2.60GHz
# CPU Frequency      : 3092.894 MHz
# CPU Physical cores : 2
# CPU Logical cores  : 4
# Host memory        : 16446 MB
# Swap memory        : 4294 MB
# Total Virtual      : 20741 MB
# Available Virtual  : 6876 MB
#-----------------------------------------------------------
source design_1_wrapper.tcl -notrace
