Copyright 1986-2022 Xilinx, Inc. All Rights Reserved. Copyright 2022-2024 Advanced Micro Devices, Inc. All Rights Reserved.
---------------------------------------------------------------------------------------------------------------------------------------------
| Tool Version : Vivado v.2024.2 (lin64) Build 5239630 Fri Nov 08 22:34:34 MST 2024
| Date         : Sun Feb  2 07:13:29 2025
| Host         : carbon running 64-bit Ubuntu 24.04.1 LTS
| Command      : upgrade_ip
| Device       : xc7z020clg484-1
---------------------------------------------------------------------------------------------------------------------------------------------

Upgrade Log for IP 'design_1_myip_spi_controller_0_2'

1. Summary
----------

SUCCESS in the upgrade of design_1_myip_spi_controller_0_2 (user.org:user:myip_spi_controller:1.0) from (Rev. 6) to (Rev. 7)






Copyright 1986-2022 Xilinx, Inc. All Rights Reserved. Copyright 2022-2024 Advanced Micro Devices, Inc. All Rights Reserved.
---------------------------------------------------------------------------------------------------------------------------------------------
| Tool Version : Vivado v.2024.2 (lin64) Build 5239630 Fri Nov 08 22:34:34 MST 2024
| Date         : Sat Feb  1 21:02:12 2025
| Host         : carbon running 64-bit Ubuntu 24.04.1 LTS
| Command      : upgrade_ip
| Device       : xc7z020clg484-1
---------------------------------------------------------------------------------------------------------------------------------------------

Upgrade Log for IP 'design_1_myip_spi_controller_0_2'

1. Summary
----------

SUCCESS in the update of design_1_myip_spi_controller_0_2 (user.org:user:myip_spi_controller:1.0 (Rev. 6)) to current project options.






Copyright 1986-2022 Xilinx, Inc. All Rights Reserved. Copyright 2022-2024 Advanced Micro Devices, Inc. All Rights Reserved.
---------------------------------------------------------------------------------------------------------------------------------------------
| Tool Version : Vivado v.2024.2 (lin64) Build 5239630 Fri Nov 08 22:34:34 MST 2024
| Date         : Sat Feb  1 21:01:26 2025
| Host         : carbon running 64-bit Ubuntu 24.04.1 LTS
| Command      : upgrade_ip
| Device       : xc7z020clg484-1
---------------------------------------------------------------------------------------------------------------------------------------------

Upgrade Log for IP 'design_1_myip_spi_controller_0_2'

1. Summary
----------

SUCCESS in the upgrade of design_1_myip_spi_controller_0_2 (user.org:user:myip_spi_controller:1.0) from (Rev. 5) to (Rev. 6)






Copyright 1986-2022 Xilinx, Inc. All Rights Reserved. Copyright 2022-2024 Advanced Micro Devices, Inc. All Rights Reserved.
---------------------------------------------------------------------------------------------------------------------------------------------
| Tool Version : Vivado v.2024.2 (lin64) Build 5239630 Fri Nov 08 22:34:34 MST 2024
| Date         : Sat Feb  1 20:45:06 2025
| Host         : carbon running 64-bit Ubuntu 24.04.1 LTS
| Command      : upgrade_ip
| Device       : xc7z020clg484-1
---------------------------------------------------------------------------------------------------------------------------------------------

Upgrade Log for IP 'design_1_myip_spi_controller_0_2'

1. Summary
----------

SUCCESS in the upgrade of design_1_myip_spi_controller_0_2 (user.org:user:myip_spi_controller:1.0) from (Rev. 4) to (Rev. 5)






Copyright 1986-2022 Xilinx, Inc. All Rights Reserved. Copyright 2022-2024 Advanced Micro Devices, Inc. All Rights Reserved.
---------------------------------------------------------------------------------------------------------------------------------------------
| Tool Version : Vivado v.2024.2 (lin64) Build 5239630 Fri Nov 08 22:34:34 MST 2024
| Date         : Sat Feb  1 19:20:29 2025
| Host         : carbon running 64-bit Ubuntu 24.04.1 LTS
| Command      : upgrade_ip
| Device       : xc7z020clg484-1
---------------------------------------------------------------------------------------------------------------------------------------------

Upgrade Log for IP 'design_1_myip_spi_controller_0_0'

1. Summary
----------

SUCCESS in the upgrade of design_1_myip_spi_controller_0_0 (user.org:user:myip_spi_controller:1.0) from (Rev. 1) to (Rev. 3)

