Copyright 1986-2022 Xilinx, Inc. All Rights Reserved. Copyright 2022-2024 Advanced Micro Devices, Inc. All Rights Reserved.
--------------------------------------------------------------------------------------------------------------------------------------------------------------------------------------
| Tool Version : Vivado v.2024.2 (lin64) Build 5239630 Fri Nov 08 22:34:34 MST 2024
| Date         : Fri Jan 17 23:40:56 2025
| Host         : carbon running 64-bit Ubuntu 24.04.1 LTS
| Command      : report_methodology -file design_1_wrapper_methodology_drc_routed.rpt -pb design_1_wrapper_methodology_drc_routed.pb -rpx design_1_wrapper_methodology_drc_routed.rpx
| Design       : design_1_wrapper
| Device       : xc7z020clg484-1
| Speed File   : -1
| Design State : Fully Routed
--------------------------------------------------------------------------------------------------------------------------------------------------------------------------------------

Report Methodology

Table of Contents
-----------------
1. REPORT SUMMARY
2. REPORT DETAILS

1. REPORT SUMMARY
-----------------
            Netlist: netlist
          Floorplan: design_1
      Design limits: <entire design considered>
             Max checks: <unlimited>
             Checks found: 5
+-----------+----------+-------------------------------------------------+--------+
| Rule      | Severity | Description                                     | Checks |
+-----------+----------+-------------------------------------------------+--------+
| TIMING-18 | Warning  | Missing input or output delay                   | 3      |
| XDCC-5    | Warning  | User Non-Timing constraint/property overwritten | 2      |
+-----------+----------+-------------------------------------------------+--------+

2. REPORT DETAILS
-----------------
TIMING-18#1 Warning
Missing input or output delay  
An input delay is missing on BTNR relative to the rising and/or falling clock edge(s) of clk_fpga_0.
Related violations: <none>

TIMING-18#2 Warning
Missing input or output delay  
An input delay is missing on BTNU relative to the rising and/or falling clock edge(s) of clk_fpga_0.
Related violations: <none>

TIMING-18#3 Warning
Missing input or output delay  
An output delay is missing on LD0[0] relative to the rising and/or falling clock edge(s) of clk_fpga_0.
Related violations: <none>

XDCC-5#1 Warning
User Non-Timing constraint/property overwritten  
A new XDC property IOSTANDARD on BTNR overrides a previous user property.
New Source: /home/carbon/kambadur/Projects/Vivado/cmods7_and2_axi_gpio/cmods7_and2_axi_gpio.srcs/constrs_1/new/zedboard.xdc (Line: 370)
Previous Source: /home/carbon/kambadur/Projects/Vivado/cmods7_and2_axi_gpio/cmods7_and2_axi_gpio.srcs/constrs_1/new/zedboard.xdc (Line: 211)
Related violations: <none>

XDCC-5#2 Warning
User Non-Timing constraint/property overwritten  
A new XDC property IOSTANDARD on BTNU overrides a previous user property.
New Source: /home/carbon/kambadur/Projects/Vivado/cmods7_and2_axi_gpio/cmods7_and2_axi_gpio.srcs/constrs_1/new/zedboard.xdc (Line: 370)
Previous Source: /home/carbon/kambadur/Projects/Vivado/cmods7_and2_axi_gpio/cmods7_and2_axi_gpio.srcs/constrs_1/new/zedboard.xdc (Line: 212)
Related violations: <none>


