
*** Running vivado
    with args -log design_1_top_0_0.vds -m64 -product Vivado -mode batch -messageDb vivado.pb -notrace -source design_1_top_0_0.tcl


****** Vivado v2024.2 (64-bit)
  **** SW Build 5239630 on Fri Nov 08 22:34:34 MST 2024
  **** IP Build 5239520 on Sun Nov 10 16:12:51 MST 2024
  **** SharedData Build 5239561 on Fri Nov 08 14:39:27 MST 2024
  **** Start of session at: Fri Jan 17 23:35:23 2025
    ** Copyright 1986-2022 Xilinx, Inc. All Rights Reserved.
    ** Copyright 2022-2024 Advanced Micro Devices, Inc. All Rights Reserved.

source design_1_top_0_0.tcl -notrace
INFO: [IP_Flow 19-234] Refreshing IP repositories
INFO: [IP_Flow 19-1704] No user IP repositories specified
INFO: [IP_Flow 19-2313] Loaded Vivado IP repository '/tools/Xilinx/Vivado/2024.2/data/ip'.
Command: synth_design -top design_1_top_0_0 -part xc7z020clg484-1 -incremental_mode off -mode out_of_context
Starting synth_design
Attempting to get a license for feature 'Synthesis' and/or device 'xc7z020'
INFO: [Common 17-349] Got license for feature 'Synthesis' and/or device 'xc7z020'
INFO: [Device 21-403] Loading part xc7z020clg484-1
INFO: [Synth 8-7079] Multithreading enabled for synth_design using a maximum of 7 processes.
INFO: [Synth 8-7078] Launching helper process for spawning children vivado processes
INFO: [Synth 8-7075] Helper process launched with PID 133105
---------------------------------------------------------------------------------
Starting RTL Elaboration : Time (s): cpu = 00:00:09 ; elapsed = 00:00:11 . Memory (MB): peak = 1974.395 ; gain = 421.766 ; free physical = 597 ; free virtual = 9358
---------------------------------------------------------------------------------
INFO: [Synth 8-6157] synthesizing module 'design_1_top_0_0' [/home/carbon/kambadur/Projects/Vivado/cmods7_and2_axi_gpio/cmods7_and2_axi_gpio.gen/sources_1/bd/design_1/ip/design_1_top_0_0/synth/design_1_top_0_0.v:53]
INFO: [Synth 8-6157] synthesizing module 'top' [/home/carbon/kambadur/Projects/Vivado/cmods7_and2_axi_gpio/cmods7_and2_axi_gpio.srcs/sources_1/new/top.v:23]
INFO: [Synth 8-6155] done synthesizing module 'top' (0#1) [/home/carbon/kambadur/Projects/Vivado/cmods7_and2_axi_gpio/cmods7_and2_axi_gpio.srcs/sources_1/new/top.v:23]
INFO: [Synth 8-6155] done synthesizing module 'design_1_top_0_0' (0#1) [/home/carbon/kambadur/Projects/Vivado/cmods7_and2_axi_gpio/cmods7_and2_axi_gpio.gen/sources_1/bd/design_1/ip/design_1_top_0_0/synth/design_1_top_0_0.v:53]
---------------------------------------------------------------------------------
Finished RTL Elaboration : Time (s): cpu = 00:00:11 ; elapsed = 00:00:13 . Memory (MB): peak = 2051.332 ; gain = 498.703 ; free physical = 496 ; free virtual = 9249
---------------------------------------------------------------------------------
---------------------------------------------------------------------------------
Start Handling Custom Attributes
---------------------------------------------------------------------------------
---------------------------------------------------------------------------------
Finished Handling Custom Attributes : Time (s): cpu = 00:00:11 ; elapsed = 00:00:13 . Memory (MB): peak = 2069.145 ; gain = 516.516 ; free physical = 486 ; free virtual = 9239
---------------------------------------------------------------------------------
---------------------------------------------------------------------------------
Finished RTL Optimization Phase 1 : Time (s): cpu = 00:00:11 ; elapsed = 00:00:13 . Memory (MB): peak = 2069.145 ; gain = 516.516 ; free physical = 486 ; free virtual = 9239
---------------------------------------------------------------------------------
Netlist sorting complete. Time (s): cpu = 00:00:00 ; elapsed = 00:00:00 . Memory (MB): peak = 2069.145 ; gain = 0.000 ; free physical = 486 ; free virtual = 9239
INFO: [Project 1-570] Preparing netlist for logic optimization

Processing XDC Constraints
Initializing timing engine
Completed Processing XDC Constraints

Netlist sorting complete. Time (s): cpu = 00:00:00 ; elapsed = 00:00:00 . Memory (MB): peak = 2118.070 ; gain = 0.000 ; free physical = 532 ; free virtual = 9293
INFO: [Project 1-111] Unisim Transformation Summary:
No Unisim elements were transformed.

Constraint Validation Runtime : Time (s): cpu = 00:00:00.01 ; elapsed = 00:00:00.01 . Memory (MB): peak = 2118.070 ; gain = 0.000 ; free physical = 532 ; free virtual = 9293
INFO: [Designutils 20-5008] Incremental synthesis strategy off
---------------------------------------------------------------------------------
Finished Constraint Validation : Time (s): cpu = 00:00:22 ; elapsed = 00:00:25 . Memory (MB): peak = 2118.070 ; gain = 565.441 ; free physical = 458 ; free virtual = 9221
---------------------------------------------------------------------------------
---------------------------------------------------------------------------------
Start Loading Part and Timing Information
---------------------------------------------------------------------------------
Loading part: xc7z020clg484-1
---------------------------------------------------------------------------------
Finished Loading Part and Timing Information : Time (s): cpu = 00:00:22 ; elapsed = 00:00:25 . Memory (MB): peak = 2126.074 ; gain = 573.445 ; free physical = 458 ; free virtual = 9221
---------------------------------------------------------------------------------
---------------------------------------------------------------------------------
Start Applying 'set_property' XDC Constraints
---------------------------------------------------------------------------------
---------------------------------------------------------------------------------
Finished applying 'set_property' XDC Constraints : Time (s): cpu = 00:00:22 ; elapsed = 00:00:25 . Memory (MB): peak = 2126.074 ; gain = 573.445 ; free physical = 458 ; free virtual = 9221
---------------------------------------------------------------------------------
---------------------------------------------------------------------------------
Finished RTL Optimization Phase 2 : Time (s): cpu = 00:00:22 ; elapsed = 00:00:25 . Memory (MB): peak = 2126.074 ; gain = 573.445 ; free physical = 463 ; free virtual = 9227
---------------------------------------------------------------------------------
---------------------------------------------------------------------------------
Start RTL Component Statistics 
---------------------------------------------------------------------------------
Detailed RTL Component Info : 
---------------------------------------------------------------------------------
Finished RTL Component Statistics 
---------------------------------------------------------------------------------
---------------------------------------------------------------------------------
Start Part Resource Summary
---------------------------------------------------------------------------------
Part Resources:
DSPs: 220 (col length:60)
BRAMs: 280 (col length: RAMB18 60 RAMB36 30)
---------------------------------------------------------------------------------
Finished Part Resource Summary
---------------------------------------------------------------------------------
---------------------------------------------------------------------------------
Start Cross Boundary and Area Optimization
---------------------------------------------------------------------------------
WARNING: [Synth 8-7080] Parallel synthesis criteria is not met
---------------------------------------------------------------------------------
Finished Cross Boundary and Area Optimization : Time (s): cpu = 00:00:24 ; elapsed = 00:00:27 . Memory (MB): peak = 2126.074 ; gain = 573.445 ; free physical = 447 ; free virtual = 9205
---------------------------------------------------------------------------------
---------------------------------------------------------------------------------
Start Applying XDC Timing Constraints
---------------------------------------------------------------------------------
---------------------------------------------------------------------------------
Finished Applying XDC Timing Constraints : Time (s): cpu = 00:00:32 ; elapsed = 00:00:36 . Memory (MB): peak = 2204.074 ; gain = 651.445 ; free physical = 271 ; free virtual = 9028
---------------------------------------------------------------------------------
---------------------------------------------------------------------------------
Start Timing Optimization
---------------------------------------------------------------------------------
---------------------------------------------------------------------------------
Finished Timing Optimization : Time (s): cpu = 00:00:32 ; elapsed = 00:00:36 . Memory (MB): peak = 2204.074 ; gain = 651.445 ; free physical = 271 ; free virtual = 9028
---------------------------------------------------------------------------------
---------------------------------------------------------------------------------
Start Technology Mapping
---------------------------------------------------------------------------------
---------------------------------------------------------------------------------
Finished Technology Mapping : Time (s): cpu = 00:00:32 ; elapsed = 00:00:36 . Memory (MB): peak = 2214.090 ; gain = 661.461 ; free physical = 263 ; free virtual = 9020
---------------------------------------------------------------------------------
---------------------------------------------------------------------------------
Start IO Insertion
---------------------------------------------------------------------------------
---------------------------------------------------------------------------------
Start Flattening Before IO Insertion
---------------------------------------------------------------------------------
---------------------------------------------------------------------------------
Finished Flattening Before IO Insertion
---------------------------------------------------------------------------------
---------------------------------------------------------------------------------
Start Final Netlist Cleanup
---------------------------------------------------------------------------------
---------------------------------------------------------------------------------
Finished Final Netlist Cleanup
---------------------------------------------------------------------------------
---------------------------------------------------------------------------------
Finished IO Insertion : Time (s): cpu = 00:00:37 ; elapsed = 00:00:40 . Memory (MB): peak = 2383.902 ; gain = 831.273 ; free physical = 196 ; free virtual = 8890
---------------------------------------------------------------------------------
---------------------------------------------------------------------------------
Start Renaming Generated Instances
---------------------------------------------------------------------------------
---------------------------------------------------------------------------------
Finished Renaming Generated Instances : Time (s): cpu = 00:00:37 ; elapsed = 00:00:40 . Memory (MB): peak = 2383.902 ; gain = 831.273 ; free physical = 196 ; free virtual = 8890
---------------------------------------------------------------------------------
---------------------------------------------------------------------------------
Start Rebuilding User Hierarchy
---------------------------------------------------------------------------------
---------------------------------------------------------------------------------
Finished Rebuilding User Hierarchy : Time (s): cpu = 00:00:37 ; elapsed = 00:00:40 . Memory (MB): peak = 2383.902 ; gain = 831.273 ; free physical = 196 ; free virtual = 8890
---------------------------------------------------------------------------------
---------------------------------------------------------------------------------
Start Renaming Generated Ports
---------------------------------------------------------------------------------
---------------------------------------------------------------------------------
Finished Renaming Generated Ports : Time (s): cpu = 00:00:37 ; elapsed = 00:00:40 . Memory (MB): peak = 2383.902 ; gain = 831.273 ; free physical = 196 ; free virtual = 8890
---------------------------------------------------------------------------------
---------------------------------------------------------------------------------
Start Handling Custom Attributes
---------------------------------------------------------------------------------
---------------------------------------------------------------------------------
Finished Handling Custom Attributes : Time (s): cpu = 00:00:37 ; elapsed = 00:00:40 . Memory (MB): peak = 2383.902 ; gain = 831.273 ; free physical = 196 ; free virtual = 8890
---------------------------------------------------------------------------------
---------------------------------------------------------------------------------
Start Renaming Generated Nets
---------------------------------------------------------------------------------
---------------------------------------------------------------------------------
Finished Renaming Generated Nets : Time (s): cpu = 00:00:37 ; elapsed = 00:00:40 . Memory (MB): peak = 2383.902 ; gain = 831.273 ; free physical = 196 ; free virtual = 8890
---------------------------------------------------------------------------------
---------------------------------------------------------------------------------
Start Writing Synthesis Report
---------------------------------------------------------------------------------

Report BlackBoxes: 
+-+--------------+----------+
| |BlackBox name |Instances |
+-+--------------+----------+
+-+--------------+----------+

Report Cell Usage: 
+------+-----+------+
|      |Cell |Count |
+------+-----+------+
|1     |LUT2 |     1|
+------+-----+------+
---------------------------------------------------------------------------------
Finished Writing Synthesis Report : Time (s): cpu = 00:00:37 ; elapsed = 00:00:40 . Memory (MB): peak = 2383.902 ; gain = 831.273 ; free physical = 196 ; free virtual = 8890
---------------------------------------------------------------------------------
Synthesis finished with 0 errors, 0 critical warnings and 1 warnings.
Synthesis Optimization Runtime : Time (s): cpu = 00:00:34 ; elapsed = 00:00:38 . Memory (MB): peak = 2383.902 ; gain = 782.348 ; free physical = 194 ; free virtual = 8890
Synthesis Optimization Complete : Time (s): cpu = 00:00:37 ; elapsed = 00:00:41 . Memory (MB): peak = 2383.910 ; gain = 831.273 ; free physical = 194 ; free virtual = 8890
INFO: [Project 1-571] Translating synthesized netlist
Netlist sorting complete. Time (s): cpu = 00:00:00 ; elapsed = 00:00:00 . Memory (MB): peak = 2383.910 ; gain = 0.000 ; free physical = 193 ; free virtual = 8889
INFO: [Project 1-570] Preparing netlist for logic optimization
INFO: [Opt 31-138] Pushed 0 inverter(s) to 0 load pin(s).
Netlist sorting complete. Time (s): cpu = 00:00:00 ; elapsed = 00:00:00 . Memory (MB): peak = 2383.910 ; gain = 0.000 ; free physical = 303 ; free virtual = 9033
INFO: [Project 1-111] Unisim Transformation Summary:
No Unisim elements were transformed.

Synth Design complete | Checksum: d670779e
INFO: [Common 17-83] Releasing license: Synthesis
20 Infos, 1 Warnings, 0 Critical Warnings and 0 Errors encountered.
synth_design completed successfully
synth_design: Time (s): cpu = 00:00:53 ; elapsed = 00:00:53 . Memory (MB): peak = 2383.910 ; gain = 1011.867 ; free physical = 303 ; free virtual = 9034
INFO: [Common 17-2834] synth_design peak Physical Memory [PSS] (MB): overall = 1664.699; main = 1459.918; forked = 226.732
INFO: [Common 17-2834] synth_design peak Virtual Memory [VSS] (MB): overall = 3299.477; main = 2383.906; forked = 942.383
INFO: [Common 17-1381] The checkpoint '/home/carbon/kambadur/Projects/Vivado/cmods7_and2_axi_gpio/cmods7_and2_axi_gpio.runs/design_1_top_0_0_synth_1/design_1_top_0_0.dcp' has been generated.
INFO: [Vivado 12-24828] Executing command : report_utilization -file design_1_top_0_0_utilization_synth.rpt -pb design_1_top_0_0_utilization_synth.pb
INFO: [Common 17-206] Exiting Vivado at Fri Jan 17 23:36:30 2025...
