#-----------------------------------------------------------
# Vivado v2024.2 (64-bit)
# SW Build 5239630 on Fri Nov 08 22:34:34 MST 2024
# IP Build 5239520 on Sun Nov 10 16:12:51 MST 2024
# SharedData Build 5239561 on Fri Nov 08 14:39:27 MST 2024
# Start of session at: Mon Jul  7 15:13:50 2025
# Process ID         : 201517
# Current directory  : /home/carbon/kambadur/Projects/Vivado/zynq_bram_1/zynq_bram_1.runs/design_1_processing_system7_0_0_synth_1
# Command line       : vivado -log design_1_processing_system7_0_0.vds -product Vivado -mode batch -messageDb vivado.pb -notrace -source design_1_processing_system7_0_0.tcl
# Log file           : /home/carbon/kambadur/Projects/Vivado/zynq_bram_1/zynq_bram_1.runs/design_1_processing_system7_0_0_synth_1/design_1_processing_system7_0_0.vds
# Journal file       : /home/carbon/kambadur/Projects/Vivado/zynq_bram_1/zynq_bram_1.runs/design_1_processing_system7_0_0_synth_1/vivado.jou
# Running On         : carbon
# Platform           : Ubuntu
# Operating System   : Ubuntu 24.04.2 LTS
# Processor Detail   : Intel(R) Core(TM) i5-4210M CPU @ 2.60GHz
# CPU Frequency      : 3086.700 MHz
# CPU Physical cores : 2
# CPU Logical cores  : 4
# Host memory        : 16445 MB
# Swap memory        : 4294 MB
# Total Virtual      : 20740 MB
# Available Virtual  : 8800 MB
#-----------------------------------------------------------
source design_1_processing_system7_0_0.tcl -notrace
