#-----------------------------------------------------------
# Vivado v2024.2 (64-bit)
# SW Build 5239630 on Fri Nov 08 22:34:34 MST 2024
# IP Build 5239520 on Sun Nov 10 16:12:51 MST 2024
# SharedData Build 5239561 on Fri Nov 08 14:39:27 MST 2024
# Start of session at: Sun Jan 19 08:09:31 2025
# Process ID         : 354143
# Current directory  : /home/carbon/kambadur/Projects/Vivado/cmods7_and_axi_gpio/cmods7_and_axi_gpio.srcs/constrs_1/new
# Command line       : vivado
# Log file           : /home/carbon/kambadur/Projects/Vivado/cmods7_and_axi_gpio/cmods7_and_axi_gpio.srcs/constrs_1/new/vivado.log
# Journal file       : /home/carbon/kambadur/Projects/Vivado/cmods7_and_axi_gpio/cmods7_and_axi_gpio.srcs/constrs_1/new/vivado.jou
# Running On         : carbon
# Platform           : Ubuntu
# Operating System   : Ubuntu 24.04.1 LTS
# Processor Detail   : Intel(R) Core(TM) i5-4210M CPU @ 2.60GHz
# CPU Frequency      : 3093.018 MHz
# CPU Physical cores : 2
# CPU Logical cores  : 4
# Host memory        : 16444 MB
# Swap memory        : 4294 MB
# Total Virtual      : 20739 MB
# Available Virtual  : 13527 MB
#-----------------------------------------------------------
start_gui
open_project /home/carbon/kambadur/Projects/Vivado/mb_axi_gpio/mb_axi_gpio.xpr
Scanning sources...
Finished scanning sources
INFO: [IP_Flow 19-234] Refreshing IP repositories
INFO: [IP_Flow 19-1704] No user IP repositories specified
INFO: [IP_Flow 19-2313] Loaded Vivado IP repository '/tools/Xilinx/Vivado/2024.2/data/ip'.
INFO: [Project 1-5579] Found utility IPs instantiated in one or more block designs which have equivalent inline hdl with improved performance and reduced diskspace. It is recommended to migrate these utility IPs to inline hdl using the command upgrade_project -migrate_to_inline_hdl. The utility IPs may be deprecated in future releases. More information on inline hdl is available in UG994.
open_project: Time (s): cpu = 00:00:18 ; elapsed = 00:00:07 . Memory (MB): peak = 7948.633 ; gain = 489.266 ; free physical = 4661 ; free virtual = 12245
update_compile_order -fileset sources_1
open_bd_design {/home/carbon/kambadur/Projects/Vivado/mb_axi_gpio/mb_axi_gpio.srcs/sources_1/bd/design_1/design_1.bd}
Reading block design file </home/carbon/kambadur/Projects/Vivado/mb_axi_gpio/mb_axi_gpio.srcs/sources_1/bd/design_1/design_1.bd>...
Adding component instance block -- xilinx.com:ip:microblaze:11.0 - microblaze_0
Adding component instance block -- xilinx.com:ip:lmb_v10:3.0 - dlmb_v10
Adding component instance block -- xilinx.com:ip:lmb_v10:3.0 - ilmb_v10
Adding component instance block -- xilinx.com:ip:lmb_bram_if_cntlr:4.0 - dlmb_bram_if_cntlr
Adding component instance block -- xilinx.com:ip:lmb_bram_if_cntlr:4.0 - ilmb_bram_if_cntlr
Adding component instance block -- xilinx.com:ip:blk_mem_gen:8.4 - lmb_bram
Adding component instance block -- xilinx.com:ip:mdm:3.2 - mdm_1
Adding component instance block -- xilinx.com:ip:clk_wiz:6.0 - clk_wiz_1
Adding component instance block -- xilinx.com:ip:proc_sys_reset:5.0 - rst_clk_wiz_1_100M
Adding component instance block -- xilinx.com:ip:axi_gpio:2.0 - axi_gpio_0
Adding component instance block -- xilinx.com:ip:smartconnect:1.0 - axi_smc
Successfully read diagram <design_1> from block design file </home/carbon/kambadur/Projects/Vivado/mb_axi_gpio/mb_axi_gpio.srcs/sources_1/bd/design_1/design_1.bd>
write_hw_platform -fixed -include_bit -force -file /home/carbon/kambadur/Projects/Vivado/mb_axi_gpio/design_1_wrapper.xsa
INFO: [Project 1-1918] Creating Hardware Platform: /home/carbon/kambadur/Projects/Vivado/mb_axi_gpio/design_1_wrapper.xsa ...
INFO: [Project 1-1943] The Hardware Platform can be used for Hardware
INFO: [Project 1-1941] Successfully created Hardware Platform: /home/carbon/kambadur/Projects/Vivado/mb_axi_gpio/design_1_wrapper.xsa
INFO: [Hsi 55-2053] elapsed time for repository (/tools/Xilinx/Vivado/2024.2/data/embeddedsw) loading 0 seconds
INFO: [Vivado 12-8231] Launching Vitis
INFO: [Vivado 12-417] Running vitis
INFO: [Vivado 12-8232] Vitis launch initiated. Please check console for any further messages.
reset_run impl_1 -prev_step 
launch_runs impl_1 -to_step write_bitstream -jobs 2
[Mon Jan 20 23:30:58 2025] Launched impl_1...
Run output will be captured here: /home/carbon/kambadur/Projects/Vivado/mb_axi_gpio/mb_axi_gpio.runs/impl_1/runme.log
write_hw_platform -fixed -include_bit -force -file /home/carbon/kambadur/Projects/Vivado/mb_axi_gpio/design_1_wrapper.xsa
INFO: [Project 1-1918] Creating Hardware Platform: /home/carbon/kambadur/Projects/Vivado/mb_axi_gpio/design_1_wrapper.xsa ...
INFO: [Project 1-1943] The Hardware Platform can be used for Hardware
INFO: [Project 1-1941] Successfully created Hardware Platform: /home/carbon/kambadur/Projects/Vivado/mb_axi_gpio/design_1_wrapper.xsa
startgroup
create_bd_cell -type ip -vlnv xilinx.com:ip:axi_uartlite:2.0 axi_uartlite_0
endgroup
apply_bd_automation -rule xilinx.com:bd_rule:axi4 -config { Clk_master {/clk_wiz_1/clk_out1 (100 MHz)} Clk_slave {Auto} Clk_xbar {/clk_wiz_1/clk_out1 (100 MHz)} Master {/microblaze_0 (Periph)} Slave {/axi_uartlite_0/S_AXI} ddr_seg {Auto} intc_ip {/axi_smc} master_apm {0}}  [get_bd_intf_pins axi_uartlite_0/S_AXI]
Slave segment '/axi_uartlite_0/S_AXI/Reg' is being assigned into address space '/microblaze_0/Data' at <0x4060_0000 [ 64K ]>.
regenerate_bd_layout
startgroup
make_bd_pins_external  [get_bd_pins axi_uartlite_0/rx]
WARNING: [BD 41-1306] The connection to interface pin </axi_uartlite_0/rx> is being overridden by the user with net <rx_0_1>. This pin will not be connected as a part of interface connection <UART>, and might not recreate the connectivity as expected using the writ_bd_tcl command.
endgroup
set_property name uart_rx [get_bd_ports rx_0]
startgroup
make_bd_pins_external  [get_bd_pins axi_uartlite_0/tx]
WARNING: [BD 41-1306] The connection to interface pin </axi_uartlite_0/tx> is being overridden by the user with net <axi_uartlite_0_tx>. This pin will not be connected as a part of interface connection <UART>, and might not recreate the connectivity as expected using the writ_bd_tcl command.
endgroup
set_property name uart_tx [get_bd_ports tx_0]
regenerate_bd_layout
validate_bd_design
INFO: [BD 5-943] Reserving offset range <0x4000_0000 [ 64K ]> from slave interface '/axi_smc/S00_AXI' to master interface '/axi_smc/M00_AXI'. This will be used by smartconnect on path for routing.
INFO: [BD 5-943] Reserving offset range <0x4060_0000 [ 64K ]> from slave interface '/axi_smc/S00_AXI' to master interface '/axi_smc/M01_AXI'. This will be used by smartconnect on path for routing.
INFO: [xilinx.com:ip:smartconnect:1.0-1] design_1_axi_smc_0: SmartConnect design_1_axi_smc_0 is in Low-Area Mode.
WARNING: [filemgmt 56-443] The ECC Algorithm string is empty. Setting the Memory Map to default ECC value to ECC_NONE.
INFO: [xilinx.com:ip:microblaze:11.0-9] /microblaze_0: Setting C_BASE_VECTORS to 0x00000000.
INFO: [xilinx.com:ip:clk_wiz:6.0-1] /clk_wiz_1 clk_wiz propagate
validate_bd_design: Time (s): cpu = 00:00:06 ; elapsed = 00:00:06 . Memory (MB): peak = 8434.816 ; gain = 0.000 ; free physical = 1681 ; free virtual = 10273
save_bd_design
Wrote  : </home/carbon/kambadur/Projects/Vivado/mb_axi_gpio/mb_axi_gpio.srcs/sources_1/bd/design_1/design_1.bd> 
Wrote  : </home/carbon/kambadur/Projects/Vivado/mb_axi_gpio/mb_axi_gpio.srcs/sources_1/bd/design_1/ui/bd_1f5defd0.ui> 
reset_run synth_1
INFO: [Project 1-1160] Copying file /home/carbon/kambadur/Projects/Vivado/mb_axi_gpio/mb_axi_gpio.runs/synth_1/design_1_wrapper.dcp to /home/carbon/kambadur/Projects/Vivado/mb_axi_gpio/mb_axi_gpio.srcs/utils_1/imports/synth_1 and adding it to utils fileset
reset_run design_1_axi_smc_0_synth_1
launch_runs impl_1 -to_step write_bitstream -jobs 2
INFO: [BD 41-1662] The design 'design_1.bd' is already validated. Therefore parameter propagation will not be re-run.
WARNING: [filemgmt 56-443] The ECC Algorithm string is empty. Setting the Memory Map to default ECC value to ECC_NONE.
WARNING: [filemgmt 56-443] The ECC Algorithm string is empty. Setting the Memory Map to default ECC value to ECC_NONE.
Verilog Output written to : /home/carbon/kambadur/Projects/Vivado/mb_axi_gpio/mb_axi_gpio.gen/sources_1/bd/design_1/synth/design_1.v
Verilog Output written to : /home/carbon/kambadur/Projects/Vivado/mb_axi_gpio/mb_axi_gpio.gen/sources_1/bd/design_1/sim/design_1.v
Verilog Output written to : /home/carbon/kambadur/Projects/Vivado/mb_axi_gpio/mb_axi_gpio.gen/sources_1/bd/design_1/hdl/design_1_wrapper.v
Exporting to file /home/carbon/kambadur/Projects/Vivado/mb_axi_gpio/mb_axi_gpio.gen/sources_1/bd/design_1/ip/design_1_axi_smc_0/bd_0/hw_handoff/design_1_axi_smc_0.hwh
Generated Hardware Definition File /home/carbon/kambadur/Projects/Vivado/mb_axi_gpio/mb_axi_gpio.gen/sources_1/bd/design_1/ip/design_1_axi_smc_0/bd_0/synth/design_1_axi_smc_0.hwdef
INFO: [BD 41-1029] Generation completed for the IP Integrator block axi_smc .
WARNING: [IP_Flow 19-4994] Overwriting existing constraint file '/home/carbon/kambadur/Projects/Vivado/mb_axi_gpio/mb_axi_gpio.gen/sources_1/bd/design_1/ip/design_1_axi_uartlite_0_0/design_1_axi_uartlite_0_0_ooc.xdc'
INFO: [BD 41-1029] Generation completed for the IP Integrator block axi_uartlite_0 .
Exporting to file /home/carbon/kambadur/Projects/Vivado/mb_axi_gpio/mb_axi_gpio.gen/sources_1/bd/design_1/hw_handoff/design_1.hwh
Generated Hardware Definition File /home/carbon/kambadur/Projects/Vivado/mb_axi_gpio/mb_axi_gpio.gen/sources_1/bd/design_1/synth/design_1.hwdef
INFO: [IP_Flow 19-6930] IPCACHE: runCacheChecks() number of threads = 8
INFO: [IP_Flow 19-6921] IPCACHE: Adding cache check func to thread queue for IP design_1_axi_smc_0
INFO: [IP_Flow 19-6921] IPCACHE: Adding cache check func to thread queue for IP design_1_axi_uartlite_0_0
INFO: [IP_Flow 19-8020] IPCACHE: runCacheChecks() calling threadPool finishWork()
INFO: [IP_Flow 19-6924] IPCACHE: Running cache check for IP inst: design_1_axi_smc_0
INFO: [IP_Flow 19-6924] IPCACHE: Running cache check for IP inst: design_1_axi_uartlite_0_0
[Mon Jan 20 23:36:44 2025] Launched design_1_axi_smc_0_synth_1, design_1_axi_uartlite_0_0_synth_1, synth_1...
Run output will be captured here:
design_1_axi_smc_0_synth_1: /home/carbon/kambadur/Projects/Vivado/mb_axi_gpio/mb_axi_gpio.runs/design_1_axi_smc_0_synth_1/runme.log
design_1_axi_uartlite_0_0_synth_1: /home/carbon/kambadur/Projects/Vivado/mb_axi_gpio/mb_axi_gpio.runs/design_1_axi_uartlite_0_0_synth_1/runme.log
synth_1: /home/carbon/kambadur/Projects/Vivado/mb_axi_gpio/mb_axi_gpio.runs/synth_1/runme.log
[Mon Jan 20 23:36:45 2025] Launched impl_1...
Run output will be captured here: /home/carbon/kambadur/Projects/Vivado/mb_axi_gpio/mb_axi_gpio.runs/impl_1/runme.log
launch_runs: Time (s): cpu = 00:00:19 ; elapsed = 00:00:17 . Memory (MB): peak = 8499.824 ; gain = 36.008 ; free physical = 1591 ; free virtual = 10196
