#-----------------------------------------------------------
# Vivado v2024.2 (64-bit)
# SW Build 5239630 on Fri Nov 08 22:34:34 MST 2024
# IP Build 5239520 on Sun Nov 10 16:12:51 MST 2024
# SharedData Build 5239561 on Fri Nov 08 14:39:27 MST 2024
# Start of session at: Sun Jan 19 08:01:36 2025
# Process ID         : 343002
# Current directory  : /home/carbon/kambadur/Projects/Vivado/cmods7_and_axi_gpio/cmods7_and_axi_gpio.srcs/constrs_1/new
# Command line       : vivado
# Log file           : /home/carbon/kambadur/Projects/Vivado/cmods7_and_axi_gpio/cmods7_and_axi_gpio.srcs/constrs_1/new/vivado.log
# Journal file       : /home/carbon/kambadur/Projects/Vivado/cmods7_and_axi_gpio/cmods7_and_axi_gpio.srcs/constrs_1/new/vivado.jou
# Running On         : carbon
# Platform           : Ubuntu
# Operating System   : Ubuntu 24.04.1 LTS
# Processor Detail   : Intel(R) Core(TM) i5-4210M CPU @ 2.60GHz
# CPU Frequency      : 3164.427 MHz
# CPU Physical cores : 2
# CPU Logical cores  : 4
# Host memory        : 16444 MB
# Swap memory        : 4294 MB
# Total Virtual      : 20739 MB
# Available Virtual  : 13737 MB
#-----------------------------------------------------------
start_gui
open_project /home/carbon/kambadur/Projects/Vivado/mb_axi_gpio/mb_axi_gpio.xpr
Scanning sources...
Finished scanning sources
INFO: [IP_Flow 19-234] Refreshing IP repositories
INFO: [IP_Flow 19-1704] No user IP repositories specified
INFO: [IP_Flow 19-2313] Loaded Vivado IP repository '/tools/Xilinx/Vivado/2024.2/data/ip'.
INFO: [Project 1-5579] Found utility IPs instantiated in one or more block designs which have equivalent inline hdl with improved performance and reduced diskspace. It is recommended to migrate these utility IPs to inline hdl using the command upgrade_project -migrate_to_inline_hdl. The utility IPs may be deprecated in future releases. More information on inline hdl is available in UG994.
open_project: Time (s): cpu = 00:00:22 ; elapsed = 00:00:11 . Memory (MB): peak = 7979.684 ; gain = 514.578 ; free physical = 4460 ; free virtual = 12015
update_compile_order -fileset sources_1
reset_run synth_1
reset_run design_1_mdm_1_0_synth_1
WARNING: [Vivado 12-1017] Problems encountered:
1. Attempt to kill process failed

launch_runs impl_1 -to_step write_bitstream -jobs 2
[Sun Jan 19 08:05:21 2025] Launched design_1_mdm_1_0_synth_1, synth_1...
Run output will be captured here:
design_1_mdm_1_0_synth_1: /home/carbon/kambadur/Projects/Vivado/mb_axi_gpio/mb_axi_gpio.runs/design_1_mdm_1_0_synth_1/runme.log
synth_1: /home/carbon/kambadur/Projects/Vivado/mb_axi_gpio/mb_axi_gpio.runs/synth_1/runme.log
[Sun Jan 19 08:05:22 2025] Launched impl_1...
Run output will be captured here: /home/carbon/kambadur/Projects/Vivado/mb_axi_gpio/mb_axi_gpio.runs/impl_1/runme.log
