#-----------------------------------------------------------
# Vivado v2024.2 (64-bit)
# SW Build 5239630 on Fri Nov 08 22:34:34 MST 2024
# IP Build 5239520 on Sun Nov 10 16:12:51 MST 2024
# SharedData Build 5239561 on Fri Nov 08 14:39:27 MST 2024
# Start of session at: Sun Jan 19 07:50:19 2025
# Process ID         : 338787
# Current directory  : /home/carbon/kambadur/Projects/Vivado/cmods7_and_axi_gpio/cmods7_and_axi_gpio.srcs/constrs_1/new
# Command line       : vivado
# Log file           : /home/carbon/kambadur/Projects/Vivado/cmods7_and_axi_gpio/cmods7_and_axi_gpio.srcs/constrs_1/new/vivado.log
# Journal file       : /home/carbon/kambadur/Projects/Vivado/cmods7_and_axi_gpio/cmods7_and_axi_gpio.srcs/constrs_1/new/vivado.jou
# Running On         : carbon
# Platform           : Ubuntu
# Operating System   : Ubuntu 24.04.1 LTS
# Processor Detail   : Intel(R) Core(TM) i5-4210M CPU @ 2.60GHz
# CPU Frequency      : 3091.491 MHz
# CPU Physical cores : 2
# CPU Logical cores  : 4
# Host memory        : 16444 MB
# Swap memory        : 4294 MB
# Total Virtual      : 20739 MB
# Available Virtual  : 13922 MB
#-----------------------------------------------------------
start_gui
open_project /home/carbon/kambadur/Projects/Vivado/mb_axi_gpio/mb_axi_gpio.xpr
Scanning sources...
Finished scanning sources
INFO: [IP_Flow 19-234] Refreshing IP repositories
INFO: [IP_Flow 19-1704] No user IP repositories specified
INFO: [IP_Flow 19-2313] Loaded Vivado IP repository '/tools/Xilinx/Vivado/2024.2/data/ip'.
WARNING: [IP_Flow 19-3664] IP 'design_1_microblaze_0_0' generated file not found '/home/carbon/kambadur/Projects/Vivado/mb_axi_gpio/mb_axi_gpio.gen/sources_1/bd/design_1/ip/design_1_microblaze_0_0/design_1_microblaze_0_0.dcp'. Please regenerate to continue.
WARNING: [IP_Flow 19-3664] IP 'design_1_microblaze_0_0' generated file not found '/home/carbon/kambadur/Projects/Vivado/mb_axi_gpio/mb_axi_gpio.gen/sources_1/bd/design_1/ip/design_1_microblaze_0_0/design_1_microblaze_0_0_stub.v'. Please regenerate to continue.
WARNING: [IP_Flow 19-3664] IP 'design_1_microblaze_0_0' generated file not found '/home/carbon/kambadur/Projects/Vivado/mb_axi_gpio/mb_axi_gpio.gen/sources_1/bd/design_1/ip/design_1_microblaze_0_0/design_1_microblaze_0_0_stub.vhdl'. Please regenerate to continue.
WARNING: [IP_Flow 19-3664] IP 'design_1_microblaze_0_0' generated file not found '/home/carbon/kambadur/Projects/Vivado/mb_axi_gpio/mb_axi_gpio.gen/sources_1/bd/design_1/ip/design_1_microblaze_0_0/design_1_microblaze_0_0_sim_netlist.v'. Please regenerate to continue.
WARNING: [IP_Flow 19-3664] IP 'design_1_microblaze_0_0' generated file not found '/home/carbon/kambadur/Projects/Vivado/mb_axi_gpio/mb_axi_gpio.gen/sources_1/bd/design_1/ip/design_1_microblaze_0_0/design_1_microblaze_0_0_sim_netlist.vhdl'. Please regenerate to continue.
WARNING: [IP_Flow 19-3664] IP 'design_1_dlmb_bram_if_cntlr_0' generated file not found '/home/carbon/kambadur/Projects/Vivado/mb_axi_gpio/mb_axi_gpio.gen/sources_1/bd/design_1/ip/design_1_dlmb_bram_if_cntlr_0/design_1_dlmb_bram_if_cntlr_0.dcp'. Please regenerate to continue.
WARNING: [IP_Flow 19-3664] IP 'design_1_dlmb_bram_if_cntlr_0' generated file not found '/home/carbon/kambadur/Projects/Vivado/mb_axi_gpio/mb_axi_gpio.gen/sources_1/bd/design_1/ip/design_1_dlmb_bram_if_cntlr_0/design_1_dlmb_bram_if_cntlr_0_stub.v'. Please regenerate to continue.
WARNING: [IP_Flow 19-3664] IP 'design_1_dlmb_bram_if_cntlr_0' generated file not found '/home/carbon/kambadur/Projects/Vivado/mb_axi_gpio/mb_axi_gpio.gen/sources_1/bd/design_1/ip/design_1_dlmb_bram_if_cntlr_0/design_1_dlmb_bram_if_cntlr_0_stub.vhdl'. Please regenerate to continue.
WARNING: [IP_Flow 19-3664] IP 'design_1_dlmb_bram_if_cntlr_0' generated file not found '/home/carbon/kambadur/Projects/Vivado/mb_axi_gpio/mb_axi_gpio.gen/sources_1/bd/design_1/ip/design_1_dlmb_bram_if_cntlr_0/design_1_dlmb_bram_if_cntlr_0_sim_netlist.v'. Please regenerate to continue.
WARNING: [IP_Flow 19-3664] IP 'design_1_dlmb_bram_if_cntlr_0' generated file not found '/home/carbon/kambadur/Projects/Vivado/mb_axi_gpio/mb_axi_gpio.gen/sources_1/bd/design_1/ip/design_1_dlmb_bram_if_cntlr_0/design_1_dlmb_bram_if_cntlr_0_sim_netlist.vhdl'. Please regenerate to continue.
WARNING: [IP_Flow 19-3664] IP 'design_1_clk_wiz_1_0' generated file not found '/home/carbon/kambadur/Projects/Vivado/mb_axi_gpio/mb_axi_gpio.gen/sources_1/bd/design_1/ip/design_1_clk_wiz_1_0/design_1_clk_wiz_1_0.dcp'. Please regenerate to continue.
WARNING: [IP_Flow 19-3664] IP 'design_1_clk_wiz_1_0' generated file not found '/home/carbon/kambadur/Projects/Vivado/mb_axi_gpio/mb_axi_gpio.gen/sources_1/bd/design_1/ip/design_1_clk_wiz_1_0/design_1_clk_wiz_1_0_stub.v'. Please regenerate to continue.
WARNING: [IP_Flow 19-3664] IP 'design_1_clk_wiz_1_0' generated file not found '/home/carbon/kambadur/Projects/Vivado/mb_axi_gpio/mb_axi_gpio.gen/sources_1/bd/design_1/ip/design_1_clk_wiz_1_0/design_1_clk_wiz_1_0_stub.vhdl'. Please regenerate to continue.
WARNING: [IP_Flow 19-3664] IP 'design_1_clk_wiz_1_0' generated file not found '/home/carbon/kambadur/Projects/Vivado/mb_axi_gpio/mb_axi_gpio.gen/sources_1/bd/design_1/ip/design_1_clk_wiz_1_0/design_1_clk_wiz_1_0_sim_netlist.v'. Please regenerate to continue.
WARNING: [IP_Flow 19-3664] IP 'design_1_clk_wiz_1_0' generated file not found '/home/carbon/kambadur/Projects/Vivado/mb_axi_gpio/mb_axi_gpio.gen/sources_1/bd/design_1/ip/design_1_clk_wiz_1_0/design_1_clk_wiz_1_0_sim_netlist.vhdl'. Please regenerate to continue.
WARNING: [IP_Flow 19-3664] IP 'design_1_rst_clk_wiz_1_100M_0' generated file not found '/home/carbon/kambadur/Projects/Vivado/mb_axi_gpio/mb_axi_gpio.gen/sources_1/bd/design_1/ip/design_1_rst_clk_wiz_1_100M_0/design_1_rst_clk_wiz_1_100M_0.dcp'. Please regenerate to continue.
WARNING: [IP_Flow 19-3664] IP 'design_1_rst_clk_wiz_1_100M_0' generated file not found '/home/carbon/kambadur/Projects/Vivado/mb_axi_gpio/mb_axi_gpio.gen/sources_1/bd/design_1/ip/design_1_rst_clk_wiz_1_100M_0/design_1_rst_clk_wiz_1_100M_0_stub.v'. Please regenerate to continue.
WARNING: [IP_Flow 19-3664] IP 'design_1_rst_clk_wiz_1_100M_0' generated file not found '/home/carbon/kambadur/Projects/Vivado/mb_axi_gpio/mb_axi_gpio.gen/sources_1/bd/design_1/ip/design_1_rst_clk_wiz_1_100M_0/design_1_rst_clk_wiz_1_100M_0_stub.vhdl'. Please regenerate to continue.
WARNING: [IP_Flow 19-3664] IP 'design_1_rst_clk_wiz_1_100M_0' generated file not found '/home/carbon/kambadur/Projects/Vivado/mb_axi_gpio/mb_axi_gpio.gen/sources_1/bd/design_1/ip/design_1_rst_clk_wiz_1_100M_0/design_1_rst_clk_wiz_1_100M_0_sim_netlist.v'. Please regenerate to continue.
WARNING: [IP_Flow 19-3664] IP 'design_1_rst_clk_wiz_1_100M_0' generated file not found '/home/carbon/kambadur/Projects/Vivado/mb_axi_gpio/mb_axi_gpio.gen/sources_1/bd/design_1/ip/design_1_rst_clk_wiz_1_100M_0/design_1_rst_clk_wiz_1_100M_0_sim_netlist.vhdl'. Please regenerate to continue.
WARNING: [IP_Flow 19-3664] IP 'design_1_axi_gpio_0_0' generated file not found '/home/carbon/kambadur/Projects/Vivado/mb_axi_gpio/mb_axi_gpio.gen/sources_1/bd/design_1/ip/design_1_axi_gpio_0_0/design_1_axi_gpio_0_0.dcp'. Please regenerate to continue.
WARNING: [IP_Flow 19-3664] IP 'design_1_axi_gpio_0_0' generated file not found '/home/carbon/kambadur/Projects/Vivado/mb_axi_gpio/mb_axi_gpio.gen/sources_1/bd/design_1/ip/design_1_axi_gpio_0_0/design_1_axi_gpio_0_0_stub.v'. Please regenerate to continue.
WARNING: [IP_Flow 19-3664] IP 'design_1_axi_gpio_0_0' generated file not found '/home/carbon/kambadur/Projects/Vivado/mb_axi_gpio/mb_axi_gpio.gen/sources_1/bd/design_1/ip/design_1_axi_gpio_0_0/design_1_axi_gpio_0_0_stub.vhdl'. Please regenerate to continue.
WARNING: [IP_Flow 19-3664] IP 'design_1_axi_gpio_0_0' generated file not found '/home/carbon/kambadur/Projects/Vivado/mb_axi_gpio/mb_axi_gpio.gen/sources_1/bd/design_1/ip/design_1_axi_gpio_0_0/design_1_axi_gpio_0_0_sim_netlist.v'. Please regenerate to continue.
WARNING: [IP_Flow 19-3664] IP 'design_1_axi_gpio_0_0' generated file not found '/home/carbon/kambadur/Projects/Vivado/mb_axi_gpio/mb_axi_gpio.gen/sources_1/bd/design_1/ip/design_1_axi_gpio_0_0/design_1_axi_gpio_0_0_sim_netlist.vhdl'. Please regenerate to continue.
WARNING: [IP_Flow 19-3664] IP 'design_1_axi_smc_0' generated file not found '/home/carbon/kambadur/Projects/Vivado/mb_axi_gpio/mb_axi_gpio.gen/sources_1/bd/design_1/ip/design_1_axi_smc_0/design_1_axi_smc_0.dcp'. Please regenerate to continue.
WARNING: [IP_Flow 19-3664] IP 'design_1_axi_smc_0' generated file not found '/home/carbon/kambadur/Projects/Vivado/mb_axi_gpio/mb_axi_gpio.gen/sources_1/bd/design_1/ip/design_1_axi_smc_0/design_1_axi_smc_0_stub.v'. Please regenerate to continue.
WARNING: [IP_Flow 19-3664] IP 'design_1_axi_smc_0' generated file not found '/home/carbon/kambadur/Projects/Vivado/mb_axi_gpio/mb_axi_gpio.gen/sources_1/bd/design_1/ip/design_1_axi_smc_0/design_1_axi_smc_0_stub.vhdl'. Please regenerate to continue.
WARNING: [IP_Flow 19-3664] IP 'design_1_axi_smc_0' generated file not found '/home/carbon/kambadur/Projects/Vivado/mb_axi_gpio/mb_axi_gpio.gen/sources_1/bd/design_1/ip/design_1_axi_smc_0/design_1_axi_smc_0_sim_netlist.v'. Please regenerate to continue.
WARNING: [IP_Flow 19-3664] IP 'design_1_axi_smc_0' generated file not found '/home/carbon/kambadur/Projects/Vivado/mb_axi_gpio/mb_axi_gpio.gen/sources_1/bd/design_1/ip/design_1_axi_smc_0/design_1_axi_smc_0_sim_netlist.vhdl'. Please regenerate to continue.
INFO: [Project 1-5579] Found utility IPs instantiated in one or more block designs which have equivalent inline hdl with improved performance and reduced diskspace. It is recommended to migrate these utility IPs to inline hdl using the command upgrade_project -migrate_to_inline_hdl. The utility IPs may be deprecated in future releases. More information on inline hdl is available in UG994.
open_project: Time (s): cpu = 00:00:17 ; elapsed = 00:00:08 . Memory (MB): peak = 7954.508 ; gain = 500.969 ; free physical = 5179 ; free virtual = 12646
update_compile_order -fileset sources_1
reset_run synth_1
launch_runs impl_1 -to_step write_bitstream -jobs 2
INFO: [IP_Flow 19-6930] IPCACHE: runCacheChecks() number of threads = 8
INFO: [IP_Flow 19-6921] IPCACHE: Adding cache check func to thread queue for IP design_1_axi_gpio_0_0
INFO: [IP_Flow 19-6921] IPCACHE: Adding cache check func to thread queue for IP design_1_axi_smc_0
INFO: [IP_Flow 19-6921] IPCACHE: Adding cache check func to thread queue for IP design_1_clk_wiz_1_0
INFO: [IP_Flow 19-6921] IPCACHE: Adding cache check func to thread queue for IP design_1_dlmb_bram_if_cntlr_0
INFO: [IP_Flow 19-6921] IPCACHE: Adding cache check func to thread queue for IP design_1_microblaze_0_0
INFO: [IP_Flow 19-6921] IPCACHE: Adding cache check func to thread queue for IP design_1_rst_clk_wiz_1_100M_0
INFO: [IP_Flow 19-8020] IPCACHE: runCacheChecks() calling threadPool finishWork()
INFO: [IP_Flow 19-6924] IPCACHE: Running cache check for IP inst: design_1_axi_gpio_0_0
INFO: [IP_Flow 19-6924] IPCACHE: Running cache check for IP inst: design_1_axi_smc_0
INFO: [IP_Flow 19-6924] IPCACHE: Running cache check for IP inst: design_1_clk_wiz_1_0
INFO: [IP_Flow 19-6924] IPCACHE: Running cache check for IP inst: design_1_dlmb_bram_if_cntlr_0
INFO: [IP_Flow 19-6924] IPCACHE: Running cache check for IP inst: design_1_microblaze_0_0
INFO: [IP_Flow 19-6924] IPCACHE: Running cache check for IP inst: design_1_rst_clk_wiz_1_100M_0
[Sun Jan 19 07:51:52 2025] Launched design_1_mdm_1_0_synth_1, design_1_rst_clk_wiz_1_100M_0_synth_1, design_1_axi_gpio_0_0_synth_1, design_1_microblaze_0_0_synth_1, design_1_axi_smc_0_synth_1, design_1_clk_wiz_1_0_synth_1, design_1_dlmb_bram_if_cntlr_0_synth_1, synth_1...
Run output will be captured here:
design_1_mdm_1_0_synth_1: /home/carbon/kambadur/Projects/Vivado/mb_axi_gpio/mb_axi_gpio.runs/design_1_mdm_1_0_synth_1/runme.log
design_1_rst_clk_wiz_1_100M_0_synth_1: /home/carbon/kambadur/Projects/Vivado/mb_axi_gpio/mb_axi_gpio.runs/design_1_rst_clk_wiz_1_100M_0_synth_1/runme.log
design_1_axi_gpio_0_0_synth_1: /home/carbon/kambadur/Projects/Vivado/mb_axi_gpio/mb_axi_gpio.runs/design_1_axi_gpio_0_0_synth_1/runme.log
design_1_microblaze_0_0_synth_1: /home/carbon/kambadur/Projects/Vivado/mb_axi_gpio/mb_axi_gpio.runs/design_1_microblaze_0_0_synth_1/runme.log
design_1_axi_smc_0_synth_1: /home/carbon/kambadur/Projects/Vivado/mb_axi_gpio/mb_axi_gpio.runs/design_1_axi_smc_0_synth_1/runme.log
design_1_clk_wiz_1_0_synth_1: /home/carbon/kambadur/Projects/Vivado/mb_axi_gpio/mb_axi_gpio.runs/design_1_clk_wiz_1_0_synth_1/runme.log
design_1_dlmb_bram_if_cntlr_0_synth_1: /home/carbon/kambadur/Projects/Vivado/mb_axi_gpio/mb_axi_gpio.runs/design_1_dlmb_bram_if_cntlr_0_synth_1/runme.log
synth_1: /home/carbon/kambadur/Projects/Vivado/mb_axi_gpio/mb_axi_gpio.runs/synth_1/runme.log
[Sun Jan 19 07:51:54 2025] Launched impl_1...
Run output will be captured here: /home/carbon/kambadur/Projects/Vivado/mb_axi_gpio/mb_axi_gpio.runs/impl_1/runme.log
launch_runs: Time (s): cpu = 00:00:12 ; elapsed = 00:00:05 . Memory (MB): peak = 8234.633 ; gain = 0.000 ; free physical = 5113 ; free virtual = 12583
