
*** Running vivado
    with args -log top.vdi -applog -m64 -product Vivado -messageDb vivado.pb -mode batch -source top.tcl -notrace


****** Vivado v2024.2 (64-bit)
  **** SW Build 5239630 on Fri Nov 08 22:34:34 MST 2024
  **** IP Build 5239520 on Sun Nov 10 16:12:51 MST 2024
  **** SharedData Build 5239561 on Fri Nov 08 14:39:27 MST 2024
  **** Start of session at: Fri Jan 17 17:31:16 2025
    ** Copyright 1986-2022 Xilinx, Inc. All Rights Reserved.
    ** Copyright 2022-2024 Advanced Micro Devices, Inc. All Rights Reserved.

source top.tcl -notrace
Command: link_design -top top -part xc7z020clg484-1
Design is defaulting to srcset: sources_1
Design is defaulting to constrset: constrs_1
INFO: [Device 21-403] Loading part xc7z020clg484-1
Netlist sorting complete. Time (s): cpu = 00:00:00 ; elapsed = 00:00:00 . Memory (MB): peak = 1516.617 ; gain = 0.000 ; free physical = 1236 ; free virtual = 11104
INFO: [Project 1-479] Netlist was created with Vivado 2024.2
INFO: [Project 1-570] Preparing netlist for logic optimization
Parsing XDC File [/home/carbon/kambadur/Projects/Vivado/zed_and__axi_gpio/zed_and__axi_gpio.srcs/constrs_1/new/zedboard.xdc]
WARNING: [Vivado 12-584] No ports matched 'LD0'. [/home/carbon/kambadur/Projects/Vivado/zed_and__axi_gpio/zed_and__axi_gpio.srcs/constrs_1/new/zedboard.xdc:175]
CRITICAL WARNING: [Common 17-55] 'set_property' expects at least one object. [/home/carbon/kambadur/Projects/Vivado/zed_and__axi_gpio/zed_and__axi_gpio.srcs/constrs_1/new/zedboard.xdc:175]
Resolution: If [get_<value>] was used to populate the object, check to make sure this command returns at least one valid object.
WARNING: [Vivado 12-584] No ports matched 'BTNR'. [/home/carbon/kambadur/Projects/Vivado/zed_and__axi_gpio/zed_and__axi_gpio.srcs/constrs_1/new/zedboard.xdc:208]
CRITICAL WARNING: [Common 17-55] 'set_property' expects at least one object. [/home/carbon/kambadur/Projects/Vivado/zed_and__axi_gpio/zed_and__axi_gpio.srcs/constrs_1/new/zedboard.xdc:208]
Resolution: If [get_<value>] was used to populate the object, check to make sure this command returns at least one valid object.
WARNING: [Vivado 12-584] No ports matched 'BTNU'. [/home/carbon/kambadur/Projects/Vivado/zed_and__axi_gpio/zed_and__axi_gpio.srcs/constrs_1/new/zedboard.xdc:209]
CRITICAL WARNING: [Common 17-55] 'set_property' expects at least one object. [/home/carbon/kambadur/Projects/Vivado/zed_and__axi_gpio/zed_and__axi_gpio.srcs/constrs_1/new/zedboard.xdc:209]
Resolution: If [get_<value>] was used to populate the object, check to make sure this command returns at least one valid object.
WARNING: [Vivado 12-584] No ports matched '[get_ports -of_objects [get_iobanks 33]]'. [/home/carbon/kambadur/Projects/Vivado/zed_and__axi_gpio/zed_and__axi_gpio.srcs/constrs_1/new/zedboard.xdc:362]
CRITICAL WARNING: [Common 17-55] 'set_property' expects at least one object. [/home/carbon/kambadur/Projects/Vivado/zed_and__axi_gpio/zed_and__axi_gpio.srcs/constrs_1/new/zedboard.xdc:362]
Resolution: If [get_<value>] was used to populate the object, check to make sure this command returns at least one valid object.
WARNING: [Vivado 12-584] No ports matched '[get_ports -of_objects [get_iobanks 34]]'. [/home/carbon/kambadur/Projects/Vivado/zed_and__axi_gpio/zed_and__axi_gpio.srcs/constrs_1/new/zedboard.xdc:367]
CRITICAL WARNING: [Common 17-55] 'set_property' expects at least one object. [/home/carbon/kambadur/Projects/Vivado/zed_and__axi_gpio/zed_and__axi_gpio.srcs/constrs_1/new/zedboard.xdc:367]
Resolution: If [get_<value>] was used to populate the object, check to make sure this command returns at least one valid object.
WARNING: [Vivado 12-584] No ports matched '[get_ports -of_objects [get_iobanks 35]]'. [/home/carbon/kambadur/Projects/Vivado/zed_and__axi_gpio/zed_and__axi_gpio.srcs/constrs_1/new/zedboard.xdc:372]
CRITICAL WARNING: [Common 17-55] 'set_property' expects at least one object. [/home/carbon/kambadur/Projects/Vivado/zed_and__axi_gpio/zed_and__axi_gpio.srcs/constrs_1/new/zedboard.xdc:372]
Resolution: If [get_<value>] was used to populate the object, check to make sure this command returns at least one valid object.
WARNING: [Vivado 12-584] No ports matched '[get_ports -of_objects [get_iobanks 13]]'. [/home/carbon/kambadur/Projects/Vivado/zed_and__axi_gpio/zed_and__axi_gpio.srcs/constrs_1/new/zedboard.xdc:375]
CRITICAL WARNING: [Common 17-55] 'set_property' expects at least one object. [/home/carbon/kambadur/Projects/Vivado/zed_and__axi_gpio/zed_and__axi_gpio.srcs/constrs_1/new/zedboard.xdc:375]
Resolution: If [get_<value>] was used to populate the object, check to make sure this command returns at least one valid object.
Finished Parsing XDC File [/home/carbon/kambadur/Projects/Vivado/zed_and__axi_gpio/zed_and__axi_gpio.srcs/constrs_1/new/zedboard.xdc]
INFO: [Opt 31-138] Pushed 0 inverter(s) to 0 load pin(s).
Netlist sorting complete. Time (s): cpu = 00:00:00 ; elapsed = 00:00:00 . Memory (MB): peak = 1621.117 ; gain = 0.000 ; free physical = 1137 ; free virtual = 11005
INFO: [Project 1-111] Unisim Transformation Summary:
No Unisim elements were transformed.

5 Infos, 7 Warnings, 7 Critical Warnings and 0 Errors encountered.
link_design completed successfully
link_design: Time (s): cpu = 00:00:06 ; elapsed = 00:00:06 . Memory (MB): peak = 1625.086 ; gain = 240.164 ; free physical = 1140 ; free virtual = 11007
Command: opt_design
Attempting to get a license for feature 'Implementation' and/or device 'xc7z020'
INFO: [Common 17-349] Got license for feature 'Implementation' and/or device 'xc7z020'
Running DRC as a precondition to command opt_design

Starting DRC Task
INFO: [DRC 23-27] Running DRC with 4 threads
INFO: [Project 1-461] DRC finished with 0 Errors
INFO: [Project 1-462] Please refer to the DRC report (report_drc) for more information.

Time (s): cpu = 00:00:00.69 ; elapsed = 00:00:00.72 . Memory (MB): peak = 1702.992 ; gain = 77.906 ; free physical = 1129 ; free virtual = 10996

Starting Cache Timing Information Task
INFO: [Timing 38-35] Done setting XDC timing constraints.
Ending Cache Timing Information Task | Checksum: b827373c

Time (s): cpu = 00:00:08 ; elapsed = 00:00:08 . Memory (MB): peak = 2140.820 ; gain = 437.828 ; free physical = 718 ; free virtual = 10585

Starting Logic Optimization Task

Phase 1 Initialization

Phase 1.1 Core Generation And Design Setup
Phase 1.1 Core Generation And Design Setup | Checksum: b827373c

Time (s): cpu = 00:00:00 ; elapsed = 00:00:00 . Memory (MB): peak = 2485.711 ; gain = 0.000 ; free physical = 334 ; free virtual = 10202

Phase 1.2 Setup Constraints And Sort Netlist
Phase 1.2 Setup Constraints And Sort Netlist | Checksum: b827373c

Time (s): cpu = 00:00:00 ; elapsed = 00:00:00.01 . Memory (MB): peak = 2485.711 ; gain = 0.000 ; free physical = 334 ; free virtual = 10202
Phase 1 Initialization | Checksum: b827373c

Time (s): cpu = 00:00:00 ; elapsed = 00:00:00.01 . Memory (MB): peak = 2485.711 ; gain = 0.000 ; free physical = 334 ; free virtual = 10202

Phase 2 Timer Update And Timing Data Collection

Phase 2.1 Timer Update
Phase 2.1 Timer Update | Checksum: b827373c

Time (s): cpu = 00:00:00.01 ; elapsed = 00:00:00.01 . Memory (MB): peak = 2485.711 ; gain = 0.000 ; free physical = 334 ; free virtual = 10202

Phase 2.2 Timing Data Collection
Phase 2.2 Timing Data Collection | Checksum: b827373c

Time (s): cpu = 00:00:00.01 ; elapsed = 00:00:00.01 . Memory (MB): peak = 2485.711 ; gain = 0.000 ; free physical = 334 ; free virtual = 10202
Phase 2 Timer Update And Timing Data Collection | Checksum: b827373c

Time (s): cpu = 00:00:00.01 ; elapsed = 00:00:00.01 . Memory (MB): peak = 2485.711 ; gain = 0.000 ; free physical = 334 ; free virtual = 10202

Phase 3 Retarget
INFO: [Opt 31-1851] Number of loadless carry chains removed were: 0
INFO: [Opt 31-1834] Total Chains To Be Transformed Were: 0 AND Number of Transformed insts Created are: 0
INFO: [Opt 31-138] Pushed 0 inverter(s) to 0 load pin(s).
INFO: [Opt 31-49] Retargeted 0 cell(s).
Phase 3 Retarget | Checksum: b827373c

Time (s): cpu = 00:00:00.02 ; elapsed = 00:00:00.02 . Memory (MB): peak = 2485.711 ; gain = 0.000 ; free physical = 334 ; free virtual = 10202
Retarget | Checksum: b827373c
INFO: [Opt 31-389] Phase Retarget created 0 cells and removed 0 cells

Phase 4 Constant propagation
INFO: [Opt 31-138] Pushed 0 inverter(s) to 0 load pin(s).
Phase 4 Constant propagation | Checksum: b827373c

Time (s): cpu = 00:00:00.02 ; elapsed = 00:00:00.03 . Memory (MB): peak = 2485.711 ; gain = 0.000 ; free physical = 334 ; free virtual = 10202
Constant propagation | Checksum: b827373c
INFO: [Opt 31-389] Phase Constant propagation created 0 cells and removed 0 cells

Phase 5 Sweep
INFO: [Constraints 18-11670] Building netlist checker database with flags, 0x8
Done building netlist checker database: Time (s): cpu = 00:00:00 ; elapsed = 00:00:00 . Memory (MB): peak = 2485.711 ; gain = 0.000 ; free physical = 334 ; free virtual = 10202
Phase 5 Sweep | Checksum: b827373c

Time (s): cpu = 00:00:00.02 ; elapsed = 00:00:00.03 . Memory (MB): peak = 2485.711 ; gain = 0.000 ; free physical = 334 ; free virtual = 10202
Sweep | Checksum: b827373c
INFO: [Opt 31-389] Phase Sweep created 0 cells and removed 0 cells

Phase 6 BUFG optimization
Phase 6 BUFG optimization | Checksum: b827373c

Time (s): cpu = 00:00:00.02 ; elapsed = 00:00:00.03 . Memory (MB): peak = 2517.727 ; gain = 32.016 ; free physical = 334 ; free virtual = 10202
BUFG optimization | Checksum: b827373c
INFO: [Opt 31-662] Phase BUFG optimization created 0 cells of which 0 are BUFGs and removed 0 cells.

Phase 7 Shift Register Optimization
INFO: [Opt 31-1064] SRL Remap converted 0 SRLs to 0 registers and converted 0 registers of register chains to 0 SRLs
Phase 7 Shift Register Optimization | Checksum: b827373c

Time (s): cpu = 00:00:00.02 ; elapsed = 00:00:00.04 . Memory (MB): peak = 2517.727 ; gain = 32.016 ; free physical = 334 ; free virtual = 10202
Shift Register Optimization | Checksum: b827373c
INFO: [Opt 31-389] Phase Shift Register Optimization created 0 cells and removed 0 cells

Phase 8 Post Processing Netlist
Phase 8 Post Processing Netlist | Checksum: b827373c

Time (s): cpu = 00:00:00.03 ; elapsed = 00:00:00.04 . Memory (MB): peak = 2517.727 ; gain = 32.016 ; free physical = 334 ; free virtual = 10202
Post Processing Netlist | Checksum: b827373c
INFO: [Opt 31-389] Phase Post Processing Netlist created 0 cells and removed 0 cells

Phase 9 Finalization

Phase 9.1 Finalizing Design Cores and Updating Shapes
Phase 9.1 Finalizing Design Cores and Updating Shapes | Checksum: b827373c

Time (s): cpu = 00:00:00.03 ; elapsed = 00:00:00.04 . Memory (MB): peak = 2517.727 ; gain = 32.016 ; free physical = 334 ; free virtual = 10202

Phase 9.2 Verifying Netlist Connectivity

Starting Connectivity Check Task

Time (s): cpu = 00:00:00 ; elapsed = 00:00:00 . Memory (MB): peak = 2517.727 ; gain = 0.000 ; free physical = 334 ; free virtual = 10202
Phase 9.2 Verifying Netlist Connectivity | Checksum: b827373c

Time (s): cpu = 00:00:00.03 ; elapsed = 00:00:00.04 . Memory (MB): peak = 2517.727 ; gain = 32.016 ; free physical = 334 ; free virtual = 10202
Phase 9 Finalization | Checksum: b827373c

Time (s): cpu = 00:00:00.03 ; elapsed = 00:00:00.04 . Memory (MB): peak = 2517.727 ; gain = 32.016 ; free physical = 334 ; free virtual = 10202
Opt_design Change Summary
=========================


-------------------------------------------------------------------------------------------------------------------------
|  Phase                        |  #Cells created  |  #Cells Removed  |  #Constrained objects preventing optimizations  |
-------------------------------------------------------------------------------------------------------------------------
|  Retarget                     |               0  |               0  |                                              0  |
|  Constant propagation         |               0  |               0  |                                              0  |
|  Sweep                        |               0  |               0  |                                              0  |
|  BUFG optimization            |               0  |               0  |                                              0  |
|  Shift Register Optimization  |               0  |               0  |                                              0  |
|  Post Processing Netlist      |               0  |               0  |                                              0  |
-------------------------------------------------------------------------------------------------------------------------


Ending Logic Optimization Task | Checksum: b827373c

Time (s): cpu = 00:00:00.03 ; elapsed = 00:00:00.04 . Memory (MB): peak = 2517.727 ; gain = 32.016 ; free physical = 334 ; free virtual = 10202

Starting Power Optimization Task
INFO: [Pwropt 34-132] Skipping clock gating for clocks with a period < 2.00 ns.
Ending Power Optimization Task | Checksum: b827373c

Time (s): cpu = 00:00:00.01 ; elapsed = 00:00:00.01 . Memory (MB): peak = 2517.727 ; gain = 0.000 ; free physical = 334 ; free virtual = 10202

Starting Final Cleanup Task
Ending Final Cleanup Task | Checksum: b827373c

Time (s): cpu = 00:00:00 ; elapsed = 00:00:00 . Memory (MB): peak = 2517.727 ; gain = 0.000 ; free physical = 334 ; free virtual = 10202

Starting Netlist Obfuscation Task
Netlist sorting complete. Time (s): cpu = 00:00:00 ; elapsed = 00:00:00 . Memory (MB): peak = 2517.727 ; gain = 0.000 ; free physical = 334 ; free virtual = 10202
Ending Netlist Obfuscation Task | Checksum: b827373c

Time (s): cpu = 00:00:00 ; elapsed = 00:00:00 . Memory (MB): peak = 2517.727 ; gain = 0.000 ; free physical = 334 ; free virtual = 10202
INFO: [Common 17-83] Releasing license: Implementation
25 Infos, 7 Warnings, 7 Critical Warnings and 0 Errors encountered.
opt_design completed successfully
opt_design: Time (s): cpu = 00:00:12 ; elapsed = 00:00:12 . Memory (MB): peak = 2517.727 ; gain = 892.641 ; free physical = 334 ; free virtual = 10202
INFO: [Vivado 12-24828] Executing command : report_drc -file top_drc_opted.rpt -pb top_drc_opted.pb -rpx top_drc_opted.rpx
Command: report_drc -file top_drc_opted.rpt -pb top_drc_opted.pb -rpx top_drc_opted.rpx
INFO: [IP_Flow 19-234] Refreshing IP repositories
INFO: [IP_Flow 19-1704] No user IP repositories specified
INFO: [IP_Flow 19-2313] Loaded Vivado IP repository '/tools/Xilinx/Vivado/2024.2/data/ip'.
INFO: [DRC 23-27] Running DRC with 4 threads
INFO: [Vivado_Tcl 2-168] The results of DRC are in file /home/carbon/kambadur/Projects/Vivado/zed_and__axi_gpio/zed_and__axi_gpio.runs/impl_1/top_drc_opted.rpt.
report_drc completed successfully
INFO: [Timing 38-480] Writing timing data to binary archive.
Write ShapeDB Complete: Time (s): cpu = 00:00:00 ; elapsed = 00:00:00 . Memory (MB): peak = 2534.570 ; gain = 0.000 ; free physical = 306 ; free virtual = 10174
INFO: [Common 17-1381] The checkpoint '/home/carbon/kambadur/Projects/Vivado/zed_and__axi_gpio/zed_and__axi_gpio.runs/impl_1/top_opt.dcp' has been generated.
Command: place_design
Attempting to get a license for feature 'Implementation' and/or device 'xc7z020'
INFO: [Common 17-349] Got license for feature 'Implementation' and/or device 'xc7z020'
INFO: [Common 17-83] Releasing license: Implementation
INFO: [DRC 23-27] Running DRC with 4 threads
INFO: [Vivado_Tcl 4-198] DRC finished with 0 Errors
INFO: [Vivado_Tcl 4-199] Please refer to the DRC report (report_drc) for more information.
Running DRC as a precondition to command place_design
INFO: [DRC 23-27] Running DRC with 4 threads
INFO: [Vivado_Tcl 4-198] DRC finished with 0 Errors
INFO: [Vivado_Tcl 4-199] Please refer to the DRC report (report_drc) for more information.
INFO: [Place 30-611] Multithreading enabled for place_design using a maximum of 8 CPUs

Starting Placer Task

Phase 1 Placer Initialization

Phase 1.1 Placer Initialization Netlist Sorting
Netlist sorting complete. Time (s): cpu = 00:00:00 ; elapsed = 00:00:00 . Memory (MB): peak = 2562.551 ; gain = 0.000 ; free physical = 307 ; free virtual = 10175
Phase 1.1 Placer Initialization Netlist Sorting | Checksum: 78412148

Time (s): cpu = 00:00:00.01 ; elapsed = 00:00:00 . Memory (MB): peak = 2562.551 ; gain = 0.000 ; free physical = 307 ; free virtual = 10175
Netlist sorting complete. Time (s): cpu = 00:00:00 ; elapsed = 00:00:00 . Memory (MB): peak = 2562.551 ; gain = 0.000 ; free physical = 307 ; free virtual = 10175

Phase 1.2 IO Placement/ Clock Placement/ Build Placer Device
INFO: [Timing 38-35] Done setting XDC timing constraints.
Phase 1.2 IO Placement/ Clock Placement/ Build Placer Device | Checksum: ae438ca2

Time (s): cpu = 00:00:00.15 ; elapsed = 00:00:00.11 . Memory (MB): peak = 2594.566 ; gain = 32.016 ; free physical = 307 ; free virtual = 10175

Phase 1.3 Build Placer Netlist Model
Phase 1.3 Build Placer Netlist Model | Checksum: 12dc6f229

Time (s): cpu = 00:00:00.19 ; elapsed = 00:00:00.15 . Memory (MB): peak = 2594.566 ; gain = 32.016 ; free physical = 307 ; free virtual = 10175

Phase 1.4 Constrain Clocks/Macros
Phase 1.4 Constrain Clocks/Macros | Checksum: 12dc6f229

Time (s): cpu = 00:00:00.2 ; elapsed = 00:00:00.15 . Memory (MB): peak = 2594.566 ; gain = 32.016 ; free physical = 307 ; free virtual = 10175
Phase 1 Placer Initialization | Checksum: 12dc6f229

Time (s): cpu = 00:00:00.2 ; elapsed = 00:00:00.16 . Memory (MB): peak = 2594.566 ; gain = 32.016 ; free physical = 307 ; free virtual = 10175

Phase 2 Global Placement

Phase 2.1 Floorplanning
Phase 2.1 Floorplanning | Checksum: 12dc6f229

Time (s): cpu = 00:00:00.21 ; elapsed = 00:00:00.16 . Memory (MB): peak = 2594.566 ; gain = 32.016 ; free physical = 307 ; free virtual = 10175

Phase 2.2 Update Timing before SLR Path Opt
Phase 2.2 Update Timing before SLR Path Opt | Checksum: 12dc6f229

Time (s): cpu = 00:00:00.21 ; elapsed = 00:00:00.16 . Memory (MB): peak = 2594.566 ; gain = 32.016 ; free physical = 307 ; free virtual = 10175

Phase 2.3 Post-Processing in Floorplanning
Phase 2.3 Post-Processing in Floorplanning | Checksum: 12dc6f229

Time (s): cpu = 00:00:00.21 ; elapsed = 00:00:00.16 . Memory (MB): peak = 2594.566 ; gain = 32.016 ; free physical = 307 ; free virtual = 10175

Phase 2.4 Global Place Phase1
Phase 2.4 Global Place Phase1 | Checksum: f72b37d2

Time (s): cpu = 00:00:00.37 ; elapsed = 00:00:00.33 . Memory (MB): peak = 2618.578 ; gain = 56.027 ; free physical = 295 ; free virtual = 10163

Phase 2.5 Global Place Phase2
WARNING: [Place 46-29] Timing had been disabled during Placer and, therefore, physical synthesis in Placer will be skipped.
Phase 2.5 Global Place Phase2 | Checksum: b3ee0936

Time (s): cpu = 00:00:00.45 ; elapsed = 00:00:00.4 . Memory (MB): peak = 2618.578 ; gain = 56.027 ; free physical = 295 ; free virtual = 10163
Phase 2 Global Placement | Checksum: b3ee0936

Time (s): cpu = 00:00:00.45 ; elapsed = 00:00:00.4 . Memory (MB): peak = 2618.578 ; gain = 56.027 ; free physical = 295 ; free virtual = 10163

Phase 3 Detail Placement

Phase 3.1 Commit Multi Column Macros
Phase 3.1 Commit Multi Column Macros | Checksum: b3ee0936

Time (s): cpu = 00:00:00.46 ; elapsed = 00:00:00.41 . Memory (MB): peak = 2618.578 ; gain = 56.027 ; free physical = 295 ; free virtual = 10163

Phase 3.2 Commit Most Macros & LUTRAMs
Phase 3.2 Commit Most Macros & LUTRAMs | Checksum: f2cb7929

Time (s): cpu = 00:00:00.47 ; elapsed = 00:00:00.42 . Memory (MB): peak = 2618.578 ; gain = 56.027 ; free physical = 295 ; free virtual = 10163

Phase 3.3 Area Swap Optimization
Phase 3.3 Area Swap Optimization | Checksum: 18c7cf526

Time (s): cpu = 00:00:00.48 ; elapsed = 00:00:00.42 . Memory (MB): peak = 2618.578 ; gain = 56.027 ; free physical = 295 ; free virtual = 10163

Phase 3.4 Pipeline Register Optimization
Phase 3.4 Pipeline Register Optimization | Checksum: 18c7cf526

Time (s): cpu = 00:00:00.48 ; elapsed = 00:00:00.43 . Memory (MB): peak = 2618.578 ; gain = 56.027 ; free physical = 295 ; free virtual = 10163

Phase 3.5 Small Shape Detail Placement
Phase 3.5 Small Shape Detail Placement | Checksum: 14b1aabc1

Time (s): cpu = 00:00:01 ; elapsed = 00:00:01 . Memory (MB): peak = 2626.582 ; gain = 64.031 ; free physical = 298 ; free virtual = 10166

Phase 3.6 Re-assign LUT pins
Phase 3.6 Re-assign LUT pins | Checksum: 14b1aabc1

Time (s): cpu = 00:00:01 ; elapsed = 00:00:01 . Memory (MB): peak = 2626.582 ; gain = 64.031 ; free physical = 298 ; free virtual = 10166

Phase 3.7 Pipeline Register Optimization
Phase 3.7 Pipeline Register Optimization | Checksum: 14b1aabc1

Time (s): cpu = 00:00:01 ; elapsed = 00:00:01 . Memory (MB): peak = 2626.582 ; gain = 64.031 ; free physical = 298 ; free virtual = 10166
Phase 3 Detail Placement | Checksum: 14b1aabc1

Time (s): cpu = 00:00:01 ; elapsed = 00:00:01 . Memory (MB): peak = 2626.582 ; gain = 64.031 ; free physical = 298 ; free virtual = 10166

Phase 4 Post Placement Optimization and Clean-Up

Phase 4.1 Post Commit Optimization
Phase 4.1 Post Commit Optimization | Checksum: 14b1aabc1

Time (s): cpu = 00:00:01 ; elapsed = 00:00:01 . Memory (MB): peak = 2626.582 ; gain = 64.031 ; free physical = 298 ; free virtual = 10166

Phase 4.2 Post Placement Cleanup
Phase 4.2 Post Placement Cleanup | Checksum: 14b1aabc1

Time (s): cpu = 00:00:01 ; elapsed = 00:00:01 . Memory (MB): peak = 2626.582 ; gain = 64.031 ; free physical = 298 ; free virtual = 10166

Phase 4.3 Placer Reporting

Phase 4.3.1 Print Estimated Congestion
INFO: [Place 30-612] Post-Placement Estimated Congestion 
 ____________________________________________________
|           | Global Congestion | Short Congestion  |
| Direction | Region Size       | Region Size       |
|___________|___________________|___________________|
|      North|                1x1|                1x1|
|___________|___________________|___________________|
|      South|                1x1|                1x1|
|___________|___________________|___________________|
|       East|                1x1|                1x1|
|___________|___________________|___________________|
|       West|                1x1|                1x1|
|___________|___________________|___________________|

Phase 4.3.1 Print Estimated Congestion | Checksum: 14b1aabc1

Time (s): cpu = 00:00:01 ; elapsed = 00:00:01 . Memory (MB): peak = 2626.582 ; gain = 64.031 ; free physical = 298 ; free virtual = 10166
Phase 4.3 Placer Reporting | Checksum: 14b1aabc1

Time (s): cpu = 00:00:01 ; elapsed = 00:00:01 . Memory (MB): peak = 2626.582 ; gain = 64.031 ; free physical = 298 ; free virtual = 10166

Phase 4.4 Final Placement Cleanup
Netlist sorting complete. Time (s): cpu = 00:00:00 ; elapsed = 00:00:00 . Memory (MB): peak = 2626.582 ; gain = 0.000 ; free physical = 298 ; free virtual = 10166

Time (s): cpu = 00:00:01 ; elapsed = 00:00:01 . Memory (MB): peak = 2626.582 ; gain = 64.031 ; free physical = 298 ; free virtual = 10166
Phase 4 Post Placement Optimization and Clean-Up | Checksum: 14b1aabc1

Time (s): cpu = 00:00:01 ; elapsed = 00:00:01 . Memory (MB): peak = 2626.582 ; gain = 64.031 ; free physical = 298 ; free virtual = 10166
Ending Placer Task | Checksum: c706fb42

Time (s): cpu = 00:00:01 ; elapsed = 00:00:01 . Memory (MB): peak = 2626.582 ; gain = 64.031 ; free physical = 298 ; free virtual = 10166
44 Infos, 8 Warnings, 7 Critical Warnings and 0 Errors encountered.
place_design completed successfully
INFO: [Vivado 12-24838] Running report commands "report_control_sets, report_io, report_utilization" in parallel.
Running report generation with 3 threads.
INFO: [Vivado 12-24828] Executing command : report_control_sets -verbose -file top_control_sets_placed.rpt
report_control_sets: Time (s): cpu = 00:00:00.05 ; elapsed = 00:00:00.05 . Memory (MB): peak = 2626.582 ; gain = 0.000 ; free physical = 290 ; free virtual = 10158
INFO: [Vivado 12-24828] Executing command : report_utilization -file top_utilization_placed.rpt -pb top_utilization_placed.pb
INFO: [Vivado 12-24828] Executing command : report_io -file top_io_placed.rpt
report_io: Time (s): cpu = 00:00:00.26 ; elapsed = 00:00:00.2 . Memory (MB): peak = 2626.582 ; gain = 0.000 ; free physical = 289 ; free virtual = 10157
INFO: [Timing 38-480] Writing timing data to binary archive.
Wrote PlaceDB: Time (s): cpu = 00:00:00 ; elapsed = 00:00:00 . Memory (MB): peak = 2626.582 ; gain = 0.000 ; free physical = 289 ; free virtual = 10157
Wrote PulsedLatchDB: Time (s): cpu = 00:00:00 ; elapsed = 00:00:00 . Memory (MB): peak = 2626.582 ; gain = 0.000 ; free physical = 289 ; free virtual = 10157
Writing XDEF routing.
Write ShapeDB Complete: Time (s): cpu = 00:00:00 ; elapsed = 00:00:00 . Memory (MB): peak = 2626.582 ; gain = 0.000 ; free physical = 289 ; free virtual = 10157
Writing XDEF routing logical nets.
Writing XDEF routing special nets.
Wrote RouteStorage: Time (s): cpu = 00:00:00.04 ; elapsed = 00:00:00.02 . Memory (MB): peak = 2626.582 ; gain = 0.000 ; free physical = 289 ; free virtual = 10157
Wrote Netlist Cache: Time (s): cpu = 00:00:00 ; elapsed = 00:00:00 . Memory (MB): peak = 2626.582 ; gain = 0.000 ; free physical = 289 ; free virtual = 10157
Wrote Device Cache: Time (s): cpu = 00:00:00.02 ; elapsed = 00:00:00.01 . Memory (MB): peak = 2626.582 ; gain = 0.000 ; free physical = 289 ; free virtual = 10158
Write Physdb Complete: Time (s): cpu = 00:00:00.06 ; elapsed = 00:00:00.03 . Memory (MB): peak = 2626.582 ; gain = 0.000 ; free physical = 289 ; free virtual = 10158
INFO: [Common 17-1381] The checkpoint '/home/carbon/kambadur/Projects/Vivado/zed_and__axi_gpio/zed_and__axi_gpio.runs/impl_1/top_placed.dcp' has been generated.
Command: phys_opt_design
Attempting to get a license for feature 'Implementation' and/or device 'xc7z020'
INFO: [Common 17-349] Got license for feature 'Implementation' and/or device 'xc7z020'

Starting Initial Update Timing Task

Time (s): cpu = 00:00:00.01 ; elapsed = 00:00:00.01 . Memory (MB): peak = 2626.582 ; gain = 0.000 ; free physical = 285 ; free virtual = 10154
INFO: [Vivado_Tcl 4-235] No timing constraint found. The netlist was not modified.
INFO: [Common 17-83] Releasing license: Implementation
53 Infos, 8 Warnings, 7 Critical Warnings and 0 Errors encountered.
phys_opt_design completed successfully
INFO: [Timing 38-480] Writing timing data to binary archive.
Write ShapeDB Complete: Time (s): cpu = 00:00:00.01 ; elapsed = 00:00:00 . Memory (MB): peak = 2626.582 ; gain = 0.000 ; free physical = 285 ; free virtual = 10154
Wrote PlaceDB: Time (s): cpu = 00:00:00 ; elapsed = 00:00:00 . Memory (MB): peak = 2626.582 ; gain = 0.000 ; free physical = 285 ; free virtual = 10154
Wrote PulsedLatchDB: Time (s): cpu = 00:00:00 ; elapsed = 00:00:00 . Memory (MB): peak = 2626.582 ; gain = 0.000 ; free physical = 285 ; free virtual = 10154
Writing XDEF routing.
Writing XDEF routing logical nets.
Writing XDEF routing special nets.
Wrote RouteStorage: Time (s): cpu = 00:00:00.06 ; elapsed = 00:00:00.03 . Memory (MB): peak = 2626.582 ; gain = 0.000 ; free physical = 285 ; free virtual = 10154
Wrote Netlist Cache: Time (s): cpu = 00:00:00 ; elapsed = 00:00:00 . Memory (MB): peak = 2626.582 ; gain = 0.000 ; free physical = 285 ; free virtual = 10154
Wrote Device Cache: Time (s): cpu = 00:00:00.02 ; elapsed = 00:00:00.01 . Memory (MB): peak = 2626.582 ; gain = 0.000 ; free physical = 285 ; free virtual = 10155
Write Physdb Complete: Time (s): cpu = 00:00:00.1 ; elapsed = 00:00:00.05 . Memory (MB): peak = 2626.582 ; gain = 0.000 ; free physical = 285 ; free virtual = 10155
INFO: [Common 17-1381] The checkpoint '/home/carbon/kambadur/Projects/Vivado/zed_and__axi_gpio/zed_and__axi_gpio.runs/impl_1/top_physopt.dcp' has been generated.
Command: route_design
Attempting to get a license for feature 'Implementation' and/or device 'xc7z020'
INFO: [Common 17-349] Got license for feature 'Implementation' and/or device 'xc7z020'


Starting Routing Task
INFO: [Route 35-254] Multithreading enabled for route_design using a maximum of 4 CPUs

Phase 1 Build RT Design
Checksum: PlaceDB: 4ec5d9fa ConstDB: 0 ShapeSum: 6247ae58 RouteDB: 15f972f0
Post Restoration Checksum: NetGraph: 5004cfe3 | NumContArr: 5e74bd2f | Constraints: c2a8fa9d | Timing: c2a8fa9d
Phase 1 Build RT Design | Checksum: 233cb824c

Time (s): cpu = 00:00:29 ; elapsed = 00:00:25 . Memory (MB): peak = 2708.438 ; gain = 81.855 ; free physical = 213 ; free virtual = 10082

Phase 2 Router Initialization
INFO: [Route 35-64] No timing constraints were detected. The router will operate in resource-optimization mode.

Phase 2.1 Fix Topology Constraints
Phase 2.1 Fix Topology Constraints | Checksum: 233cb824c

Time (s): cpu = 00:00:29 ; elapsed = 00:00:25 . Memory (MB): peak = 2723.438 ; gain = 96.855 ; free physical = 206 ; free virtual = 10074

Phase 2.2 Pre Route Cleanup
Phase 2.2 Pre Route Cleanup | Checksum: 233cb824c

Time (s): cpu = 00:00:29 ; elapsed = 00:00:25 . Memory (MB): peak = 2723.438 ; gain = 96.855 ; free physical = 206 ; free virtual = 10074

Router Utilization Summary
  Global Vertical Routing Utilization    = 0 %
  Global Horizontal Routing Utilization  = 0 %
  Routable Net Status*
  *Does not include unroutable nets such as driverless and loadless.
  Run report_route_status for detailed report.
  Number of Failed Nets               = 3
    (Failed Nets is the sum of unrouted and partially routed nets)
  Number of Unrouted Nets             = 3
  Number of Partially Routed Nets     = 0
  Number of Node Overlaps             = 0

Phase 2 Router Initialization | Checksum: 233cb824c

Time (s): cpu = 00:00:30 ; elapsed = 00:00:25 . Memory (MB): peak = 2744.172 ; gain = 117.590 ; free physical = 182 ; free virtual = 10051

Phase 3 Global Routing
Phase 3 Global Routing | Checksum: 233cb824c

Time (s): cpu = 00:00:30 ; elapsed = 00:00:25 . Memory (MB): peak = 2744.172 ; gain = 117.590 ; free physical = 182 ; free virtual = 10051

Phase 4 Initial Routing

Phase 4.1 Initial Net Routing Pass
Phase 4.1 Initial Net Routing Pass | Checksum: 2201d31da

Time (s): cpu = 00:00:30 ; elapsed = 00:00:25 . Memory (MB): peak = 2744.172 ; gain = 117.590 ; free physical = 182 ; free virtual = 10051
Phase 4 Initial Routing | Checksum: 2201d31da

Time (s): cpu = 00:00:30 ; elapsed = 00:00:25 . Memory (MB): peak = 2744.172 ; gain = 117.590 ; free physical = 182 ; free virtual = 10051

Phase 5 Rip-up And Reroute

Phase 5.1 Global Iteration 0
 Number of Nodes with overlaps = 0
Phase 5.1 Global Iteration 0 | Checksum: 32b91b869

Time (s): cpu = 00:00:30 ; elapsed = 00:00:25 . Memory (MB): peak = 2744.172 ; gain = 117.590 ; free physical = 182 ; free virtual = 10051
Phase 5 Rip-up And Reroute | Checksum: 32b91b869

Time (s): cpu = 00:00:30 ; elapsed = 00:00:25 . Memory (MB): peak = 2744.172 ; gain = 117.590 ; free physical = 182 ; free virtual = 10051

Phase 6 Delay and Skew Optimization
Phase 6 Delay and Skew Optimization | Checksum: 32b91b869

Time (s): cpu = 00:00:30 ; elapsed = 00:00:25 . Memory (MB): peak = 2744.172 ; gain = 117.590 ; free physical = 182 ; free virtual = 10051

Phase 7 Post Hold Fix

Phase 7.1 Hold Fix Iter
Phase 7.1 Hold Fix Iter | Checksum: 32b91b869

Time (s): cpu = 00:00:30 ; elapsed = 00:00:25 . Memory (MB): peak = 2744.172 ; gain = 117.590 ; free physical = 182 ; free virtual = 10051
Phase 7 Post Hold Fix | Checksum: 32b91b869

Time (s): cpu = 00:00:30 ; elapsed = 00:00:25 . Memory (MB): peak = 2744.172 ; gain = 117.590 ; free physical = 182 ; free virtual = 10051

Phase 8 Route finalize

Router Utilization Summary
  Global Vertical Routing Utilization    = 0.000103552 %
  Global Horizontal Routing Utilization  = 0.000507099 %
  Routable Net Status*
  *Does not include unroutable nets such as driverless and loadless.
  Run report_route_status for detailed report.
  Number of Failed Nets               = 0
    (Failed Nets is the sum of unrouted and partially routed nets)
  Number of Unrouted Nets             = 0
  Number of Partially Routed Nets     = 0
  Number of Node Overlaps             = 0


--GLOBAL Congestion:
Utilization threshold used for congestion level computation: 0.85
Congestion Report
North Dir 1x1 Area, Max Cong = 0%, No Congested Regions.
South Dir 1x1 Area, Max Cong = 0.900901%, No Congested Regions.
East Dir 1x1 Area, Max Cong = 2.94118%, No Congested Regions.
West Dir 1x1 Area, Max Cong = 1.47059%, No Congested Regions.

------------------------------
Reporting congestion hotspots
------------------------------
Direction: North
----------------
Congested clusters found at Level 0
Effective congestion level: 0 Aspect Ratio: 1 Sparse Ratio: 0
Direction: South
----------------
Congested clusters found at Level 0
Effective congestion level: 0 Aspect Ratio: 1 Sparse Ratio: 0
Direction: East
----------------
Congested clusters found at Level 0
Effective congestion level: 0 Aspect Ratio: 1 Sparse Ratio: 0
Direction: West
----------------
Congested clusters found at Level 0
Effective congestion level: 0 Aspect Ratio: 1 Sparse Ratio: 0

Phase 8 Route finalize | Checksum: 32b91b869

Time (s): cpu = 00:00:31 ; elapsed = 00:00:25 . Memory (MB): peak = 2744.172 ; gain = 117.590 ; free physical = 182 ; free virtual = 10051

Phase 9 Verifying routed nets

 Verification completed successfully
Phase 9 Verifying routed nets | Checksum: 32b91b869

Time (s): cpu = 00:00:31 ; elapsed = 00:00:25 . Memory (MB): peak = 2744.172 ; gain = 117.590 ; free physical = 182 ; free virtual = 10051

Phase 10 Depositing Routes
Phase 10 Depositing Routes | Checksum: 325a328a7

Time (s): cpu = 00:00:31 ; elapsed = 00:00:25 . Memory (MB): peak = 2744.172 ; gain = 117.590 ; free physical = 182 ; free virtual = 10051

Phase 11 Post Process Routing
Phase 11 Post Process Routing | Checksum: 325a328a7

Time (s): cpu = 00:00:31 ; elapsed = 00:00:25 . Memory (MB): peak = 2744.172 ; gain = 117.590 ; free physical = 182 ; free virtual = 10051
Total Elapsed time in route_design: 25.23 secs

Phase 12 Post-Route Event Processing
Phase 12 Post-Route Event Processing | Checksum: 20d96a28a

Time (s): cpu = 00:00:31 ; elapsed = 00:00:25 . Memory (MB): peak = 2744.172 ; gain = 117.590 ; free physical = 182 ; free virtual = 10051
INFO: [Route 35-16] Router Completed Successfully
Ending Routing Task | Checksum: 20d96a28a

Time (s): cpu = 00:00:31 ; elapsed = 00:00:25 . Memory (MB): peak = 2744.172 ; gain = 117.590 ; free physical = 182 ; free virtual = 10051

Routing Is Done.
INFO: [Common 17-83] Releasing license: Implementation
60 Infos, 8 Warnings, 7 Critical Warnings and 0 Errors encountered.
route_design completed successfully
route_design: Time (s): cpu = 00:00:31 ; elapsed = 00:00:25 . Memory (MB): peak = 2744.172 ; gain = 117.590 ; free physical = 182 ; free virtual = 10051
INFO: [Vivado 12-24828] Executing command : report_drc -file top_drc_routed.rpt -pb top_drc_routed.pb -rpx top_drc_routed.rpx
Command: report_drc -file top_drc_routed.rpt -pb top_drc_routed.pb -rpx top_drc_routed.rpx
INFO: [IP_Flow 19-1839] IP Catalog is up to date.
INFO: [DRC 23-27] Running DRC with 4 threads
INFO: [Vivado_Tcl 2-168] The results of DRC are in file /home/carbon/kambadur/Projects/Vivado/zed_and__axi_gpio/zed_and__axi_gpio.runs/impl_1/top_drc_routed.rpt.
report_drc completed successfully
INFO: [Vivado 12-24828] Executing command : report_methodology -file top_methodology_drc_routed.rpt -pb top_methodology_drc_routed.pb -rpx top_methodology_drc_routed.rpx
Command: report_methodology -file top_methodology_drc_routed.rpt -pb top_methodology_drc_routed.pb -rpx top_methodology_drc_routed.rpx
INFO: [Timing 38-35] Done setting XDC timing constraints.
INFO: [DRC 23-133] Running Methodology with 4 threads
INFO: [Vivado_Tcl 2-1520] The results of Report Methodology are in file /home/carbon/kambadur/Projects/Vivado/zed_and__axi_gpio/zed_and__axi_gpio.runs/impl_1/top_methodology_drc_routed.rpt.
report_methodology completed successfully
INFO: [Vivado 12-24828] Executing command : report_timing_summary -max_paths 10 -report_unconstrained -file top_timing_summary_routed.rpt -pb top_timing_summary_routed.pb -rpx top_timing_summary_routed.rpx -warn_on_violation 
INFO: [Timing 38-35] Done setting XDC timing constraints.
INFO: [Timing 38-91] UpdateTimingParams: Speed grade: -1, Delay Type: min_max.
INFO: [Timing 38-191] Multithreading enabled for timing update using a maximum of 8 CPUs
WARNING: [Timing 38-313] There are no user specified timing constraints. Timing constraints are needed for proper timing analysis.
INFO: [Vivado 12-24838] Running report commands "report_bus_skew, report_incremental_reuse, report_route_status" in parallel.
Running report generation with 3 threads.
INFO: [Vivado 12-24828] Executing command : report_route_status -file top_route_status.rpt -pb top_route_status.pb
INFO: [Vivado 12-24828] Executing command : report_incremental_reuse -file top_incremental_reuse_routed.rpt
INFO: [Vivado_Tcl 4-1062] Incremental flow is disabled. No incremental reuse Info to report.
INFO: [Vivado 12-24828] Executing command : report_bus_skew -warn_on_violation -file top_bus_skew_routed.rpt -pb top_bus_skew_routed.pb -rpx top_bus_skew_routed.rpx
INFO: [Timing 38-91] UpdateTimingParams: Speed grade: -1, Delay Type: min_max.
INFO: [Timing 38-191] Multithreading enabled for timing update using a maximum of 8 CPUs
INFO: [Vivado 12-24828] Executing command : report_power -file top_power_routed.rpt -pb top_power_summary_routed.pb -rpx top_power_routed.rpx
Command: report_power -file top_power_routed.rpt -pb top_power_summary_routed.pb -rpx top_power_routed.rpx
WARNING: [Power 33-232] No user defined clocks were found in the design! Power estimation will be inaccurate until this is corrected.
Resolution: Please specify clocks using create_clock/create_generated_clock for sequential elements. For pure combinatorial circuits, please specify a virtual clock, otherwise the vectorless estimation might be inaccurate
Running Vector-less Activity Propagation...

Finished Running Vector-less Activity Propagation
80 Infos, 10 Warnings, 7 Critical Warnings and 0 Errors encountered.
report_power completed successfully
INFO: [Vivado 12-24828] Executing command : report_clock_utilization -file top_clock_utilization_routed.rpt
INFO: [Timing 38-480] Writing timing data to binary archive.
Write ShapeDB Complete: Time (s): cpu = 00:00:00 ; elapsed = 00:00:00 . Memory (MB): peak = 2832.852 ; gain = 0.000 ; free physical = 261 ; free virtual = 10098
Wrote PlaceDB: Time (s): cpu = 00:00:00 ; elapsed = 00:00:00 . Memory (MB): peak = 2832.852 ; gain = 0.000 ; free physical = 261 ; free virtual = 10098
Wrote PulsedLatchDB: Time (s): cpu = 00:00:00 ; elapsed = 00:00:00 . Memory (MB): peak = 2832.852 ; gain = 0.000 ; free physical = 261 ; free virtual = 10098
Writing XDEF routing.
Writing XDEF routing logical nets.
Writing XDEF routing special nets.
Wrote RouteStorage: Time (s): cpu = 00:00:00.06 ; elapsed = 00:00:00.04 . Memory (MB): peak = 2832.852 ; gain = 0.000 ; free physical = 261 ; free virtual = 10098
Wrote Netlist Cache: Time (s): cpu = 00:00:00 ; elapsed = 00:00:00 . Memory (MB): peak = 2832.852 ; gain = 0.000 ; free physical = 261 ; free virtual = 10098
Wrote Device Cache: Time (s): cpu = 00:00:00.01 ; elapsed = 00:00:00 . Memory (MB): peak = 2832.852 ; gain = 0.000 ; free physical = 260 ; free virtual = 10098
Write Physdb Complete: Time (s): cpu = 00:00:00.09 ; elapsed = 00:00:00.05 . Memory (MB): peak = 2832.852 ; gain = 0.000 ; free physical = 260 ; free virtual = 10098
INFO: [Common 17-1381] The checkpoint '/home/carbon/kambadur/Projects/Vivado/zed_and__axi_gpio/zed_and__axi_gpio.runs/impl_1/top_routed.dcp' has been generated.
Command: write_bitstream -force top.bit
Attempting to get a license for feature 'Implementation' and/or device 'xc7z020'
INFO: [Common 17-349] Got license for feature 'Implementation' and/or device 'xc7z020'
Running DRC as a precondition to command write_bitstream
INFO: [IP_Flow 19-1839] IP Catalog is up to date.
INFO: [DRC 23-27] Running DRC with 4 threads
ERROR: [DRC NSTD-1] Unspecified I/O Standard: 3 out of 3 logical ports use I/O standard (IOSTANDARD) value 'DEFAULT', instead of a user assigned specific value. This may cause I/O contention or incompatibility with the board power or connectivity affecting performance, signal integrity or in extreme cases cause damage to the device or the components to which it is connected. To correct this violation, specify all I/O standards. This design will fail to generate a bitstream unless all logical ports have a user specified I/O standard value defined. To allow bitstream creation with unspecified I/O standard values (not recommended), use this command: set_property SEVERITY {Warning} [get_drc_checks NSTD-1].  NOTE: When using the Vivado Runs infrastructure (e.g. launch_runs Tcl command), add this command to a .tcl file and add that file as a pre-hook for write_bitstream step for the implementation run. Problem ports: in0, in1, and out0.
ERROR: [DRC UCIO-1] Unconstrained Logical Port: 3 out of 3 logical ports have no user assigned specific location constraint (LOC). This may cause I/O contention or incompatibility with the board power or connectivity affecting performance, signal integrity or in extreme cases cause damage to the device or the components to which it is connected. To correct this violation, specify all pin locations. This design will fail to generate a bitstream unless all logical ports have a user specified site LOC constraint defined.  To allow bitstream creation with unspecified pin locations (not recommended), use this command: set_property SEVERITY {Warning} [get_drc_checks UCIO-1].  NOTE: When using the Vivado Runs infrastructure (e.g. launch_runs Tcl command), add this command to a .tcl file and add that file as a pre-hook for write_bitstream step for the implementation run.  Problem ports: in0, in1, and out0.
INFO: [Vivado 12-3199] DRC finished with 2 Errors
INFO: [Vivado 12-3200] Please refer to the DRC report (report_drc) for more information.
ERROR: [Vivado 12-1345] Error(s) found during DRC. Bitgen not run.
INFO: [Common 17-83] Releasing license: Implementation
89 Infos, 10 Warnings, 7 Critical Warnings and 3 Errors encountered.
write_bitstream failed
write_bitstream: Time (s): cpu = 00:00:01 ; elapsed = 00:00:11 . Memory (MB): peak = 2845.477 ; gain = 12.625 ; free physical = 213 ; free virtual = 9988
ERROR: [Common 17-39] 'write_bitstream' failed due to earlier errors.

INFO: [Common 17-206] Exiting Vivado at Fri Jan 17 17:32:22 2025...
