
*** Running vivado
    with args -log design_1_wrapper.vdi -applog -m64 -product Vivado -messageDb vivado.pb -mode batch -source design_1_wrapper.tcl -notrace


****** Vivado v2024.2 (64-bit)
  **** SW Build 5239630 on Fri Nov 08 22:34:34 MST 2024
  **** IP Build 5239520 on Sun Nov 10 16:12:51 MST 2024
  **** SharedData Build 5239561 on Fri Nov 08 14:39:27 MST 2024
  **** Start of session at: Sat Nov  1 22:18:30 2025
    ** Copyright 1986-2022 Xilinx, Inc. All Rights Reserved.
    ** Copyright 2022-2024 Advanced Micro Devices, Inc. All Rights Reserved.

source design_1_wrapper.tcl -notrace
INFO: [IP_Flow 19-234] Refreshing IP repositories
INFO: [IP_Flow 19-1700] Loaded user IP repository '/home/carbon/kambadur/Projects/Vivado/custom_axi_lite_slv_1/myip_fa_1_0'.
WARNING: [IP_Flow 19-2248] Failed to load user IP repository '/home/carbon/kambadur/Projects/Vivado/ip_repo/myip_fa_1_0'; Can't find the specified path.
If this directory should no longer be in your list of user repositories, go to the IP Settings dialog and remove it.
INFO: [IP_Flow 19-1700] Loaded user IP repository '/home/carbon/kambadur/Projects/Vivado/ip_repo/fulladd_1_0'.
INFO: [IP_Flow 19-2313] Loaded Vivado IP repository '/tools/Xilinx/Vivado/2024.2/data/ip'.
Command: link_design -top design_1_wrapper -part xc7z020clg484-1
Design is defaulting to srcset: sources_1
Design is defaulting to constrset: constrs_1
INFO: [Device 21-403] Loading part xc7z020clg484-1
INFO: [Project 1-454] Reading design checkpoint '/home/carbon/kambadur/Projects/Vivado/custom_axi_lite_slv_1/custom_axi_lite_slv_1.gen/sources_1/bd/design_1/ip/design_1_axi_smc_0/design_1_axi_smc_0.dcp' for cell 'design_1_i/axi_smc'
INFO: [Project 1-454] Reading design checkpoint '/home/carbon/kambadur/Projects/Vivado/custom_axi_lite_slv_1/custom_axi_lite_slv_1.gen/sources_1/bd/design_1/ip/design_1_myip_fa_0_1/design_1_myip_fa_0_1.dcp' for cell 'design_1_i/myip_fa_0'
INFO: [Project 1-454] Reading design checkpoint '/home/carbon/kambadur/Projects/Vivado/custom_axi_lite_slv_1/custom_axi_lite_slv_1.gen/sources_1/bd/design_1/ip/design_1_processing_system7_0_0/design_1_processing_system7_0_0.dcp' for cell 'design_1_i/processing_system7_0'
INFO: [Project 1-454] Reading design checkpoint '/home/carbon/kambadur/Projects/Vivado/custom_axi_lite_slv_1/custom_axi_lite_slv_1.gen/sources_1/bd/design_1/ip/design_1_rst_ps7_0_100M_0/design_1_rst_ps7_0_100M_0.dcp' for cell 'design_1_i/rst_ps7_0_100M'
Netlist sorting complete. Time (s): cpu = 00:00:00.07 ; elapsed = 00:00:00.06 . Memory (MB): peak = 1564.078 ; gain = 0.000 ; free physical = 3605 ; free virtual = 12791
INFO: [Netlist 29-17] Analyzing 6 Unisim elements for replacement
INFO: [Netlist 29-28] Unisim Transformation completed in 0 CPU seconds
INFO: [Project 1-479] Netlist was created with Vivado 2024.2
INFO: [Project 1-570] Preparing netlist for logic optimization
Parsing XDC File [/home/carbon/kambadur/Projects/Vivado/custom_axi_lite_slv_1/custom_axi_lite_slv_1.gen/sources_1/bd/design_1/ip/design_1_processing_system7_0_0/design_1_processing_system7_0_0.xdc] for cell 'design_1_i/processing_system7_0/inst'
Finished Parsing XDC File [/home/carbon/kambadur/Projects/Vivado/custom_axi_lite_slv_1/custom_axi_lite_slv_1.gen/sources_1/bd/design_1/ip/design_1_processing_system7_0_0/design_1_processing_system7_0_0.xdc] for cell 'design_1_i/processing_system7_0/inst'
Parsing XDC File [/home/carbon/kambadur/Projects/Vivado/custom_axi_lite_slv_1/custom_axi_lite_slv_1.gen/sources_1/bd/design_1/ip/design_1_axi_smc_0/bd_0/ip/ip_1/bd_afc3_psr_aclk_0_board.xdc] for cell 'design_1_i/axi_smc/inst/clk_map/psr_aclk/U0'
Finished Parsing XDC File [/home/carbon/kambadur/Projects/Vivado/custom_axi_lite_slv_1/custom_axi_lite_slv_1.gen/sources_1/bd/design_1/ip/design_1_axi_smc_0/bd_0/ip/ip_1/bd_afc3_psr_aclk_0_board.xdc] for cell 'design_1_i/axi_smc/inst/clk_map/psr_aclk/U0'
Parsing XDC File [/home/carbon/kambadur/Projects/Vivado/custom_axi_lite_slv_1/custom_axi_lite_slv_1.gen/sources_1/bd/design_1/ip/design_1_axi_smc_0/bd_0/ip/ip_1/bd_afc3_psr_aclk_0.xdc] for cell 'design_1_i/axi_smc/inst/clk_map/psr_aclk/U0'
Finished Parsing XDC File [/home/carbon/kambadur/Projects/Vivado/custom_axi_lite_slv_1/custom_axi_lite_slv_1.gen/sources_1/bd/design_1/ip/design_1_axi_smc_0/bd_0/ip/ip_1/bd_afc3_psr_aclk_0.xdc] for cell 'design_1_i/axi_smc/inst/clk_map/psr_aclk/U0'
Parsing XDC File [/home/carbon/kambadur/Projects/Vivado/custom_axi_lite_slv_1/custom_axi_lite_slv_1.gen/sources_1/bd/design_1/ip/design_1_axi_smc_0/smartconnect.xdc] for cell 'design_1_i/axi_smc/inst'
Finished Parsing XDC File [/home/carbon/kambadur/Projects/Vivado/custom_axi_lite_slv_1/custom_axi_lite_slv_1.gen/sources_1/bd/design_1/ip/design_1_axi_smc_0/smartconnect.xdc] for cell 'design_1_i/axi_smc/inst'
Parsing XDC File [/home/carbon/kambadur/Projects/Vivado/custom_axi_lite_slv_1/custom_axi_lite_slv_1.gen/sources_1/bd/design_1/ip/design_1_rst_ps7_0_100M_0/design_1_rst_ps7_0_100M_0_board.xdc] for cell 'design_1_i/rst_ps7_0_100M/U0'
Finished Parsing XDC File [/home/carbon/kambadur/Projects/Vivado/custom_axi_lite_slv_1/custom_axi_lite_slv_1.gen/sources_1/bd/design_1/ip/design_1_rst_ps7_0_100M_0/design_1_rst_ps7_0_100M_0_board.xdc] for cell 'design_1_i/rst_ps7_0_100M/U0'
Parsing XDC File [/home/carbon/kambadur/Projects/Vivado/custom_axi_lite_slv_1/custom_axi_lite_slv_1.gen/sources_1/bd/design_1/ip/design_1_rst_ps7_0_100M_0/design_1_rst_ps7_0_100M_0.xdc] for cell 'design_1_i/rst_ps7_0_100M/U0'
Finished Parsing XDC File [/home/carbon/kambadur/Projects/Vivado/custom_axi_lite_slv_1/custom_axi_lite_slv_1.gen/sources_1/bd/design_1/ip/design_1_rst_ps7_0_100M_0/design_1_rst_ps7_0_100M_0.xdc] for cell 'design_1_i/rst_ps7_0_100M/U0'
INFO: [Project 1-1714] 14 XPM XDC files have been applied to the design.
INFO: [Opt 31-138] Pushed 0 inverter(s) to 0 load pin(s).
Netlist sorting complete. Time (s): cpu = 00:00:00 ; elapsed = 00:00:00 . Memory (MB): peak = 1767.621 ; gain = 0.000 ; free physical = 3517 ; free virtual = 12692
INFO: [Project 1-111] Unisim Transformation Summary:
No Unisim elements were transformed.

16 Infos, 1 Warnings, 0 Critical Warnings and 0 Errors encountered.
link_design completed successfully
link_design: Time (s): cpu = 00:00:09 ; elapsed = 00:00:09 . Memory (MB): peak = 1767.621 ; gain = 390.168 ; free physical = 3517 ; free virtual = 12692
Command: opt_design
Attempting to get a license for feature 'Implementation' and/or device 'xc7z020'
INFO: [Common 17-349] Got license for feature 'Implementation' and/or device 'xc7z020'
Running DRC as a precondition to command opt_design

Starting DRC Task
INFO: [DRC 23-27] Running DRC with 4 threads
INFO: [Project 1-461] DRC finished with 0 Errors
INFO: [Project 1-462] Please refer to the DRC report (report_drc) for more information.

Time (s): cpu = 00:00:03 ; elapsed = 00:00:01 . Memory (MB): peak = 1845.934 ; gain = 78.312 ; free physical = 3473 ; free virtual = 12659

Starting Cache Timing Information Task
INFO: [Timing 38-35] Done setting XDC timing constraints.
Ending Cache Timing Information Task | Checksum: 1b49784db

Time (s): cpu = 00:00:08 ; elapsed = 00:00:08 . Memory (MB): peak = 2274.699 ; gain = 428.766 ; free physical = 3082 ; free virtual = 12255

Starting Logic Optimization Task

Phase 1 Initialization

Phase 1.1 Core Generation And Design Setup
Phase 1.1 Core Generation And Design Setup | Checksum: 1b49784db

Time (s): cpu = 00:00:00.01 ; elapsed = 00:00:00.01 . Memory (MB): peak = 2614.652 ; gain = 0.000 ; free physical = 2736 ; free virtual = 11913

Phase 1.2 Setup Constraints And Sort Netlist
Phase 1.2 Setup Constraints And Sort Netlist | Checksum: 1b49784db

Time (s): cpu = 00:00:00.01 ; elapsed = 00:00:00.01 . Memory (MB): peak = 2614.652 ; gain = 0.000 ; free physical = 2736 ; free virtual = 11913
Phase 1 Initialization | Checksum: 1b49784db

Time (s): cpu = 00:00:00.02 ; elapsed = 00:00:00.01 . Memory (MB): peak = 2614.652 ; gain = 0.000 ; free physical = 2736 ; free virtual = 11913

Phase 2 Timer Update And Timing Data Collection

Phase 2.1 Timer Update
Phase 2.1 Timer Update | Checksum: 1b49784db

Time (s): cpu = 00:00:00.08 ; elapsed = 00:00:00.04 . Memory (MB): peak = 2614.652 ; gain = 0.000 ; free physical = 2736 ; free virtual = 11914

Phase 2.2 Timing Data Collection
Phase 2.2 Timing Data Collection | Checksum: 1b49784db

Time (s): cpu = 00:00:00.09 ; elapsed = 00:00:00.06 . Memory (MB): peak = 2614.652 ; gain = 0.000 ; free physical = 2736 ; free virtual = 11913
Phase 2 Timer Update And Timing Data Collection | Checksum: 1b49784db

Time (s): cpu = 00:00:00.09 ; elapsed = 00:00:00.06 . Memory (MB): peak = 2614.652 ; gain = 0.000 ; free physical = 2736 ; free virtual = 11913

Phase 3 Retarget
INFO: [Opt 31-1851] Number of loadless carry chains removed were: 0
INFO: [Opt 31-1834] Total Chains To Be Transformed Were: 0 AND Number of Transformed insts Created are: 0
INFO: [Opt 31-138] Pushed 10 inverter(s) to 38 load pin(s).
INFO: [Opt 31-49] Retargeted 0 cell(s).
Phase 3 Retarget | Checksum: 19f500929

Time (s): cpu = 00:00:00.17 ; elapsed = 00:00:00.14 . Memory (MB): peak = 2614.652 ; gain = 0.000 ; free physical = 2736 ; free virtual = 11914
Retarget | Checksum: 19f500929
INFO: [Opt 31-389] Phase Retarget created 10 cells and removed 45 cells
INFO: [Opt 31-1021] In phase Retarget, 20 netlist objects are constrained preventing optimization. Please run opt_design with -debug_log to get more detail. 

Phase 4 Constant propagation
INFO: [Opt 31-138] Pushed 1 inverter(s) to 4 load pin(s).
Phase 4 Constant propagation | Checksum: 183324f82

Time (s): cpu = 00:00:00.2 ; elapsed = 00:00:00.16 . Memory (MB): peak = 2614.652 ; gain = 0.000 ; free physical = 2736 ; free virtual = 11914
Constant propagation | Checksum: 183324f82
INFO: [Opt 31-389] Phase Constant propagation created 7 cells and removed 17 cells
INFO: [Opt 31-1021] In phase Constant propagation, 20 netlist objects are constrained preventing optimization. Please run opt_design with -debug_log to get more detail. 

Phase 5 Sweep
INFO: [Constraints 18-11670] Building netlist checker database with flags, 0x8
Done building netlist checker database: Time (s): cpu = 00:00:00 ; elapsed = 00:00:00 . Memory (MB): peak = 2614.652 ; gain = 0.000 ; free physical = 2736 ; free virtual = 11914
INFO: [Constraints 18-11670] Building netlist checker database with flags, 0x8
Done building netlist checker database: Time (s): cpu = 00:00:00 ; elapsed = 00:00:00 . Memory (MB): peak = 2614.652 ; gain = 0.000 ; free physical = 2736 ; free virtual = 11911
Phase 5 Sweep | Checksum: 18a4452dd

Time (s): cpu = 00:00:00.57 ; elapsed = 00:00:00.53 . Memory (MB): peak = 2614.652 ; gain = 0.000 ; free physical = 2736 ; free virtual = 11911
Sweep | Checksum: 18a4452dd
INFO: [Opt 31-389] Phase Sweep created 0 cells and removed 71 cells
INFO: [Opt 31-1021] In phase Sweep, 25 netlist objects are constrained preventing optimization. Please run opt_design with -debug_log to get more detail. 

Phase 6 BUFG optimization
Phase 6 BUFG optimization | Checksum: 18a4452dd

Time (s): cpu = 00:00:00.61 ; elapsed = 00:00:00.56 . Memory (MB): peak = 2646.668 ; gain = 32.016 ; free physical = 2735 ; free virtual = 11910
BUFG optimization | Checksum: 18a4452dd
INFO: [Opt 31-662] Phase BUFG optimization created 0 cells of which 0 are BUFGs and removed 0 cells.

Phase 7 Shift Register Optimization
INFO: [Opt 31-1064] SRL Remap converted 0 SRLs to 0 registers and converted 0 registers of register chains to 0 SRLs
Phase 7 Shift Register Optimization | Checksum: 18a4452dd

Time (s): cpu = 00:00:00.61 ; elapsed = 00:00:00.56 . Memory (MB): peak = 2646.668 ; gain = 32.016 ; free physical = 2735 ; free virtual = 11910
Shift Register Optimization | Checksum: 18a4452dd
INFO: [Opt 31-389] Phase Shift Register Optimization created 0 cells and removed 0 cells

Phase 8 Post Processing Netlist
Phase 8 Post Processing Netlist | Checksum: f23f9a96

Time (s): cpu = 00:00:00.63 ; elapsed = 00:00:00.58 . Memory (MB): peak = 2646.668 ; gain = 32.016 ; free physical = 2735 ; free virtual = 11910
Post Processing Netlist | Checksum: f23f9a96
INFO: [Opt 31-389] Phase Post Processing Netlist created 0 cells and removed 0 cells
INFO: [Opt 31-1021] In phase Post Processing Netlist, 20 netlist objects are constrained preventing optimization. Please run opt_design with -debug_log to get more detail. 

Phase 9 Finalization

Phase 9.1 Finalizing Design Cores and Updating Shapes
Phase 9.1 Finalizing Design Cores and Updating Shapes | Checksum: 1eafdc631

Time (s): cpu = 00:00:00.7 ; elapsed = 00:00:00.64 . Memory (MB): peak = 2646.668 ; gain = 32.016 ; free physical = 2735 ; free virtual = 11910

Phase 9.2 Verifying Netlist Connectivity

Starting Connectivity Check Task

Time (s): cpu = 00:00:00 ; elapsed = 00:00:00 . Memory (MB): peak = 2646.668 ; gain = 0.000 ; free physical = 2735 ; free virtual = 11910
Phase 9.2 Verifying Netlist Connectivity | Checksum: 1eafdc631

Time (s): cpu = 00:00:00.7 ; elapsed = 00:00:00.65 . Memory (MB): peak = 2646.668 ; gain = 32.016 ; free physical = 2735 ; free virtual = 11910
Phase 9 Finalization | Checksum: 1eafdc631

Time (s): cpu = 00:00:00.7 ; elapsed = 00:00:00.65 . Memory (MB): peak = 2646.668 ; gain = 32.016 ; free physical = 2735 ; free virtual = 11910
Opt_design Change Summary
=========================


-------------------------------------------------------------------------------------------------------------------------
|  Phase                        |  #Cells created  |  #Cells Removed  |  #Constrained objects preventing optimizations  |
-------------------------------------------------------------------------------------------------------------------------
|  Retarget                     |              10  |              45  |                                             20  |
|  Constant propagation         |               7  |              17  |                                             20  |
|  Sweep                        |               0  |              71  |                                             25  |
|  BUFG optimization            |               0  |               0  |                                              0  |
|  Shift Register Optimization  |               0  |               0  |                                              0  |
|  Post Processing Netlist      |               0  |               0  |                                             20  |
-------------------------------------------------------------------------------------------------------------------------


Ending Logic Optimization Task | Checksum: 1eafdc631

Time (s): cpu = 00:00:00.71 ; elapsed = 00:00:00.65 . Memory (MB): peak = 2646.668 ; gain = 32.016 ; free physical = 2735 ; free virtual = 11910

Starting Power Optimization Task
INFO: [Pwropt 34-132] Skipping clock gating for clocks with a period < 2.00 ns.
Ending Power Optimization Task | Checksum: 1eafdc631

Time (s): cpu = 00:00:00.01 ; elapsed = 00:00:00.01 . Memory (MB): peak = 2646.668 ; gain = 0.000 ; free physical = 2735 ; free virtual = 11910

Starting Final Cleanup Task
Ending Final Cleanup Task | Checksum: 1eafdc631

Time (s): cpu = 00:00:00 ; elapsed = 00:00:00 . Memory (MB): peak = 2646.668 ; gain = 0.000 ; free physical = 2735 ; free virtual = 11910

Starting Netlist Obfuscation Task
Netlist sorting complete. Time (s): cpu = 00:00:00 ; elapsed = 00:00:00 . Memory (MB): peak = 2646.668 ; gain = 0.000 ; free physical = 2735 ; free virtual = 11910
Ending Netlist Obfuscation Task | Checksum: 1eafdc631

Time (s): cpu = 00:00:00.01 ; elapsed = 00:00:00 . Memory (MB): peak = 2646.668 ; gain = 0.000 ; free physical = 2735 ; free virtual = 11910
INFO: [Common 17-83] Releasing license: Implementation
41 Infos, 1 Warnings, 0 Critical Warnings and 0 Errors encountered.
opt_design completed successfully
opt_design: Time (s): cpu = 00:00:15 ; elapsed = 00:00:13 . Memory (MB): peak = 2646.668 ; gain = 879.047 ; free physical = 2735 ; free virtual = 11910
INFO: [Vivado 12-24828] Executing command : report_drc -file design_1_wrapper_drc_opted.rpt -pb design_1_wrapper_drc_opted.pb -rpx design_1_wrapper_drc_opted.rpx
Command: report_drc -file design_1_wrapper_drc_opted.rpt -pb design_1_wrapper_drc_opted.pb -rpx design_1_wrapper_drc_opted.rpx
INFO: [IP_Flow 19-1839] IP Catalog is up to date.
INFO: [DRC 23-27] Running DRC with 4 threads
INFO: [Vivado_Tcl 2-168] The results of DRC are in file /home/carbon/kambadur/Projects/Vivado/custom_axi_lite_slv_1/custom_axi_lite_slv_1.runs/impl_1/design_1_wrapper_drc_opted.rpt.
report_drc completed successfully
INFO: [Timing 38-480] Writing timing data to binary archive.
Write ShapeDB Complete: Time (s): cpu = 00:00:00.03 ; elapsed = 00:00:00.01 . Memory (MB): peak = 2646.668 ; gain = 0.000 ; free physical = 2707 ; free virtual = 11882
Wrote PlaceDB: Time (s): cpu = 00:00:00.09 ; elapsed = 00:00:00.02 . Memory (MB): peak = 2646.668 ; gain = 0.000 ; free physical = 2707 ; free virtual = 11882
Wrote PulsedLatchDB: Time (s): cpu = 00:00:00 ; elapsed = 00:00:00 . Memory (MB): peak = 2646.668 ; gain = 0.000 ; free physical = 2707 ; free virtual = 11882
Writing XDEF routing.
Writing XDEF routing logical nets.
Writing XDEF routing special nets.
Wrote RouteStorage: Time (s): cpu = 00:00:00.14 ; elapsed = 00:00:00.05 . Memory (MB): peak = 2646.668 ; gain = 0.000 ; free physical = 2707 ; free virtual = 11882
Wrote Netlist Cache: Time (s): cpu = 00:00:00 ; elapsed = 00:00:00 . Memory (MB): peak = 2646.668 ; gain = 0.000 ; free physical = 2707 ; free virtual = 11882
Wrote Device Cache: Time (s): cpu = 00:00:00.06 ; elapsed = 00:00:00.01 . Memory (MB): peak = 2646.668 ; gain = 0.000 ; free physical = 2705 ; free virtual = 11882
Write Physdb Complete: Time (s): cpu = 00:00:00.31 ; elapsed = 00:00:00.09 . Memory (MB): peak = 2646.668 ; gain = 0.000 ; free physical = 2705 ; free virtual = 11882
INFO: [Common 17-1381] The checkpoint '/home/carbon/kambadur/Projects/Vivado/custom_axi_lite_slv_1/custom_axi_lite_slv_1.runs/impl_1/design_1_wrapper_opt.dcp' has been generated.
Command: place_design
Attempting to get a license for feature 'Implementation' and/or device 'xc7z020'
INFO: [Common 17-349] Got license for feature 'Implementation' and/or device 'xc7z020'
INFO: [Common 17-83] Releasing license: Implementation
INFO: [DRC 23-27] Running DRC with 4 threads
INFO: [Vivado_Tcl 4-198] DRC finished with 0 Errors
INFO: [Vivado_Tcl 4-199] Please refer to the DRC report (report_drc) for more information.
Running DRC as a precondition to command place_design
INFO: [DRC 23-27] Running DRC with 4 threads
INFO: [Vivado_Tcl 4-198] DRC finished with 0 Errors
INFO: [Vivado_Tcl 4-199] Please refer to the DRC report (report_drc) for more information.
INFO: [Place 30-611] Multithreading enabled for place_design using a maximum of 4 CPUs

Starting Placer Task

Phase 1 Placer Initialization

Phase 1.1 Placer Initialization Netlist Sorting
Netlist sorting complete. Time (s): cpu = 00:00:00 ; elapsed = 00:00:00 . Memory (MB): peak = 2646.668 ; gain = 0.000 ; free physical = 2671 ; free virtual = 11859
Phase 1.1 Placer Initialization Netlist Sorting | Checksum: f3c68077

Time (s): cpu = 00:00:00.01 ; elapsed = 00:00:00.01 . Memory (MB): peak = 2646.668 ; gain = 0.000 ; free physical = 2671 ; free virtual = 11859
Netlist sorting complete. Time (s): cpu = 00:00:00 ; elapsed = 00:00:00 . Memory (MB): peak = 2646.668 ; gain = 0.000 ; free physical = 2671 ; free virtual = 11859

Phase 1.2 IO Placement/ Clock Placement/ Build Placer Device
INFO: [Timing 38-35] Done setting XDC timing constraints.
Phase 1.2 IO Placement/ Clock Placement/ Build Placer Device | Checksum: f9f82d25

Time (s): cpu = 00:00:00.88 ; elapsed = 00:00:00.74 . Memory (MB): peak = 2646.668 ; gain = 0.000 ; free physical = 2672 ; free virtual = 11851

Phase 1.3 Build Placer Netlist Model
Phase 1.3 Build Placer Netlist Model | Checksum: 1232466d1

Time (s): cpu = 00:00:02 ; elapsed = 00:00:01 . Memory (MB): peak = 2649.680 ; gain = 3.012 ; free physical = 2667 ; free virtual = 11846

Phase 1.4 Constrain Clocks/Macros
Phase 1.4 Constrain Clocks/Macros | Checksum: 1232466d1

Time (s): cpu = 00:00:02 ; elapsed = 00:00:01 . Memory (MB): peak = 2649.680 ; gain = 3.012 ; free physical = 2667 ; free virtual = 11846
Phase 1 Placer Initialization | Checksum: 1232466d1

Time (s): cpu = 00:00:02 ; elapsed = 00:00:01 . Memory (MB): peak = 2649.680 ; gain = 3.012 ; free physical = 2667 ; free virtual = 11846

Phase 2 Global Placement

Phase 2.1 Floorplanning
Phase 2.1 Floorplanning | Checksum: 1570d6145

Time (s): cpu = 00:00:02 ; elapsed = 00:00:01 . Memory (MB): peak = 2649.680 ; gain = 3.012 ; free physical = 2667 ; free virtual = 11843

Phase 2.2 Update Timing before SLR Path Opt
Phase 2.2 Update Timing before SLR Path Opt | Checksum: bbbf1ebf

Time (s): cpu = 00:00:02 ; elapsed = 00:00:02 . Memory (MB): peak = 2649.680 ; gain = 3.012 ; free physical = 2667 ; free virtual = 11843

Phase 2.3 Post-Processing in Floorplanning
Phase 2.3 Post-Processing in Floorplanning | Checksum: bbbf1ebf

Time (s): cpu = 00:00:02 ; elapsed = 00:00:02 . Memory (MB): peak = 2649.680 ; gain = 3.012 ; free physical = 2667 ; free virtual = 11843

Phase 2.4 Global Place Phase1
Phase 2.4 Global Place Phase1 | Checksum: 14d20c98d

Time (s): cpu = 00:00:04 ; elapsed = 00:00:03 . Memory (MB): peak = 2657.684 ; gain = 11.016 ; free physical = 2667 ; free virtual = 11843

Phase 2.5 Global Place Phase2

Phase 2.5.1 UpdateTiming Before Physical Synthesis
Phase 2.5.1 UpdateTiming Before Physical Synthesis | Checksum: 14d20c98d

Time (s): cpu = 00:00:04 ; elapsed = 00:00:03 . Memory (MB): peak = 2657.684 ; gain = 11.016 ; free physical = 2667 ; free virtual = 11843

Phase 2.5.2 Physical Synthesis In Placer
INFO: [Physopt 32-1035] Found 0 LUTNM shape to break, 67 LUT instances to create LUTNM shape
INFO: [Physopt 32-1044] Break lutnm for timing: one critical 0, two critical 0, total 0, new lutff created 0
INFO: [Physopt 32-1138] End 1 Pass. Optimized 19 nets or LUTs. Breaked 0 LUT, combined 19 existing LUTs and moved 0 existing LUT
INFO: [Physopt 32-65] No nets found for high-fanout optimization.
INFO: [Physopt 32-232] Optimized 0 net. Created 0 new instance.
INFO: [Physopt 32-775] End 1 Pass. Optimized 0 net or cell. Created 0 new cell, deleted 0 existing cell and moved 0 existing cell
INFO: [Physopt 32-670] No setup violation found.  DSP Register Optimization was not performed.
INFO: [Physopt 32-670] No setup violation found.  Shift Register to Pipeline Optimization was not performed.
INFO: [Physopt 32-670] No setup violation found.  Shift Register Optimization was not performed.
INFO: [Physopt 32-670] No setup violation found.  BRAM Register Optimization was not performed.
INFO: [Physopt 32-670] No setup violation found.  URAM Register Optimization was not performed.
INFO: [Physopt 32-949] No candidate nets found for dynamic/static region interface net replication
INFO: [Physopt 32-775] End 1 Pass. Optimized 0 net or cell. Created 0 new cell, deleted 0 existing cell and moved 0 existing cell
Netlist sorting complete. Time (s): cpu = 00:00:00 ; elapsed = 00:00:00 . Memory (MB): peak = 2657.684 ; gain = 0.000 ; free physical = 2667 ; free virtual = 11843

Summary of Physical Synthesis Optimizations
============================================


-----------------------------------------------------------------------------------------------------------------------------------------------------------
|  Optimization                                     |  Added Cells  |  Removed Cells  |  Optimized Cells/Nets  |  Dont Touch  |  Iterations  |  Elapsed   |
-----------------------------------------------------------------------------------------------------------------------------------------------------------
|  LUT Combining                                    |            0  |             19  |                    19  |           0  |           1  |  00:00:00  |
|  Retime                                           |            0  |              0  |                     0  |           0  |           1  |  00:00:00  |
|  Very High Fanout                                 |            0  |              0  |                     0  |           0  |           1  |  00:00:00  |
|  DSP Register                                     |            0  |              0  |                     0  |           0  |           0  |  00:00:00  |
|  Shift Register to Pipeline                       |            0  |              0  |                     0  |           0  |           0  |  00:00:00  |
|  Shift Register                                   |            0  |              0  |                     0  |           0  |           0  |  00:00:00  |
|  BRAM Register                                    |            0  |              0  |                     0  |           0  |           0  |  00:00:00  |
|  URAM Register                                    |            0  |              0  |                     0  |           0  |           0  |  00:00:00  |
|  Dynamic/Static Region Interface Net Replication  |            0  |              0  |                     0  |           0  |           1  |  00:00:00  |
|  Total                                            |            0  |             19  |                    19  |           0  |           4  |  00:00:00  |
-----------------------------------------------------------------------------------------------------------------------------------------------------------


Phase 2.5.2 Physical Synthesis In Placer | Checksum: 11221cf18

Time (s): cpu = 00:00:05 ; elapsed = 00:00:03 . Memory (MB): peak = 2657.684 ; gain = 11.016 ; free physical = 2667 ; free virtual = 11843
Phase 2.5 Global Place Phase2 | Checksum: a169b555

Time (s): cpu = 00:00:05 ; elapsed = 00:00:03 . Memory (MB): peak = 2657.684 ; gain = 11.016 ; free physical = 2667 ; free virtual = 11843
Phase 2 Global Placement | Checksum: a169b555

Time (s): cpu = 00:00:05 ; elapsed = 00:00:03 . Memory (MB): peak = 2657.684 ; gain = 11.016 ; free physical = 2667 ; free virtual = 11843

Phase 3 Detail Placement

Phase 3.1 Commit Multi Column Macros
Phase 3.1 Commit Multi Column Macros | Checksum: 69d3e26e

Time (s): cpu = 00:00:05 ; elapsed = 00:00:03 . Memory (MB): peak = 2657.684 ; gain = 11.016 ; free physical = 2667 ; free virtual = 11843

Phase 3.2 Commit Most Macros & LUTRAMs
Phase 3.2 Commit Most Macros & LUTRAMs | Checksum: b61a82b4

Time (s): cpu = 00:00:06 ; elapsed = 00:00:03 . Memory (MB): peak = 2657.684 ; gain = 11.016 ; free physical = 2667 ; free virtual = 11843

Phase 3.3 Area Swap Optimization
Phase 3.3 Area Swap Optimization | Checksum: 4dbf01b6

Time (s): cpu = 00:00:06 ; elapsed = 00:00:04 . Memory (MB): peak = 2657.684 ; gain = 11.016 ; free physical = 2667 ; free virtual = 11843

Phase 3.4 Pipeline Register Optimization
Phase 3.4 Pipeline Register Optimization | Checksum: 4a65afd1

Time (s): cpu = 00:00:06 ; elapsed = 00:00:04 . Memory (MB): peak = 2657.684 ; gain = 11.016 ; free physical = 2667 ; free virtual = 11843

Phase 3.5 Small Shape Detail Placement
Phase 3.5 Small Shape Detail Placement | Checksum: c5d8a932

Time (s): cpu = 00:00:06 ; elapsed = 00:00:04 . Memory (MB): peak = 2657.684 ; gain = 11.016 ; free physical = 2675 ; free virtual = 11849

Phase 3.6 Re-assign LUT pins
Phase 3.6 Re-assign LUT pins | Checksum: 17ac7c1f4

Time (s): cpu = 00:00:06 ; elapsed = 00:00:04 . Memory (MB): peak = 2657.684 ; gain = 11.016 ; free physical = 2675 ; free virtual = 11849

Phase 3.7 Pipeline Register Optimization
Phase 3.7 Pipeline Register Optimization | Checksum: 18f367417

Time (s): cpu = 00:00:06 ; elapsed = 00:00:04 . Memory (MB): peak = 2657.684 ; gain = 11.016 ; free physical = 2675 ; free virtual = 11849
Phase 3 Detail Placement | Checksum: 18f367417

Time (s): cpu = 00:00:06 ; elapsed = 00:00:04 . Memory (MB): peak = 2657.684 ; gain = 11.016 ; free physical = 2675 ; free virtual = 11849

Phase 4 Post Placement Optimization and Clean-Up

Phase 4.1 Post Commit Optimization
INFO: [Timing 38-35] Done setting XDC timing constraints.

Phase 4.1.1 Post Placement Optimization
Post Placement Optimization Initialization | Checksum: 1c447971b

Phase 4.1.1.1 BUFG Insertion

Starting Physical Synthesis Task

Phase 1 Physical Synthesis Initialization
INFO: [Physopt 32-721] Multithreading enabled for phys_opt_design using a maximum of 4 CPUs
INFO: [Physopt 32-619] Estimated Timing Summary | WNS=3.232 | TNS=0.000 |
Phase 1 Physical Synthesis Initialization | Checksum: 1da846204

Time (s): cpu = 00:00:00.1 ; elapsed = 00:00:00.05 . Memory (MB): peak = 2665.555 ; gain = 0.000 ; free physical = 2678 ; free virtual = 11852
INFO: [Place 46-56] BUFG insertion identified 0 candidate nets. Inserted BUFG: 0, Replicated BUFG Driver: 0, Skipped due to Placement/Routing Conflicts: 0, Skipped due to Timing Degradation: 0, Skipped due to netlist editing failed: 0.
Ending Physical Synthesis Task | Checksum: 225d5e8b4

Time (s): cpu = 00:00:00.12 ; elapsed = 00:00:00.06 . Memory (MB): peak = 2665.555 ; gain = 0.000 ; free physical = 2678 ; free virtual = 11852
Phase 4.1.1.1 BUFG Insertion | Checksum: 1c447971b

Time (s): cpu = 00:00:07 ; elapsed = 00:00:04 . Memory (MB): peak = 2665.555 ; gain = 18.887 ; free physical = 2678 ; free virtual = 11852

Phase 4.1.1.2 Post Placement Timing Optimization
INFO: [Place 30-746] Post Placement Timing Summary WNS=3.232. For the most accurate timing information please run report_timing.
Phase 4.1.1.2 Post Placement Timing Optimization | Checksum: 223a49ed7

Time (s): cpu = 00:00:07 ; elapsed = 00:00:04 . Memory (MB): peak = 2665.555 ; gain = 18.887 ; free physical = 2678 ; free virtual = 11852

Time (s): cpu = 00:00:07 ; elapsed = 00:00:04 . Memory (MB): peak = 2665.555 ; gain = 18.887 ; free physical = 2678 ; free virtual = 11852
Phase 4.1 Post Commit Optimization | Checksum: 223a49ed7

Time (s): cpu = 00:00:07 ; elapsed = 00:00:04 . Memory (MB): peak = 2665.555 ; gain = 18.887 ; free physical = 2678 ; free virtual = 11852

Phase 4.2 Post Placement Cleanup
Phase 4.2 Post Placement Cleanup | Checksum: 223a49ed7

Time (s): cpu = 00:00:07 ; elapsed = 00:00:04 . Memory (MB): peak = 2665.555 ; gain = 18.887 ; free physical = 2678 ; free virtual = 11852

Phase 4.3 Placer Reporting

Phase 4.3.1 Print Estimated Congestion
INFO: [Place 30-612] Post-Placement Estimated Congestion 
 ____________________________________________________
|           | Global Congestion | Short Congestion  |
| Direction | Region Size       | Region Size       |
|___________|___________________|___________________|
|      North|                1x1|                1x1|
|___________|___________________|___________________|
|      South|                1x1|                1x1|
|___________|___________________|___________________|
|       East|                1x1|                1x1|
|___________|___________________|___________________|
|       West|                1x1|                1x1|
|___________|___________________|___________________|

Phase 4.3.1 Print Estimated Congestion | Checksum: 223a49ed7

Time (s): cpu = 00:00:07 ; elapsed = 00:00:04 . Memory (MB): peak = 2665.555 ; gain = 18.887 ; free physical = 2678 ; free virtual = 11852
Phase 4.3 Placer Reporting | Checksum: 223a49ed7

Time (s): cpu = 00:00:07 ; elapsed = 00:00:04 . Memory (MB): peak = 2665.555 ; gain = 18.887 ; free physical = 2678 ; free virtual = 11852

Phase 4.4 Final Placement Cleanup
Netlist sorting complete. Time (s): cpu = 00:00:00 ; elapsed = 00:00:00 . Memory (MB): peak = 2665.555 ; gain = 0.000 ; free physical = 2678 ; free virtual = 11852

Time (s): cpu = 00:00:07 ; elapsed = 00:00:04 . Memory (MB): peak = 2665.555 ; gain = 18.887 ; free physical = 2678 ; free virtual = 11852
Phase 4 Post Placement Optimization and Clean-Up | Checksum: 23df30363

Time (s): cpu = 00:00:07 ; elapsed = 00:00:04 . Memory (MB): peak = 2665.555 ; gain = 18.887 ; free physical = 2678 ; free virtual = 11852
Ending Placer Task | Checksum: 148ed0786

Time (s): cpu = 00:00:07 ; elapsed = 00:00:04 . Memory (MB): peak = 2665.555 ; gain = 18.887 ; free physical = 2678 ; free virtual = 11852
76 Infos, 1 Warnings, 0 Critical Warnings and 0 Errors encountered.
place_design completed successfully
place_design: Time (s): cpu = 00:00:12 ; elapsed = 00:00:06 . Memory (MB): peak = 2665.555 ; gain = 18.887 ; free physical = 2678 ; free virtual = 11852
INFO: [Vivado 12-24838] Running report commands "report_control_sets, report_io, report_utilization" in parallel.
Running report generation with 2 threads.
INFO: [Vivado 12-24828] Executing command : report_utilization -file design_1_wrapper_utilization_placed.rpt -pb design_1_wrapper_utilization_placed.pb
INFO: [Vivado 12-24828] Executing command : report_control_sets -verbose -file design_1_wrapper_control_sets_placed.rpt
report_control_sets: Time (s): cpu = 00:00:00.06 ; elapsed = 00:00:00.07 . Memory (MB): peak = 2665.555 ; gain = 0.000 ; free physical = 2661 ; free virtual = 11835
INFO: [Vivado 12-24828] Executing command : report_io -file design_1_wrapper_io_placed.rpt
report_io: Time (s): cpu = 00:00:00.3 ; elapsed = 00:00:00.3 . Memory (MB): peak = 2665.555 ; gain = 0.000 ; free physical = 2661 ; free virtual = 11835
INFO: [Timing 38-480] Writing timing data to binary archive.
Write ShapeDB Complete: Time (s): cpu = 00:00:00.04 ; elapsed = 00:00:00.01 . Memory (MB): peak = 2671.492 ; gain = 5.938 ; free physical = 2661 ; free virtual = 11836
Wrote PlaceDB: Time (s): cpu = 00:00:00.48 ; elapsed = 00:00:00.16 . Memory (MB): peak = 2674.984 ; gain = 9.430 ; free physical = 2654 ; free virtual = 11830
Wrote PulsedLatchDB: Time (s): cpu = 00:00:00 ; elapsed = 00:00:00 . Memory (MB): peak = 2674.984 ; gain = 0.000 ; free physical = 2654 ; free virtual = 11830
Writing XDEF routing.
Writing XDEF routing logical nets.
Writing XDEF routing special nets.
Wrote RouteStorage: Time (s): cpu = 00:00:00.13 ; elapsed = 00:00:00.03 . Memory (MB): peak = 2674.984 ; gain = 0.000 ; free physical = 2650 ; free virtual = 11826
Wrote Netlist Cache: Time (s): cpu = 00:00:00.01 ; elapsed = 00:00:00 . Memory (MB): peak = 2674.984 ; gain = 0.000 ; free physical = 2650 ; free virtual = 11826
Wrote Device Cache: Time (s): cpu = 00:00:00.05 ; elapsed = 00:00:00.02 . Memory (MB): peak = 2674.984 ; gain = 0.000 ; free physical = 2650 ; free virtual = 11827
Write Physdb Complete: Time (s): cpu = 00:00:00.7 ; elapsed = 00:00:00.22 . Memory (MB): peak = 2674.984 ; gain = 9.430 ; free physical = 2650 ; free virtual = 11827
INFO: [Common 17-1381] The checkpoint '/home/carbon/kambadur/Projects/Vivado/custom_axi_lite_slv_1/custom_axi_lite_slv_1.runs/impl_1/design_1_wrapper_placed.dcp' has been generated.
Command: phys_opt_design
Attempting to get a license for feature 'Implementation' and/or device 'xc7z020'
INFO: [Common 17-349] Got license for feature 'Implementation' and/or device 'xc7z020'

Starting Initial Update Timing Task

Time (s): cpu = 00:00:00.44 ; elapsed = 00:00:00.17 . Memory (MB): peak = 2674.984 ; gain = 0.000 ; free physical = 2634 ; free virtual = 11823
INFO: [Vivado_Tcl 4-2279] Estimated Timing Summary | WNS= 3.232 | TNS= 0.000 | 
INFO: [Vivado_Tcl 4-383] Design worst setup slack (WNS) is greater than or equal to 0.000 ns. All physical synthesis setup optimizations will be skipped.
INFO: [Vivado_Tcl 4-232] No setup violation found. The netlist was not modified.
INFO: [Common 17-83] Releasing license: Implementation
87 Infos, 1 Warnings, 0 Critical Warnings and 0 Errors encountered.
phys_opt_design completed successfully
INFO: [Timing 38-480] Writing timing data to binary archive.
Write ShapeDB Complete: Time (s): cpu = 00:00:00.04 ; elapsed = 00:00:00.01 . Memory (MB): peak = 2689.828 ; gain = 8.906 ; free physical = 2634 ; free virtual = 11824
Wrote PlaceDB: Time (s): cpu = 00:00:00.43 ; elapsed = 00:00:00.13 . Memory (MB): peak = 2693.320 ; gain = 12.398 ; free physical = 2632 ; free virtual = 11823
Wrote PulsedLatchDB: Time (s): cpu = 00:00:00 ; elapsed = 00:00:00 . Memory (MB): peak = 2693.320 ; gain = 0.000 ; free physical = 2632 ; free virtual = 11823
Writing XDEF routing.
Writing XDEF routing logical nets.
Writing XDEF routing special nets.
Wrote RouteStorage: Time (s): cpu = 00:00:00.14 ; elapsed = 00:00:00.03 . Memory (MB): peak = 2693.320 ; gain = 0.000 ; free physical = 2632 ; free virtual = 11824
Wrote Netlist Cache: Time (s): cpu = 00:00:00.01 ; elapsed = 00:00:00.01 . Memory (MB): peak = 2693.320 ; gain = 0.000 ; free physical = 2632 ; free virtual = 11824
Wrote Device Cache: Time (s): cpu = 00:00:00.06 ; elapsed = 00:00:00.02 . Memory (MB): peak = 2693.320 ; gain = 0.000 ; free physical = 2630 ; free virtual = 11822
Write Physdb Complete: Time (s): cpu = 00:00:00.68 ; elapsed = 00:00:00.19 . Memory (MB): peak = 2693.320 ; gain = 12.398 ; free physical = 2630 ; free virtual = 11823
INFO: [Common 17-1381] The checkpoint '/home/carbon/kambadur/Projects/Vivado/custom_axi_lite_slv_1/custom_axi_lite_slv_1.runs/impl_1/design_1_wrapper_physopt.dcp' has been generated.
Command: route_design
Attempting to get a license for feature 'Implementation' and/or device 'xc7z020'
INFO: [Common 17-349] Got license for feature 'Implementation' and/or device 'xc7z020'


Starting Routing Task
INFO: [Route 35-254] Multithreading enabled for route_design using a maximum of 4 CPUs

Phase 1 Build RT Design
Checksum: PlaceDB: cb0107e1 ConstDB: 0 ShapeSum: 67f28cb5 RouteDB: 15f972f0
Post Restoration Checksum: NetGraph: 94dd373b | NumContArr: 3b552088 | Constraints: c2a8fa9d | Timing: c2a8fa9d
Phase 1 Build RT Design | Checksum: 255844cfd

Time (s): cpu = 00:00:30 ; elapsed = 00:00:25 . Memory (MB): peak = 2802.281 ; gain = 108.961 ; free physical = 2487 ; free virtual = 11665

Phase 2 Router Initialization

Phase 2.1 Fix Topology Constraints
Phase 2.1 Fix Topology Constraints | Checksum: 255844cfd

Time (s): cpu = 00:00:30 ; elapsed = 00:00:25 . Memory (MB): peak = 2802.281 ; gain = 108.961 ; free physical = 2487 ; free virtual = 11665

Phase 2.2 Pre Route Cleanup
Phase 2.2 Pre Route Cleanup | Checksum: 255844cfd

Time (s): cpu = 00:00:30 ; elapsed = 00:00:25 . Memory (MB): peak = 2802.281 ; gain = 108.961 ; free physical = 2487 ; free virtual = 11665
 Number of Nodes with overlaps = 0

Phase 2.3 Update Timing
Phase 2.3 Update Timing | Checksum: 31c1c1925

Time (s): cpu = 00:00:31 ; elapsed = 00:00:25 . Memory (MB): peak = 2842.078 ; gain = 148.758 ; free physical = 2460 ; free virtual = 11638
INFO: [Route 35-416] Intermediate Timing Summary | WNS=3.131  | TNS=0.000  | WHS=-0.146 | THS=-15.658|


Router Utilization Summary
  Global Vertical Routing Utilization    = 0 %
  Global Horizontal Routing Utilization  = 0 %
  Routable Net Status*
  *Does not include unroutable nets such as driverless and loadless.
  Run report_route_status for detailed report.
  Number of Failed Nets               = 1178
    (Failed Nets is the sum of unrouted and partially routed nets)
  Number of Unrouted Nets             = 1178
  Number of Partially Routed Nets     = 0
  Number of Node Overlaps             = 0

Phase 2 Router Initialization | Checksum: 3307cd93f

Time (s): cpu = 00:00:32 ; elapsed = 00:00:26 . Memory (MB): peak = 2842.078 ; gain = 148.758 ; free physical = 2460 ; free virtual = 11638

Phase 3 Global Routing
Phase 3 Global Routing | Checksum: 3307cd93f

Time (s): cpu = 00:00:32 ; elapsed = 00:00:26 . Memory (MB): peak = 2842.078 ; gain = 148.758 ; free physical = 2460 ; free virtual = 11638

Phase 4 Initial Routing

Phase 4.1 Initial Net Routing Pass
Phase 4.1 Initial Net Routing Pass | Checksum: 1c9e5a1b6

Time (s): cpu = 00:00:32 ; elapsed = 00:00:26 . Memory (MB): peak = 2842.078 ; gain = 148.758 ; free physical = 2460 ; free virtual = 11638
Phase 4 Initial Routing | Checksum: 1c9e5a1b6

Time (s): cpu = 00:00:32 ; elapsed = 00:00:26 . Memory (MB): peak = 2842.078 ; gain = 148.758 ; free physical = 2460 ; free virtual = 11638

Phase 5 Rip-up And Reroute

Phase 5.1 Global Iteration 0
 Number of Nodes with overlaps = 57
 Number of Nodes with overlaps = 4
 Number of Nodes with overlaps = 0
INFO: [Route 35-416] Intermediate Timing Summary | WNS=3.402  | TNS=0.000  | WHS=N/A    | THS=N/A    |

Phase 5.1 Global Iteration 0 | Checksum: 205b065a4

Time (s): cpu = 00:00:33 ; elapsed = 00:00:26 . Memory (MB): peak = 2842.078 ; gain = 148.758 ; free physical = 2460 ; free virtual = 11638

Phase 5.2 Global Iteration 1
 Number of Nodes with overlaps = 0
INFO: [Route 35-416] Intermediate Timing Summary | WNS=3.402  | TNS=0.000  | WHS=N/A    | THS=N/A    |

Phase 5.2 Global Iteration 1 | Checksum: 22f733113

Time (s): cpu = 00:00:33 ; elapsed = 00:00:26 . Memory (MB): peak = 2842.078 ; gain = 148.758 ; free physical = 2460 ; free virtual = 11638
Phase 5 Rip-up And Reroute | Checksum: 22f733113

Time (s): cpu = 00:00:33 ; elapsed = 00:00:26 . Memory (MB): peak = 2842.078 ; gain = 148.758 ; free physical = 2460 ; free virtual = 11638

Phase 6 Delay and Skew Optimization

Phase 6.1 Delay CleanUp
Phase 6.1 Delay CleanUp | Checksum: 22f733113

Time (s): cpu = 00:00:33 ; elapsed = 00:00:26 . Memory (MB): peak = 2842.078 ; gain = 148.758 ; free physical = 2460 ; free virtual = 11638

Phase 6.2 Clock Skew Optimization
Phase 6.2 Clock Skew Optimization | Checksum: 22f733113

Time (s): cpu = 00:00:33 ; elapsed = 00:00:26 . Memory (MB): peak = 2842.078 ; gain = 148.758 ; free physical = 2460 ; free virtual = 11638
Phase 6 Delay and Skew Optimization | Checksum: 22f733113

Time (s): cpu = 00:00:33 ; elapsed = 00:00:26 . Memory (MB): peak = 2842.078 ; gain = 148.758 ; free physical = 2460 ; free virtual = 11638

Phase 7 Post Hold Fix

Phase 7.1 Hold Fix Iter
INFO: [Route 35-416] Intermediate Timing Summary | WNS=3.552  | TNS=0.000  | WHS=0.081  | THS=0.000  |

Phase 7.1 Hold Fix Iter | Checksum: 1b70bc541

Time (s): cpu = 00:00:33 ; elapsed = 00:00:26 . Memory (MB): peak = 2842.078 ; gain = 148.758 ; free physical = 2460 ; free virtual = 11638
Phase 7 Post Hold Fix | Checksum: 1b70bc541

Time (s): cpu = 00:00:33 ; elapsed = 00:00:26 . Memory (MB): peak = 2842.078 ; gain = 148.758 ; free physical = 2460 ; free virtual = 11638

Phase 8 Route finalize

Router Utilization Summary
  Global Vertical Routing Utilization    = 0.109868 %
  Global Horizontal Routing Utilization  = 0.13193 %
  Routable Net Status*
  *Does not include unroutable nets such as driverless and loadless.
  Run report_route_status for detailed report.
  Number of Failed Nets               = 0
    (Failed Nets is the sum of unrouted and partially routed nets)
  Number of Unrouted Nets             = 0
  Number of Partially Routed Nets     = 0
  Number of Node Overlaps             = 0

Phase 8 Route finalize | Checksum: 1b70bc541

Time (s): cpu = 00:00:34 ; elapsed = 00:00:26 . Memory (MB): peak = 2842.078 ; gain = 148.758 ; free physical = 2460 ; free virtual = 11638

Phase 9 Verifying routed nets

 Verification completed successfully
Phase 9 Verifying routed nets | Checksum: 1b70bc541

Time (s): cpu = 00:00:34 ; elapsed = 00:00:27 . Memory (MB): peak = 2842.078 ; gain = 148.758 ; free physical = 2460 ; free virtual = 11638

Phase 10 Depositing Routes
Phase 10 Depositing Routes | Checksum: 1df9c1b17

Time (s): cpu = 00:00:34 ; elapsed = 00:00:27 . Memory (MB): peak = 2842.078 ; gain = 148.758 ; free physical = 2460 ; free virtual = 11638

Phase 11 Post Process Routing
Phase 11 Post Process Routing | Checksum: 1df9c1b17

Time (s): cpu = 00:00:34 ; elapsed = 00:00:27 . Memory (MB): peak = 2842.078 ; gain = 148.758 ; free physical = 2460 ; free virtual = 11638

Phase 12 Post Router Timing
INFO: [Route 35-57] Estimated Timing Summary | WNS=3.552  | TNS=0.000  | WHS=0.081  | THS=0.000  |

INFO: [Route 35-327] The final timing numbers are based on the router estimated timing analysis. For a complete and accurate timing signoff, please run report_timing_summary.
Phase 12 Post Router Timing | Checksum: 1df9c1b17

Time (s): cpu = 00:00:34 ; elapsed = 00:00:27 . Memory (MB): peak = 2842.078 ; gain = 148.758 ; free physical = 2460 ; free virtual = 11638
Total Elapsed time in route_design: 26.59 secs

Phase 13 Post-Route Event Processing
Phase 13 Post-Route Event Processing | Checksum: 1a10be210

Time (s): cpu = 00:00:34 ; elapsed = 00:00:27 . Memory (MB): peak = 2842.078 ; gain = 148.758 ; free physical = 2460 ; free virtual = 11638
INFO: [Route 35-16] Router Completed Successfully
Ending Routing Task | Checksum: 1a10be210

Time (s): cpu = 00:00:34 ; elapsed = 00:00:27 . Memory (MB): peak = 2842.078 ; gain = 148.758 ; free physical = 2460 ; free virtual = 11638

Routing Is Done.
INFO: [Common 17-83] Releasing license: Implementation
99 Infos, 1 Warnings, 0 Critical Warnings and 0 Errors encountered.
route_design completed successfully
route_design: Time (s): cpu = 00:00:34 ; elapsed = 00:00:27 . Memory (MB): peak = 2842.078 ; gain = 148.758 ; free physical = 2460 ; free virtual = 11638
INFO: [Vivado 12-24828] Executing command : report_drc -file design_1_wrapper_drc_routed.rpt -pb design_1_wrapper_drc_routed.pb -rpx design_1_wrapper_drc_routed.rpx
Command: report_drc -file design_1_wrapper_drc_routed.rpt -pb design_1_wrapper_drc_routed.pb -rpx design_1_wrapper_drc_routed.rpx
INFO: [IP_Flow 19-1839] IP Catalog is up to date.
INFO: [DRC 23-27] Running DRC with 4 threads
INFO: [Vivado_Tcl 2-168] The results of DRC are in file /home/carbon/kambadur/Projects/Vivado/custom_axi_lite_slv_1/custom_axi_lite_slv_1.runs/impl_1/design_1_wrapper_drc_routed.rpt.
report_drc completed successfully
INFO: [Vivado 12-24828] Executing command : report_methodology -file design_1_wrapper_methodology_drc_routed.rpt -pb design_1_wrapper_methodology_drc_routed.pb -rpx design_1_wrapper_methodology_drc_routed.rpx
Command: report_methodology -file design_1_wrapper_methodology_drc_routed.rpt -pb design_1_wrapper_methodology_drc_routed.pb -rpx design_1_wrapper_methodology_drc_routed.rpx
INFO: [Timing 38-35] Done setting XDC timing constraints.
INFO: [DRC 23-133] Running Methodology with 4 threads
INFO: [Vivado_Tcl 2-1520] The results of Report Methodology are in file /home/carbon/kambadur/Projects/Vivado/custom_axi_lite_slv_1/custom_axi_lite_slv_1.runs/impl_1/design_1_wrapper_methodology_drc_routed.rpt.
report_methodology completed successfully
INFO: [Vivado 12-24828] Executing command : report_timing_summary -max_paths 10 -report_unconstrained -file design_1_wrapper_timing_summary_routed.rpt -pb design_1_wrapper_timing_summary_routed.pb -rpx design_1_wrapper_timing_summary_routed.rpx -warn_on_violation 
INFO: [Timing 38-35] Done setting XDC timing constraints.
INFO: [Timing 38-91] UpdateTimingParams: Speed grade: -1, Delay Type: min_max.
INFO: [Timing 38-191] Multithreading enabled for timing update using a maximum of 4 CPUs
INFO: [Vivado 12-24838] Running report commands "report_bus_skew, report_incremental_reuse, report_route_status" in parallel.
Running report generation with 2 threads.
INFO: [Vivado 12-24828] Executing command : report_route_status -file design_1_wrapper_route_status.rpt -pb design_1_wrapper_route_status.pb
INFO: [Vivado 12-24828] Executing command : report_incremental_reuse -file design_1_wrapper_incremental_reuse_routed.rpt
INFO: [Vivado_Tcl 4-1062] Incremental flow is disabled. No incremental reuse Info to report.
INFO: [Vivado 12-24828] Executing command : report_bus_skew -warn_on_violation -file design_1_wrapper_bus_skew_routed.rpt -pb design_1_wrapper_bus_skew_routed.pb -rpx design_1_wrapper_bus_skew_routed.rpx
INFO: [Timing 38-91] UpdateTimingParams: Speed grade: -1, Delay Type: min_max.
INFO: [Timing 38-191] Multithreading enabled for timing update using a maximum of 4 CPUs
INFO: [Vivado 12-24828] Executing command : report_power -file design_1_wrapper_power_routed.rpt -pb design_1_wrapper_power_summary_routed.pb -rpx design_1_wrapper_power_routed.rpx
Command: report_power -file design_1_wrapper_power_routed.rpt -pb design_1_wrapper_power_summary_routed.pb -rpx design_1_wrapper_power_routed.rpx
Running Vector-less Activity Propagation...

Finished Running Vector-less Activity Propagation
119 Infos, 1 Warnings, 0 Critical Warnings and 0 Errors encountered.
report_power completed successfully
INFO: [Vivado 12-24828] Executing command : report_clock_utilization -file design_1_wrapper_clock_utilization_routed.rpt
generate_parallel_reports: Time (s): cpu = 00:00:23 ; elapsed = 00:00:08 . Memory (MB): peak = 2933.367 ; gain = 91.289 ; free physical = 2362 ; free virtual = 11540
INFO: [Timing 38-480] Writing timing data to binary archive.
Write ShapeDB Complete: Time (s): cpu = 00:00:00.05 ; elapsed = 00:00:00.01 . Memory (MB): peak = 2933.367 ; gain = 0.000 ; free physical = 2361 ; free virtual = 11541
Wrote PlaceDB: Time (s): cpu = 00:00:00.42 ; elapsed = 00:00:00.12 . Memory (MB): peak = 2933.367 ; gain = 0.000 ; free physical = 2358 ; free virtual = 11539
Wrote PulsedLatchDB: Time (s): cpu = 00:00:00 ; elapsed = 00:00:00 . Memory (MB): peak = 2933.367 ; gain = 0.000 ; free physical = 2358 ; free virtual = 11539
Writing XDEF routing.
Writing XDEF routing logical nets.
Writing XDEF routing special nets.
Wrote RouteStorage: Time (s): cpu = 00:00:00.18 ; elapsed = 00:00:00.06 . Memory (MB): peak = 2933.367 ; gain = 0.000 ; free physical = 2358 ; free virtual = 11539
Wrote Netlist Cache: Time (s): cpu = 00:00:00 ; elapsed = 00:00:00 . Memory (MB): peak = 2933.367 ; gain = 0.000 ; free physical = 2358 ; free virtual = 11539
Wrote Device Cache: Time (s): cpu = 00:00:00.05 ; elapsed = 00:00:00.02 . Memory (MB): peak = 2933.367 ; gain = 0.000 ; free physical = 2356 ; free virtual = 11538
Write Physdb Complete: Time (s): cpu = 00:00:00.67 ; elapsed = 00:00:00.2 . Memory (MB): peak = 2933.367 ; gain = 0.000 ; free physical = 2356 ; free virtual = 11538
INFO: [Common 17-1381] The checkpoint '/home/carbon/kambadur/Projects/Vivado/custom_axi_lite_slv_1/custom_axi_lite_slv_1.runs/impl_1/design_1_wrapper_routed.dcp' has been generated.
Command: write_bitstream -force design_1_wrapper.bit
Attempting to get a license for feature 'Implementation' and/or device 'xc7z020'
INFO: [Common 17-349] Got license for feature 'Implementation' and/or device 'xc7z020'
Running DRC as a precondition to command write_bitstream
INFO: [IP_Flow 19-1839] IP Catalog is up to date.
INFO: [DRC 23-27] Running DRC with 4 threads
INFO: [Vivado 12-3199] DRC finished with 0 Errors
INFO: [Vivado 12-3200] Please refer to the DRC report (report_drc) for more information.
INFO: [Designutils 20-2272] Running write_bitstream with 4 threads.
Loading data files...
Loading site data...
Loading route data...
Processing options...
Creating bitmap...
Creating bitstream...
Writing bitstream ./design_1_wrapper.bit...
INFO: [Vivado 12-1842] Bitgen Completed Successfully.
INFO: [Project 1-1876] WebTalk data collection is mandatory when using a ULT device. To see the specific WebTalk data collected for your design, open the usage_statistics_webtalk.html or usage_statistics_webtalk.xml file in the implementation directory.
INFO: [Common 17-83] Releasing license: Implementation
131 Infos, 1 Warnings, 0 Critical Warnings and 0 Errors encountered.
write_bitstream completed successfully
write_bitstream: Time (s): cpu = 00:00:22 ; elapsed = 00:00:22 . Memory (MB): peak = 3280.773 ; gain = 347.406 ; free physical = 2040 ; free virtual = 11224
INFO: [Common 17-206] Exiting Vivado at Sat Nov  1 22:20:09 2025...
